Command line invocation:
    /Applications/Xcode-beta.app/Contents/Developer/usr/bin/xcodebuild -workspace BooksTracker.xcworkspace -scheme BooksTracker -destination "platform=iOS Simulator,name=iPhone 17 Pro,OS=26.2" build

Resolve Package Graph


Resolved source packages:
  BooksTrackerFeature: /Users/juju/dev_repos/books-v3/BooksTrackerPackage

ComputePackagePrebuildTargetDependencyGraph

Prepare packages

CreateBuildRequest

SendProjectDescription

CreateBuildOperation

ComputeTargetDependencyGraph
note: Building targets in dependency order
note: Target dependency graph (4 targets)
    Target 'BooksTracker' in project 'BooksTracker'
        ➜ Explicit dependency on target 'BooksTrackerWidgetsExtension' in project 'BooksTracker'
        ➜ Explicit dependency on target 'BooksTrackerFeature' in project 'BooksTrackerFeature'
    Target 'BooksTrackerWidgetsExtension' in project 'BooksTracker'
        ➜ Explicit dependency on target 'BooksTrackerFeature' in project 'BooksTrackerFeature'
    Target 'BooksTrackerFeature' in project 'BooksTrackerFeature'
        ➜ Explicit dependency on target 'BooksTrackerFeature' in project 'BooksTrackerFeature'
    Target 'BooksTrackerFeature' in project 'BooksTrackerFeature' (no dependencies)

GatherProvisioningInputs

CreateBuildDescription

ExecuteExternalTool /Applications/Xcode-beta.app/Contents/Developer/Toolchains/XcodeDefault.xctoolchain/usr/bin/clang -v -E -dM -isysroot /Applications/Xcode-beta.app/Contents/Developer/Platforms/iPhoneSimulator.platform/Developer/SDKs/iPhoneSimulator26.2.sdk -x c -c /dev/null

ExecuteExternalTool /Applications/Xcode-beta.app/Contents/Developer/usr/bin/actool --version --output-format xml1

ExecuteExternalTool /Applications/Xcode-beta.app/Contents/Developer/usr/bin/actool --print-asset-tag-combinations --output-format xml1 /Users/juju/dev_repos/books-v3/BooksTracker/Assets.xcassets

ExecuteExternalTool /Applications/Xcode-beta.app/Contents/Developer/Toolchains/XcodeDefault.xctoolchain/usr/bin/swiftc --version

ExecuteExternalTool /Applications/Xcode-beta.app/Contents/Developer/Toolchains/XcodeDefault.xctoolchain/usr/bin/ld -version_details

Build description signature: c6ec61d40dd0ada367875293a83023d5
Build description path: /Users/juju/Library/Developer/Xcode/DerivedData/BooksTracker-hddtlywllmxtttafxzxcekilxubt/Build/Intermediates.noindex/XCBuildData/c6ec61d40dd0ada367875293a83023d5.xcbuilddata
ClangStatCache /Applications/Xcode-beta.app/Contents/Developer/Toolchains/XcodeDefault.xctoolchain/usr/bin/clang-stat-cache /Applications/Xcode-beta.app/Contents/Developer/Platforms/iPhoneSimulator.platform/Developer/SDKs/iPhoneSimulator26.2.sdk /Users/juju/Library/Developer/Xcode/DerivedData/SDKStatCaches.noindex/iphonesimulator26.2-23C5044a-c6bb09c85eeb1a59968f08cee6a58242.sdkstatcache
    cd /Users/juju/dev_repos/books-v3
    /Applications/Xcode-beta.app/Contents/Developer/Toolchains/XcodeDefault.xctoolchain/usr/bin/clang-stat-cache /Applications/Xcode-beta.app/Contents/Developer/Platforms/iPhoneSimulator.platform/Developer/SDKs/iPhoneSimulator26.2.sdk -o /Users/juju/Library/Developer/Xcode/DerivedData/SDKStatCaches.noindex/iphonesimulator26.2-23C5044a-c6bb09c85eeb1a59968f08cee6a58242.sdkstatcache

CreateBuildDirectory /Users/juju/Library/Developer/Xcode/DerivedData/BooksTracker-hddtlywllmxtttafxzxcekilxubt/Build/Products/Debug-iphonesimulator
    cd /Users/juju/dev_repos/books-v3
    builtin-create-build-directory /Users/juju/Library/Developer/Xcode/DerivedData/BooksTracker-hddtlywllmxtttafxzxcekilxubt/Build/Products/Debug-iphonesimulator

CreateBuildDirectory /Users/juju/Library/Developer/Xcode/DerivedData/BooksTracker-hddtlywllmxtttafxzxcekilxubt/Build/Intermediates.noindex/EagerLinkingTBDs/Debug-iphonesimulator
    cd /Users/juju/dev_repos/books-v3
    builtin-create-build-directory /Users/juju/Library/Developer/Xcode/DerivedData/BooksTracker-hddtlywllmxtttafxzxcekilxubt/Build/Intermediates.noindex/EagerLinkingTBDs/Debug-iphonesimulator

WriteAuxiliaryFile /Users/juju/Library/Developer/Xcode/DerivedData/BooksTracker-hddtlywllmxtttafxzxcekilxubt/Build/Intermediates.noindex/BooksTracker.build/Debug-iphonesimulator/BooksTracker-12e420f7efb496521556679497584161-VFS-iphonesimulator/all-product-headers.yaml
    cd /Users/juju/dev_repos/books-v3
    write-file /Users/juju/Library/Developer/Xcode/DerivedData/BooksTracker-hddtlywllmxtttafxzxcekilxubt/Build/Intermediates.noindex/BooksTracker.build/Debug-iphonesimulator/BooksTracker-12e420f7efb496521556679497584161-VFS-iphonesimulator/all-product-headers.yaml

CreateBuildDirectory /Users/juju/Library/Developer/Xcode/DerivedData/BooksTracker-hddtlywllmxtttafxzxcekilxubt/Build/Products/Debug-iphonesimulator/PackageFrameworks
    cd /Users/juju/dev_repos/books-v3
    builtin-create-build-directory /Users/juju/Library/Developer/Xcode/DerivedData/BooksTracker-hddtlywllmxtttafxzxcekilxubt/Build/Products/Debug-iphonesimulator/PackageFrameworks

WriteAuxiliaryFile /Users/juju/Library/Developer/Xcode/DerivedData/BooksTracker-hddtlywllmxtttafxzxcekilxubt/Build/Intermediates.noindex/BooksTracker.build/Debug-iphonesimulator/BooksTrackerWidgetsExtension.build/BooksTrackerWidgetsExtension-project-headers.hmap (in target 'BooksTrackerWidgetsExtension' from project 'BooksTracker')
    cd /Users/juju/dev_repos/books-v3
    write-file /Users/juju/Library/Developer/Xcode/DerivedData/BooksTracker-hddtlywllmxtttafxzxcekilxubt/Build/Intermediates.noindex/BooksTracker.build/Debug-iphonesimulator/BooksTrackerWidgetsExtension.build/BooksTrackerWidgetsExtension-project-headers.hmap

WriteAuxiliaryFile /Users/juju/Library/Developer/Xcode/DerivedData/BooksTracker-hddtlywllmxtttafxzxcekilxubt/Build/Intermediates.noindex/BooksTracker.build/Debug-iphonesimulator/BooksTrackerWidgetsExtension.build/BooksTrackerWidgetsExtension-own-target-headers.hmap (in target 'BooksTrackerWidgetsExtension' from project 'BooksTracker')
    cd /Users/juju/dev_repos/books-v3
    write-file /Users/juju/Library/Developer/Xcode/DerivedData/BooksTracker-hddtlywllmxtttafxzxcekilxubt/Build/Intermediates.noindex/BooksTracker.build/Debug-iphonesimulator/BooksTrackerWidgetsExtension.build/BooksTrackerWidgetsExtension-own-target-headers.hmap

WriteAuxiliaryFile /Users/juju/Library/Developer/Xcode/DerivedData/BooksTracker-hddtlywllmxtttafxzxcekilxubt/Build/Intermediates.noindex/BooksTracker.build/Debug-iphonesimulator/BooksTrackerWidgetsExtension.build/BooksTrackerWidgetsExtension-all-target-headers.hmap (in target 'BooksTrackerWidgetsExtension' from project 'BooksTracker')
    cd /Users/juju/dev_repos/books-v3
    write-file /Users/juju/Library/Developer/Xcode/DerivedData/BooksTracker-hddtlywllmxtttafxzxcekilxubt/Build/Intermediates.noindex/BooksTracker.build/Debug-iphonesimulator/BooksTrackerWidgetsExtension.build/BooksTrackerWidgetsExtension-all-target-headers.hmap

WriteAuxiliaryFile /Users/juju/Library/Developer/Xcode/DerivedData/BooksTracker-hddtlywllmxtttafxzxcekilxubt/Build/Intermediates.noindex/BooksTracker.build/Debug-iphonesimulator/BooksTrackerWidgetsExtension.build/BooksTrackerWidgetsExtension-all-non-framework-target-headers.hmap (in target 'BooksTrackerWidgetsExtension' from project 'BooksTracker')
    cd /Users/juju/dev_repos/books-v3
    write-file /Users/juju/Library/Developer/Xcode/DerivedData/BooksTracker-hddtlywllmxtttafxzxcekilxubt/Build/Intermediates.noindex/BooksTracker.build/Debug-iphonesimulator/BooksTrackerWidgetsExtension.build/BooksTrackerWidgetsExtension-all-non-framework-target-headers.hmap

WriteAuxiliaryFile /Users/juju/Library/Developer/Xcode/DerivedData/BooksTracker-hddtlywllmxtttafxzxcekilxubt/Build/Intermediates.noindex/BooksTracker.build/Debug-iphonesimulator/BooksTrackerWidgetsExtension.build/BooksTrackerWidgetsExtension.hmap (in target 'BooksTrackerWidgetsExtension' from project 'BooksTracker')
    cd /Users/juju/dev_repos/books-v3
    write-file /Users/juju/Library/Developer/Xcode/DerivedData/BooksTracker-hddtlywllmxtttafxzxcekilxubt/Build/Intermediates.noindex/BooksTracker.build/Debug-iphonesimulator/BooksTrackerWidgetsExtension.build/BooksTrackerWidgetsExtension.hmap

WriteAuxiliaryFile /Users/juju/Library/Developer/Xcode/DerivedData/BooksTracker-hddtlywllmxtttafxzxcekilxubt/Build/Intermediates.noindex/BooksTracker.build/Debug-iphonesimulator/BooksTrackerWidgetsExtension.build/DerivedSources/Entitlements-Simulated.plist (in target 'BooksTrackerWidgetsExtension' from project 'BooksTracker')
    cd /Users/juju/dev_repos/books-v3
    write-file /Users/juju/Library/Developer/Xcode/DerivedData/BooksTracker-hddtlywllmxtttafxzxcekilxubt/Build/Intermediates.noindex/BooksTracker.build/Debug-iphonesimulator/BooksTrackerWidgetsExtension.build/DerivedSources/Entitlements-Simulated.plist

WriteAuxiliaryFile /Users/juju/Library/Developer/Xcode/DerivedData/BooksTracker-hddtlywllmxtttafxzxcekilxubt/Build/Intermediates.noindex/BooksTracker.build/Debug-iphonesimulator/BooksTrackerWidgetsExtension.build/Objects-normal/arm64/BooksTrackerWidgetsExtension.SwiftFileList (in target 'BooksTrackerWidgetsExtension' from project 'BooksTracker')
    cd /Users/juju/dev_repos/books-v3
    write-file /Users/juju/Library/Developer/Xcode/DerivedData/BooksTracker-hddtlywllmxtttafxzxcekilxubt/Build/Intermediates.noindex/BooksTracker.build/Debug-iphonesimulator/BooksTrackerWidgetsExtension.build/Objects-normal/arm64/BooksTrackerWidgetsExtension.SwiftFileList

WriteAuxiliaryFile /Users/juju/Library/Developer/Xcode/DerivedData/BooksTracker-hddtlywllmxtttafxzxcekilxubt/Build/Intermediates.noindex/BooksTracker.build/Debug-iphonesimulator/BooksTrackerWidgetsExtension.build/Objects-normal/arm64/BooksTrackerWidgetsExtension_const_extract_protocols.json (in target 'BooksTrackerWidgetsExtension' from project 'BooksTracker')
    cd /Users/juju/dev_repos/books-v3
    write-file /Users/juju/Library/Developer/Xcode/DerivedData/BooksTracker-hddtlywllmxtttafxzxcekilxubt/Build/Intermediates.noindex/BooksTracker.build/Debug-iphonesimulator/BooksTrackerWidgetsExtension.build/Objects-normal/arm64/BooksTrackerWidgetsExtension_const_extract_protocols.json

WriteAuxiliaryFile /Users/juju/Library/Developer/Xcode/DerivedData/BooksTracker-hddtlywllmxtttafxzxcekilxubt/Build/Intermediates.noindex/BooksTracker.build/Debug-iphonesimulator/BooksTrackerWidgetsExtension.build/Objects-normal/arm64/BooksTrackerWidgetsExtension.SwiftConstValuesFileList (in target 'BooksTrackerWidgetsExtension' from project 'BooksTracker')
    cd /Users/juju/dev_repos/books-v3
    write-file /Users/juju/Library/Developer/Xcode/DerivedData/BooksTracker-hddtlywllmxtttafxzxcekilxubt/Build/Intermediates.noindex/BooksTracker.build/Debug-iphonesimulator/BooksTrackerWidgetsExtension.build/Objects-normal/arm64/BooksTrackerWidgetsExtension.SwiftConstValuesFileList

WriteAuxiliaryFile /Users/juju/Library/Developer/Xcode/DerivedData/BooksTracker-hddtlywllmxtttafxzxcekilxubt/Build/Intermediates.noindex/BooksTracker.build/Debug-iphonesimulator/BooksTrackerWidgetsExtension.build/Objects-normal/arm64/BooksTrackerWidgetsExtension.LinkFileList (in target 'BooksTrackerWidgetsExtension' from project 'BooksTracker')
    cd /Users/juju/dev_repos/books-v3
    write-file /Users/juju/Library/Developer/Xcode/DerivedData/BooksTracker-hddtlywllmxtttafxzxcekilxubt/Build/Intermediates.noindex/BooksTracker.build/Debug-iphonesimulator/BooksTrackerWidgetsExtension.build/Objects-normal/arm64/BooksTrackerWidgetsExtension.LinkFileList

WriteAuxiliaryFile /Users/juju/Library/Developer/Xcode/DerivedData/BooksTracker-hddtlywllmxtttafxzxcekilxubt/Build/Intermediates.noindex/BooksTracker.build/Debug-iphonesimulator/BooksTrackerWidgetsExtension.build/Objects-normal/arm64/BooksTrackerWidgetsExtension-OutputFileMap.json (in target 'BooksTrackerWidgetsExtension' from project 'BooksTracker')
    cd /Users/juju/dev_repos/books-v3
    write-file /Users/juju/Library/Developer/Xcode/DerivedData/BooksTracker-hddtlywllmxtttafxzxcekilxubt/Build/Intermediates.noindex/BooksTracker.build/Debug-iphonesimulator/BooksTrackerWidgetsExtension.build/Objects-normal/arm64/BooksTrackerWidgetsExtension-OutputFileMap.json

WriteAuxiliaryFile /Users/juju/Library/Developer/Xcode/DerivedData/BooksTracker-hddtlywllmxtttafxzxcekilxubt/Build/Intermediates.noindex/BooksTracker.build/Debug-iphonesimulator/BooksTrackerWidgetsExtension.build/BooksTrackerWidgetsExtension.DependencyStaticMetadataFileList (in target 'BooksTrackerWidgetsExtension' from project 'BooksTracker')
    cd /Users/juju/dev_repos/books-v3
    write-file /Users/juju/Library/Developer/Xcode/DerivedData/BooksTracker-hddtlywllmxtttafxzxcekilxubt/Build/Intermediates.noindex/BooksTracker.build/Debug-iphonesimulator/BooksTrackerWidgetsExtension.build/BooksTrackerWidgetsExtension.DependencyStaticMetadataFileList

WriteAuxiliaryFile /Users/juju/Library/Developer/Xcode/DerivedData/BooksTracker-hddtlywllmxtttafxzxcekilxubt/Build/Intermediates.noindex/BooksTracker.build/Debug-iphonesimulator/BooksTrackerWidgetsExtension.build/BooksTrackerWidgetsExtension.DependencyMetadataFileList (in target 'BooksTrackerWidgetsExtension' from project 'BooksTracker')
    cd /Users/juju/dev_repos/books-v3
    write-file /Users/juju/Library/Developer/Xcode/DerivedData/BooksTracker-hddtlywllmxtttafxzxcekilxubt/Build/Intermediates.noindex/BooksTracker.build/Debug-iphonesimulator/BooksTrackerWidgetsExtension.build/BooksTrackerWidgetsExtension.DependencyMetadataFileList

WriteAuxiliaryFile /Users/juju/Library/Developer/Xcode/DerivedData/BooksTracker-hddtlywllmxtttafxzxcekilxubt/Build/Intermediates.noindex/BooksTracker.build/Debug-iphonesimulator/BooksTrackerWidgetsExtension.build/BooksTrackerWidgetsExtension-DebugEntryPoint-normal-arm64.txt (in target 'BooksTrackerWidgetsExtension' from project 'BooksTracker')
    cd /Users/juju/dev_repos/books-v3
    write-file /Users/juju/Library/Developer/Xcode/DerivedData/BooksTracker-hddtlywllmxtttafxzxcekilxubt/Build/Intermediates.noindex/BooksTracker.build/Debug-iphonesimulator/BooksTrackerWidgetsExtension.build/BooksTrackerWidgetsExtension-DebugEntryPoint-normal-arm64.txt

WriteAuxiliaryFile /Users/juju/Library/Developer/Xcode/DerivedData/BooksTracker-hddtlywllmxtttafxzxcekilxubt/Build/Intermediates.noindex/BooksTracker.build/Debug-iphonesimulator/BooksTrackerWidgetsExtension.build/BooksTrackerWidgetsExtension-generated-files.hmap (in target 'BooksTrackerWidgetsExtension' from project 'BooksTracker')
    cd /Users/juju/dev_repos/books-v3
    write-file /Users/juju/Library/Developer/Xcode/DerivedData/BooksTracker-hddtlywllmxtttafxzxcekilxubt/Build/Intermediates.noindex/BooksTracker.build/Debug-iphonesimulator/BooksTrackerWidgetsExtension.build/BooksTrackerWidgetsExtension-generated-files.hmap

WriteAuxiliaryFile /Users/juju/Library/Developer/Xcode/DerivedData/BooksTracker-hddtlywllmxtttafxzxcekilxubt/Build/Intermediates.noindex/BooksTracker.build/Debug-iphonesimulator/BooksTrackerWidgetsExtension.build/BooksTrackerWidgetsExtension-DebugDylibPath-normal-arm64.txt (in target 'BooksTrackerWidgetsExtension' from project 'BooksTracker')
    cd /Users/juju/dev_repos/books-v3
    write-file /Users/juju/Library/Developer/Xcode/DerivedData/BooksTracker-hddtlywllmxtttafxzxcekilxubt/Build/Intermediates.noindex/BooksTracker.build/Debug-iphonesimulator/BooksTrackerWidgetsExtension.build/BooksTrackerWidgetsExtension-DebugDylibPath-normal-arm64.txt

WriteAuxiliaryFile /Users/juju/Library/Developer/Xcode/DerivedData/BooksTracker-hddtlywllmxtttafxzxcekilxubt/Build/Intermediates.noindex/BooksTracker.build/Debug-iphonesimulator/BooksTrackerWidgetsExtension.build/BooksTrackerWidgetsExtension-DebugDylibInstallName-normal-arm64.txt (in target 'BooksTrackerWidgetsExtension' from project 'BooksTracker')
    cd /Users/juju/dev_repos/books-v3
    write-file /Users/juju/Library/Developer/Xcode/DerivedData/BooksTracker-hddtlywllmxtttafxzxcekilxubt/Build/Intermediates.noindex/BooksTracker.build/Debug-iphonesimulator/BooksTrackerWidgetsExtension.build/BooksTrackerWidgetsExtension-DebugDylibInstallName-normal-arm64.txt

WriteAuxiliaryFile /Users/juju/Library/Developer/Xcode/DerivedData/BooksTracker-hddtlywllmxtttafxzxcekilxubt/Build/Intermediates.noindex/BooksTrackerFeature.build/Debug-iphonesimulator/BooksTrackerFeature.build/Objects-normal/arm64/BooksTrackerFeature_const_extract_protocols.json (in target 'BooksTrackerFeature' from project 'BooksTrackerFeature')
    cd /Users/juju/dev_repos/books-v3/BooksTrackerPackage
    write-file /Users/juju/Library/Developer/Xcode/DerivedData/BooksTracker-hddtlywllmxtttafxzxcekilxubt/Build/Intermediates.noindex/BooksTrackerFeature.build/Debug-iphonesimulator/BooksTrackerFeature.build/Objects-normal/arm64/BooksTrackerFeature_const_extract_protocols.json

WriteAuxiliaryFile /Users/juju/Library/Developer/Xcode/DerivedData/BooksTracker-hddtlywllmxtttafxzxcekilxubt/Build/Intermediates.noindex/BooksTrackerFeature.build/Debug-iphonesimulator/BooksTrackerFeature.build/Objects-normal/arm64/BooksTrackerFeature.SwiftFileList (in target 'BooksTrackerFeature' from project 'BooksTrackerFeature')
    cd /Users/juju/dev_repos/books-v3/BooksTrackerPackage
    write-file /Users/juju/Library/Developer/Xcode/DerivedData/BooksTracker-hddtlywllmxtttafxzxcekilxubt/Build/Intermediates.noindex/BooksTrackerFeature.build/Debug-iphonesimulator/BooksTrackerFeature.build/Objects-normal/arm64/BooksTrackerFeature.SwiftFileList

WriteAuxiliaryFile /Users/juju/Library/Developer/Xcode/DerivedData/BooksTracker-hddtlywllmxtttafxzxcekilxubt/Build/Intermediates.noindex/BooksTrackerFeature.build/Debug-iphonesimulator/BooksTrackerFeature.build/Objects-normal/arm64/BooksTrackerFeature.SwiftConstValuesFileList (in target 'BooksTrackerFeature' from project 'BooksTrackerFeature')
    cd /Users/juju/dev_repos/books-v3/BooksTrackerPackage
    write-file /Users/juju/Library/Developer/Xcode/DerivedData/BooksTracker-hddtlywllmxtttafxzxcekilxubt/Build/Intermediates.noindex/BooksTrackerFeature.build/Debug-iphonesimulator/BooksTrackerFeature.build/Objects-normal/arm64/BooksTrackerFeature.SwiftConstValuesFileList

WriteAuxiliaryFile /Users/juju/Library/Developer/Xcode/DerivedData/BooksTracker-hddtlywllmxtttafxzxcekilxubt/Build/Intermediates.noindex/BooksTrackerFeature.build/Debug-iphonesimulator/BooksTrackerFeature.build/Objects-normal/arm64/BooksTrackerFeature.LinkFileList (in target 'BooksTrackerFeature' from project 'BooksTrackerFeature')
    cd /Users/juju/dev_repos/books-v3/BooksTrackerPackage
    write-file /Users/juju/Library/Developer/Xcode/DerivedData/BooksTracker-hddtlywllmxtttafxzxcekilxubt/Build/Intermediates.noindex/BooksTrackerFeature.build/Debug-iphonesimulator/BooksTrackerFeature.build/Objects-normal/arm64/BooksTrackerFeature.LinkFileList

WriteAuxiliaryFile /Users/juju/Library/Developer/Xcode/DerivedData/BooksTracker-hddtlywllmxtttafxzxcekilxubt/Build/Intermediates.noindex/BooksTrackerFeature.build/Debug-iphonesimulator/BooksTrackerFeature.build/Objects-normal/arm64/BooksTrackerFeature-OutputFileMap.json (in target 'BooksTrackerFeature' from project 'BooksTrackerFeature')
    cd /Users/juju/dev_repos/books-v3/BooksTrackerPackage
    write-file /Users/juju/Library/Developer/Xcode/DerivedData/BooksTracker-hddtlywllmxtttafxzxcekilxubt/Build/Intermediates.noindex/BooksTrackerFeature.build/Debug-iphonesimulator/BooksTrackerFeature.build/Objects-normal/arm64/BooksTrackerFeature-OutputFileMap.json

WriteAuxiliaryFile /Users/juju/Library/Developer/Xcode/DerivedData/BooksTracker-hddtlywllmxtttafxzxcekilxubt/Build/Intermediates.noindex/BooksTrackerFeature.build/Debug-iphonesimulator/BooksTrackerFeature.build/BooksTrackerFeature.modulemap (in target 'BooksTrackerFeature' from project 'BooksTrackerFeature')
    cd /Users/juju/dev_repos/books-v3/BooksTrackerPackage
    write-file /Users/juju/Library/Developer/Xcode/DerivedData/BooksTracker-hddtlywllmxtttafxzxcekilxubt/Build/Intermediates.noindex/BooksTrackerFeature.build/Debug-iphonesimulator/BooksTrackerFeature.build/BooksTrackerFeature.modulemap

WriteAuxiliaryFile /Users/juju/Library/Developer/Xcode/DerivedData/BooksTracker-hddtlywllmxtttafxzxcekilxubt/Build/Intermediates.noindex/BooksTrackerFeature.build/Debug-iphonesimulator/BooksTrackerFeature.build/BooksTrackerFeature.DependencyStaticMetadataFileList (in target 'BooksTrackerFeature' from project 'BooksTrackerFeature')
    cd /Users/juju/dev_repos/books-v3/BooksTrackerPackage
    write-file /Users/juju/Library/Developer/Xcode/DerivedData/BooksTracker-hddtlywllmxtttafxzxcekilxubt/Build/Intermediates.noindex/BooksTrackerFeature.build/Debug-iphonesimulator/BooksTrackerFeature.build/BooksTrackerFeature.DependencyStaticMetadataFileList

WriteAuxiliaryFile /Users/juju/Library/Developer/Xcode/DerivedData/BooksTracker-hddtlywllmxtttafxzxcekilxubt/Build/Intermediates.noindex/BooksTrackerFeature.build/Debug-iphonesimulator/BooksTrackerFeature.build/BooksTrackerFeature.DependencyMetadataFileList (in target 'BooksTrackerFeature' from project 'BooksTrackerFeature')
    cd /Users/juju/dev_repos/books-v3/BooksTrackerPackage
    write-file /Users/juju/Library/Developer/Xcode/DerivedData/BooksTracker-hddtlywllmxtttafxzxcekilxubt/Build/Intermediates.noindex/BooksTrackerFeature.build/Debug-iphonesimulator/BooksTrackerFeature.build/BooksTrackerFeature.DependencyMetadataFileList

WriteAuxiliaryFile /Users/juju/Library/Developer/Xcode/DerivedData/BooksTracker-hddtlywllmxtttafxzxcekilxubt/Build/Intermediates.noindex/BooksTracker.build/Debug-iphonesimulator/BooksTracker.build/empty-BooksTracker.plist (in target 'BooksTracker' from project 'BooksTracker')
    cd /Users/juju/dev_repos/books-v3
    write-file /Users/juju/Library/Developer/Xcode/DerivedData/BooksTracker-hddtlywllmxtttafxzxcekilxubt/Build/Intermediates.noindex/BooksTracker.build/Debug-iphonesimulator/BooksTracker.build/empty-BooksTracker.plist

WriteAuxiliaryFile /Users/juju/Library/Developer/Xcode/DerivedData/BooksTracker-hddtlywllmxtttafxzxcekilxubt/Build/Intermediates.noindex/BooksTracker.build/Debug-iphonesimulator/BooksTracker.build/Objects-normal/arm64/BooksTracker_const_extract_protocols.json (in target 'BooksTracker' from project 'BooksTracker')
    cd /Users/juju/dev_repos/books-v3
    write-file /Users/juju/Library/Developer/Xcode/DerivedData/BooksTracker-hddtlywllmxtttafxzxcekilxubt/Build/Intermediates.noindex/BooksTracker.build/Debug-iphonesimulator/BooksTracker.build/Objects-normal/arm64/BooksTracker_const_extract_protocols.json

WriteAuxiliaryFile /Users/juju/Library/Developer/Xcode/DerivedData/BooksTracker-hddtlywllmxtttafxzxcekilxubt/Build/Intermediates.noindex/BooksTracker.build/Debug-iphonesimulator/BooksTracker.build/Objects-normal/arm64/BooksTracker.SwiftFileList (in target 'BooksTracker' from project 'BooksTracker')
    cd /Users/juju/dev_repos/books-v3
    write-file /Users/juju/Library/Developer/Xcode/DerivedData/BooksTracker-hddtlywllmxtttafxzxcekilxubt/Build/Intermediates.noindex/BooksTracker.build/Debug-iphonesimulator/BooksTracker.build/Objects-normal/arm64/BooksTracker.SwiftFileList

WriteAuxiliaryFile /Users/juju/Library/Developer/Xcode/DerivedData/BooksTracker-hddtlywllmxtttafxzxcekilxubt/Build/Intermediates.noindex/BooksTracker.build/Debug-iphonesimulator/BooksTracker.build/Objects-normal/arm64/BooksTracker.SwiftConstValuesFileList (in target 'BooksTracker' from project 'BooksTracker')
    cd /Users/juju/dev_repos/books-v3
    write-file /Users/juju/Library/Developer/Xcode/DerivedData/BooksTracker-hddtlywllmxtttafxzxcekilxubt/Build/Intermediates.noindex/BooksTracker.build/Debug-iphonesimulator/BooksTracker.build/Objects-normal/arm64/BooksTracker.SwiftConstValuesFileList

WriteAuxiliaryFile /Users/juju/Library/Developer/Xcode/DerivedData/BooksTracker-hddtlywllmxtttafxzxcekilxubt/Build/Intermediates.noindex/BooksTracker.build/Debug-iphonesimulator/BooksTracker.build/Objects-normal/arm64/BooksTracker.LinkFileList (in target 'BooksTracker' from project 'BooksTracker')
    cd /Users/juju/dev_repos/books-v3
    write-file /Users/juju/Library/Developer/Xcode/DerivedData/BooksTracker-hddtlywllmxtttafxzxcekilxubt/Build/Intermediates.noindex/BooksTracker.build/Debug-iphonesimulator/BooksTracker.build/Objects-normal/arm64/BooksTracker.LinkFileList

WriteAuxiliaryFile /Users/juju/Library/Developer/Xcode/DerivedData/BooksTracker-hddtlywllmxtttafxzxcekilxubt/Build/Intermediates.noindex/BooksTracker.build/Debug-iphonesimulator/BooksTracker.build/Objects-normal/arm64/BooksTracker-OutputFileMap.json (in target 'BooksTracker' from project 'BooksTracker')
    cd /Users/juju/dev_repos/books-v3
    write-file /Users/juju/Library/Developer/Xcode/DerivedData/BooksTracker-hddtlywllmxtttafxzxcekilxubt/Build/Intermediates.noindex/BooksTracker.build/Debug-iphonesimulator/BooksTracker.build/Objects-normal/arm64/BooksTracker-OutputFileMap.json

WriteAuxiliaryFile /Users/juju/Library/Developer/Xcode/DerivedData/BooksTracker-hddtlywllmxtttafxzxcekilxubt/Build/Intermediates.noindex/BooksTracker.build/Debug-iphonesimulator/BooksTracker.build/BooksTracker.hmap (in target 'BooksTracker' from project 'BooksTracker')
    cd /Users/juju/dev_repos/books-v3
    write-file /Users/juju/Library/Developer/Xcode/DerivedData/BooksTracker-hddtlywllmxtttafxzxcekilxubt/Build/Intermediates.noindex/BooksTracker.build/Debug-iphonesimulator/BooksTracker.build/BooksTracker.hmap

WriteAuxiliaryFile /Users/juju/Library/Developer/Xcode/DerivedData/BooksTracker-hddtlywllmxtttafxzxcekilxubt/Build/Intermediates.noindex/BooksTracker.build/Debug-iphonesimulator/BooksTracker.build/DerivedSources/Entitlements-Simulated.plist (in target 'BooksTracker' from project 'BooksTracker')
    cd /Users/juju/dev_repos/books-v3
    write-file /Users/juju/Library/Developer/Xcode/DerivedData/BooksTracker-hddtlywllmxtttafxzxcekilxubt/Build/Intermediates.noindex/BooksTracker.build/Debug-iphonesimulator/BooksTracker.build/DerivedSources/Entitlements-Simulated.plist

WriteAuxiliaryFile /Users/juju/Library/Developer/Xcode/DerivedData/BooksTracker-hddtlywllmxtttafxzxcekilxubt/Build/Intermediates.noindex/BooksTracker.build/Debug-iphonesimulator/BooksTracker.build/BooksTracker.DependencyStaticMetadataFileList (in target 'BooksTracker' from project 'BooksTracker')
    cd /Users/juju/dev_repos/books-v3
    write-file /Users/juju/Library/Developer/Xcode/DerivedData/BooksTracker-hddtlywllmxtttafxzxcekilxubt/Build/Intermediates.noindex/BooksTracker.build/Debug-iphonesimulator/BooksTracker.build/BooksTracker.DependencyStaticMetadataFileList

Copy /Users/juju/Library/Developer/Xcode/DerivedData/BooksTracker-hddtlywllmxtttafxzxcekilxubt/Build/Intermediates.noindex/GeneratedModuleMaps-iphonesimulator/BooksTrackerFeature.modulemap /Users/juju/Library/Developer/Xcode/DerivedData/BooksTracker-hddtlywllmxtttafxzxcekilxubt/Build/Intermediates.noindex/BooksTrackerFeature.build/Debug-iphonesimulator/BooksTrackerFeature.build/BooksTrackerFeature.modulemap (in target 'BooksTrackerFeature' from project 'BooksTrackerFeature')
    cd /Users/juju/dev_repos/books-v3/BooksTrackerPackage
    builtin-copy -exclude .DS_Store -exclude CVS -exclude .svn -exclude .git -exclude .hg -resolve-src-symlinks /Users/juju/Library/Developer/Xcode/DerivedData/BooksTracker-hddtlywllmxtttafxzxcekilxubt/Build/Intermediates.noindex/BooksTrackerFeature.build/Debug-iphonesimulator/BooksTrackerFeature.build/BooksTrackerFeature.modulemap /Users/juju/Library/Developer/Xcode/DerivedData/BooksTracker-hddtlywllmxtttafxzxcekilxubt/Build/Intermediates.noindex/GeneratedModuleMaps-iphonesimulator

WriteAuxiliaryFile /Users/juju/Library/Developer/Xcode/DerivedData/BooksTracker-hddtlywllmxtttafxzxcekilxubt/Build/Intermediates.noindex/BooksTracker.build/Debug-iphonesimulator/BooksTracker.build/BooksTracker-project-headers.hmap (in target 'BooksTracker' from project 'BooksTracker')
    cd /Users/juju/dev_repos/books-v3
    write-file /Users/juju/Library/Developer/Xcode/DerivedData/BooksTracker-hddtlywllmxtttafxzxcekilxubt/Build/Intermediates.noindex/BooksTracker.build/Debug-iphonesimulator/BooksTracker.build/BooksTracker-project-headers.hmap

WriteAuxiliaryFile /Users/juju/Library/Developer/Xcode/DerivedData/BooksTracker-hddtlywllmxtttafxzxcekilxubt/Build/Intermediates.noindex/BooksTracker.build/Debug-iphonesimulator/BooksTracker.build/BooksTracker.DependencyMetadataFileList (in target 'BooksTracker' from project 'BooksTracker')
    cd /Users/juju/dev_repos/books-v3
    write-file /Users/juju/Library/Developer/Xcode/DerivedData/BooksTracker-hddtlywllmxtttafxzxcekilxubt/Build/Intermediates.noindex/BooksTracker.build/Debug-iphonesimulator/BooksTracker.build/BooksTracker.DependencyMetadataFileList

WriteAuxiliaryFile /Users/juju/Library/Developer/Xcode/DerivedData/BooksTracker-hddtlywllmxtttafxzxcekilxubt/Build/Intermediates.noindex/BooksTracker.build/Debug-iphonesimulator/BooksTracker.build/BooksTracker-own-target-headers.hmap (in target 'BooksTracker' from project 'BooksTracker')
    cd /Users/juju/dev_repos/books-v3
    write-file /Users/juju/Library/Developer/Xcode/DerivedData/BooksTracker-hddtlywllmxtttafxzxcekilxubt/Build/Intermediates.noindex/BooksTracker.build/Debug-iphonesimulator/BooksTracker.build/BooksTracker-own-target-headers.hmap

WriteAuxiliaryFile /Users/juju/Library/Developer/Xcode/DerivedData/BooksTracker-hddtlywllmxtttafxzxcekilxubt/Build/Intermediates.noindex/BooksTracker.build/Debug-iphonesimulator/BooksTracker.build/BooksTracker-generated-files.hmap (in target 'BooksTracker' from project 'BooksTracker')
    cd /Users/juju/dev_repos/books-v3
    write-file /Users/juju/Library/Developer/Xcode/DerivedData/BooksTracker-hddtlywllmxtttafxzxcekilxubt/Build/Intermediates.noindex/BooksTracker.build/Debug-iphonesimulator/BooksTracker.build/BooksTracker-generated-files.hmap

WriteAuxiliaryFile /Users/juju/Library/Developer/Xcode/DerivedData/BooksTracker-hddtlywllmxtttafxzxcekilxubt/Build/Intermediates.noindex/BooksTracker.build/Debug-iphonesimulator/BooksTracker.build/BooksTracker-all-target-headers.hmap (in target 'BooksTracker' from project 'BooksTracker')
    cd /Users/juju/dev_repos/books-v3
    write-file /Users/juju/Library/Developer/Xcode/DerivedData/BooksTracker-hddtlywllmxtttafxzxcekilxubt/Build/Intermediates.noindex/BooksTracker.build/Debug-iphonesimulator/BooksTracker.build/BooksTracker-all-target-headers.hmap

WriteAuxiliaryFile /Users/juju/Library/Developer/Xcode/DerivedData/BooksTracker-hddtlywllmxtttafxzxcekilxubt/Build/Intermediates.noindex/BooksTracker.build/Debug-iphonesimulator/BooksTracker.build/BooksTracker-all-non-framework-target-headers.hmap (in target 'BooksTracker' from project 'BooksTracker')
    cd /Users/juju/dev_repos/books-v3
    write-file /Users/juju/Library/Developer/Xcode/DerivedData/BooksTracker-hddtlywllmxtttafxzxcekilxubt/Build/Intermediates.noindex/BooksTracker.build/Debug-iphonesimulator/BooksTracker.build/BooksTracker-all-non-framework-target-headers.hmap

WriteAuxiliaryFile /Users/juju/Library/Developer/Xcode/DerivedData/BooksTracker-hddtlywllmxtttafxzxcekilxubt/Build/Intermediates.noindex/BooksTracker.build/Debug-iphonesimulator/BooksTracker.build/BooksTracker-DebugDylibPath-normal-arm64.txt (in target 'BooksTracker' from project 'BooksTracker')
    cd /Users/juju/dev_repos/books-v3
    write-file /Users/juju/Library/Developer/Xcode/DerivedData/BooksTracker-hddtlywllmxtttafxzxcekilxubt/Build/Intermediates.noindex/BooksTracker.build/Debug-iphonesimulator/BooksTracker.build/BooksTracker-DebugDylibPath-normal-arm64.txt

WriteAuxiliaryFile /Users/juju/Library/Developer/Xcode/DerivedData/BooksTracker-hddtlywllmxtttafxzxcekilxubt/Build/Intermediates.noindex/BooksTracker.build/Debug-iphonesimulator/BooksTracker.build/BooksTracker-DebugDylibInstallName-normal-arm64.txt (in target 'BooksTracker' from project 'BooksTracker')
    cd /Users/juju/dev_repos/books-v3
    write-file /Users/juju/Library/Developer/Xcode/DerivedData/BooksTracker-hddtlywllmxtttafxzxcekilxubt/Build/Intermediates.noindex/BooksTracker.build/Debug-iphonesimulator/BooksTracker.build/BooksTracker-DebugDylibInstallName-normal-arm64.txt

MkDir /Users/juju/Library/Developer/Xcode/DerivedData/BooksTracker-hddtlywllmxtttafxzxcekilxubt/Build/Products/Debug-iphonesimulator/BooksTrackerWidgetsExtension.appex (in target 'BooksTrackerWidgetsExtension' from project 'BooksTracker')
    cd /Users/juju/dev_repos/books-v3
    /bin/mkdir -p /Users/juju/Library/Developer/Xcode/DerivedData/BooksTracker-hddtlywllmxtttafxzxcekilxubt/Build/Products/Debug-iphonesimulator/BooksTrackerWidgetsExtension.appex

MkDir /Users/juju/Library/Developer/Xcode/DerivedData/BooksTracker-hddtlywllmxtttafxzxcekilxubt/Build/Products/Debug-iphonesimulator/BooksTracker.app/PlugIns (in target 'BooksTracker' from project 'BooksTracker')
    cd /Users/juju/dev_repos/books-v3
    /bin/mkdir -p /Users/juju/Library/Developer/Xcode/DerivedData/BooksTracker-hddtlywllmxtttafxzxcekilxubt/Build/Products/Debug-iphonesimulator/BooksTracker.app/PlugIns

MkDir /Users/juju/Library/Developer/Xcode/DerivedData/BooksTracker-hddtlywllmxtttafxzxcekilxubt/Build/Products/Debug-iphonesimulator/BooksTracker.app (in target 'BooksTracker' from project 'BooksTracker')
    cd /Users/juju/dev_repos/books-v3
    /bin/mkdir -p /Users/juju/Library/Developer/Xcode/DerivedData/BooksTracker-hddtlywllmxtttafxzxcekilxubt/Build/Products/Debug-iphonesimulator/BooksTracker.app

SwiftDriver BooksTrackerFeature normal arm64 com.apple.xcode.tools.swift.compiler (in target 'BooksTrackerFeature' from project 'BooksTrackerFeature')
    cd /Users/juju/dev_repos/books-v3
    builtin-SwiftDriver -- /Applications/Xcode-beta.app/Contents/Developer/Toolchains/XcodeDefault.xctoolchain/usr/bin/swiftc -module-name BooksTrackerFeature -Onone -enforce-exclusivity\=checked @/Users/juju/Library/Developer/Xcode/DerivedData/BooksTracker-hddtlywllmxtttafxzxcekilxubt/Build/Intermediates.noindex/BooksTrackerFeature.build/Debug-iphonesimulator/BooksTrackerFeature.build/Objects-normal/arm64/BooksTrackerFeature.SwiftFileList -DSWIFT_PACKAGE -DDEBUG -DSWIFT_MODULE_RESOURCE_BUNDLE_UNAVAILABLE -DXcode -plugin-path /Applications/Xcode-beta.app/Contents/Developer/Toolchains/XcodeDefault.xctoolchain/usr/lib/swift/host/plugins/testing -enable-experimental-feature DebugDescriptionMacro -sdk /Applications/Xcode-beta.app/Contents/Developer/Platforms/iPhoneSimulator.platform/Developer/SDKs/iPhoneSimulator26.2.sdk -target arm64-apple-ios26.0-simulator -g -module-cache-path /Users/juju/Library/Developer/Xcode/DerivedData/ModuleCache.noindex -Xfrontend -serialize-debugging-options -profile-coverage-mapping -profile-generate -enable-testing -index-store-path /Users/juju/Library/Developer/Xcode/DerivedData/BooksTracker-hddtlywllmxtttafxzxcekilxubt/Index.noindex/DataStore -Xcc -D_LIBCPP_HARDENING_MODE\=_LIBCPP_HARDENING_MODE_DEBUG -swift-version 6 -I /Users/juju/Library/Developer/Xcode/DerivedData/BooksTracker-hddtlywllmxtttafxzxcekilxubt/Build/Products/Debug-iphonesimulator -Isystem /Applications/Xcode-beta.app/Contents/Developer/Platforms/iPhoneSimulator.platform/Developer/usr/lib -F /Users/juju/Library/Developer/Xcode/DerivedData/BooksTracker-hddtlywllmxtttafxzxcekilxubt/Build/Products/Debug-iphonesimulator -F /Applications/Xcode-beta.app/Contents/Developer/Platforms/iPhoneSimulator.platform/Developer/Library/Frameworks -F /Applications/Xcode-beta.app/Contents/Developer/Platforms/iPhoneSimulator.platform/Developer/SDKs/iPhoneSimulator26.2.sdk/Developer/Library/Frameworks -c -j10 -enable-batch-mode -incremental -Xcc -ivfsstatcache -Xcc /Users/juju/Library/Developer/Xcode/DerivedData/SDKStatCaches.noindex/iphonesimulator26.2-23C5044a-c6bb09c85eeb1a59968f08cee6a58242.sdkstatcache -output-file-map /Users/juju/Library/Developer/Xcode/DerivedData/BooksTracker-hddtlywllmxtttafxzxcekilxubt/Build/Intermediates.noindex/BooksTrackerFeature.build/Debug-iphonesimulator/BooksTrackerFeature.build/Objects-normal/arm64/BooksTrackerFeature-OutputFileMap.json -use-frontend-parseable-output -save-temps -no-color-diagnostics -explicit-module-build -module-cache-path /Users/juju/Library/Developer/Xcode/DerivedData/BooksTracker-hddtlywllmxtttafxzxcekilxubt/Build/Intermediates.noindex/SwiftExplicitPrecompiledModules -clang-scanner-module-cache-path /Users/juju/Library/Developer/Xcode/DerivedData/ModuleCache.noindex -sdk-module-cache-path /Users/juju/Library/Developer/Xcode/DerivedData/ModuleCache.noindex -serialize-diagnostics -emit-dependencies -emit-module -emit-module-path /Users/juju/Library/Developer/Xcode/DerivedData/BooksTracker-hddtlywllmxtttafxzxcekilxubt/Build/Intermediates.noindex/BooksTrackerFeature.build/Debug-iphonesimulator/BooksTrackerFeature.build/Objects-normal/arm64/BooksTrackerFeature.swiftmodule -validate-clang-modules-once -clang-build-session-file /Users/juju/Library/Developer/Xcode/DerivedData/ModuleCache.noindex/Session.modulevalidation -package-name bookstrackerpackage -Xcc -I/Users/juju/Library/Developer/Xcode/DerivedData/BooksTracker-hddtlywllmxtttafxzxcekilxubt/Build/Intermediates.noindex/BooksTrackerFeature.build/Debug-iphonesimulator/BooksTrackerFeature.build/swift-overrides.hmap -emit-const-values -Xfrontend -const-gather-protocols-file -Xfrontend /Users/juju/Library/Developer/Xcode/DerivedData/BooksTracker-hddtlywllmxtttafxzxcekilxubt/Build/Intermediates.noindex/BooksTrackerFeature.build/Debug-iphonesimulator/BooksTrackerFeature.build/Objects-normal/arm64/BooksTrackerFeature_const_extract_protocols.json -Xcc -I/Users/juju/Library/Developer/Xcode/DerivedData/BooksTracker-hddtlywllmxtttafxzxcekilxubt/Build/Products/Debug-iphonesimulator/include -Xcc -I/Users/juju/Library/Developer/Xcode/DerivedData/BooksTracker-hddtlywllmxtttafxzxcekilxubt/Build/Intermediates.noindex/BooksTrackerFeature.build/Debug-iphonesimulator/BooksTrackerFeature.build/DerivedSources-normal/arm64 -Xcc -I/Users/juju/Library/Developer/Xcode/DerivedData/BooksTracker-hddtlywllmxtttafxzxcekilxubt/Build/Intermediates.noindex/BooksTrackerFeature.build/Debug-iphonesimulator/BooksTrackerFeature.build/DerivedSources/arm64 -Xcc -I/Users/juju/Library/Developer/Xcode/DerivedData/BooksTracker-hddtlywllmxtttafxzxcekilxubt/Build/Intermediates.noindex/BooksTrackerFeature.build/Debug-iphonesimulator/BooksTrackerFeature.build/DerivedSources -Xcc -DSWIFT_PACKAGE -Xcc -DDEBUG\=1 -emit-objc-header -emit-objc-header-path /Users/juju/Library/Developer/Xcode/DerivedData/BooksTracker-hddtlywllmxtttafxzxcekilxubt/Build/Intermediates.noindex/BooksTrackerFeature.build/Debug-iphonesimulator/BooksTrackerFeature.build/Objects-normal/arm64/BooksTrackerFeature-Swift.h -working-directory /Users/juju/dev_repos/books-v3 -experimental-emit-module-separately -disable-cmo

SwiftCompile normal arm64 Compiling\ PrivacyDisclosureBanner.swift,\ ScanResultsView.swift,\ ScanStatisticsView.swift,\ ScanningTipsView.swift,\ BatchWebSocketHandler.swift,\ BookshelfAIService+Polling.swift,\ BookshelfAIService.swift,\ ScanProgressModels.swift,\ SuggestionGenerator.swift,\ VisionProcessingActor.swift,\ CacheHealthDebugView.swift,\ CachedAsyncImage.swift,\ CloudKitHelpView.swift,\ AIProvider.swift,\ APIError.swift,\ EnrichmentAPIClient.swift,\ EnrichmentConfig.swift,\ GenericWebSocketHandler.swift,\ JobModels.swift,\ KeychainHelper.swift /Users/juju/dev_repos/books-v3/BooksTrackerPackage/Sources/BooksTrackerFeature/BookshelfScanning/PrivacyDisclosureBanner.swift /Users/juju/dev_repos/books-v3/BooksTrackerPackage/Sources/BooksTrackerFeature/BookshelfScanning/ScanResultsView.swift /Users/juju/dev_repos/books-v3/BooksTrackerPackage/Sources/BooksTrackerFeature/BookshelfScanning/ScanStatisticsView.swift /Users/juju/dev_repos/books-v3/BooksTrackerPackage/Sources/BooksTrackerFeature/BookshelfScanning/ScanningTipsView.swift /Users/juju/dev_repos/books-v3/BooksTrackerPackage/Sources/BooksTrackerFeature/BookshelfScanning/Services/BatchWebSocketHandler.swift /Users/juju/dev_repos/books-v3/BooksTrackerPackage/Sources/BooksTrackerFeature/BookshelfScanning/Services/BookshelfAIService+Polling.swift /Users/juju/dev_repos/books-v3/BooksTrackerPackage/Sources/BooksTrackerFeature/BookshelfScanning/Services/BookshelfAIService.swift /Users/juju/dev_repos/books-v3/BooksTrackerPackage/Sources/BooksTrackerFeature/BookshelfScanning/Services/ScanProgressModels.swift /Users/juju/dev_repos/books-v3/BooksTrackerPackage/Sources/BooksTrackerFeature/BookshelfScanning/SuggestionGenerator.swift /Users/juju/dev_repos/books-v3/BooksTrackerPackage/Sources/BooksTrackerFeature/BookshelfScanning/VisionProcessingActor.swift /Users/juju/dev_repos/books-v3/BooksTrackerPackage/Sources/BooksTrackerFeature/CacheHealthDebugView.swift /Users/juju/dev_repos/books-v3/BooksTrackerPackage/Sources/BooksTrackerFeature/CachedAsyncImage.swift /Users/juju/dev_repos/books-v3/BooksTrackerPackage/Sources/BooksTrackerFeature/CloudKitHelpView.swift /Users/juju/dev_repos/books-v3/BooksTrackerPackage/Sources/BooksTrackerFeature/Common/AIProvider.swift /Users/juju/dev_repos/books-v3/BooksTrackerPackage/Sources/BooksTrackerFeature/Common/APIError.swift /Users/juju/dev_repos/books-v3/BooksTrackerPackage/Sources/BooksTrackerFeature/Common/EnrichmentAPIClient.swift /Users/juju/dev_repos/books-v3/BooksTrackerPackage/Sources/BooksTrackerFeature/Common/EnrichmentConfig.swift /Users/juju/dev_repos/books-v3/BooksTrackerPackage/Sources/BooksTrackerFeature/Common/GenericWebSocketHandler.swift /Users/juju/dev_repos/books-v3/BooksTrackerPackage/Sources/BooksTrackerFeature/Common/JobModels.swift /Users/juju/dev_repos/books-v3/BooksTrackerPackage/Sources/BooksTrackerFeature/Common/KeychainHelper.swift (in target 'BooksTrackerFeature' from project 'BooksTrackerFeature')

SwiftCompile normal arm64 /Users/juju/dev_repos/books-v3/BooksTrackerPackage/Sources/BooksTrackerFeature/BookshelfScanning/PrivacyDisclosureBanner.swift (in target 'BooksTrackerFeature' from project 'BooksTrackerFeature')
    cd /Users/juju/dev_repos/books-v3
    

SwiftCompile normal arm64 /Users/juju/dev_repos/books-v3/BooksTrackerPackage/Sources/BooksTrackerFeature/BookshelfScanning/ScanResultsView.swift (in target 'BooksTrackerFeature' from project 'BooksTrackerFeature')
    cd /Users/juju/dev_repos/books-v3
    

SwiftCompile normal arm64 /Users/juju/dev_repos/books-v3/BooksTrackerPackage/Sources/BooksTrackerFeature/BookshelfScanning/ScanStatisticsView.swift (in target 'BooksTrackerFeature' from project 'BooksTrackerFeature')
    cd /Users/juju/dev_repos/books-v3
    

SwiftCompile normal arm64 /Users/juju/dev_repos/books-v3/BooksTrackerPackage/Sources/BooksTrackerFeature/BookshelfScanning/ScanningTipsView.swift (in target 'BooksTrackerFeature' from project 'BooksTrackerFeature')
    cd /Users/juju/dev_repos/books-v3
    

SwiftCompile normal arm64 /Users/juju/dev_repos/books-v3/BooksTrackerPackage/Sources/BooksTrackerFeature/BookshelfScanning/Services/BatchWebSocketHandler.swift (in target 'BooksTrackerFeature' from project 'BooksTrackerFeature')
    cd /Users/juju/dev_repos/books-v3
    

SwiftCompile normal arm64 /Users/juju/dev_repos/books-v3/BooksTrackerPackage/Sources/BooksTrackerFeature/BookshelfScanning/Services/BookshelfAIService+Polling.swift (in target 'BooksTrackerFeature' from project 'BooksTrackerFeature')
    cd /Users/juju/dev_repos/books-v3
    

SwiftCompile normal arm64 /Users/juju/dev_repos/books-v3/BooksTrackerPackage/Sources/BooksTrackerFeature/BookshelfScanning/Services/BookshelfAIService.swift (in target 'BooksTrackerFeature' from project 'BooksTrackerFeature')
    cd /Users/juju/dev_repos/books-v3
    

SwiftCompile normal arm64 /Users/juju/dev_repos/books-v3/BooksTrackerPackage/Sources/BooksTrackerFeature/BookshelfScanning/Services/ScanProgressModels.swift (in target 'BooksTrackerFeature' from project 'BooksTrackerFeature')
    cd /Users/juju/dev_repos/books-v3
    

SwiftCompile normal arm64 /Users/juju/dev_repos/books-v3/BooksTrackerPackage/Sources/BooksTrackerFeature/BookshelfScanning/SuggestionGenerator.swift (in target 'BooksTrackerFeature' from project 'BooksTrackerFeature')
    cd /Users/juju/dev_repos/books-v3
    

SwiftCompile normal arm64 /Users/juju/dev_repos/books-v3/BooksTrackerPackage/Sources/BooksTrackerFeature/BookshelfScanning/VisionProcessingActor.swift (in target 'BooksTrackerFeature' from project 'BooksTrackerFeature')
    cd /Users/juju/dev_repos/books-v3
    

SwiftCompile normal arm64 /Users/juju/dev_repos/books-v3/BooksTrackerPackage/Sources/BooksTrackerFeature/CacheHealthDebugView.swift (in target 'BooksTrackerFeature' from project 'BooksTrackerFeature')
    cd /Users/juju/dev_repos/books-v3
    

SwiftCompile normal arm64 /Users/juju/dev_repos/books-v3/BooksTrackerPackage/Sources/BooksTrackerFeature/CachedAsyncImage.swift (in target 'BooksTrackerFeature' from project 'BooksTrackerFeature')
    cd /Users/juju/dev_repos/books-v3
    

SwiftCompile normal arm64 /Users/juju/dev_repos/books-v3/BooksTrackerPackage/Sources/BooksTrackerFeature/CloudKitHelpView.swift (in target 'BooksTrackerFeature' from project 'BooksTrackerFeature')
    cd /Users/juju/dev_repos/books-v3
    

SwiftCompile normal arm64 /Users/juju/dev_repos/books-v3/BooksTrackerPackage/Sources/BooksTrackerFeature/Common/AIProvider.swift (in target 'BooksTrackerFeature' from project 'BooksTrackerFeature')
    cd /Users/juju/dev_repos/books-v3
    

SwiftCompile normal arm64 /Users/juju/dev_repos/books-v3/BooksTrackerPackage/Sources/BooksTrackerFeature/Common/APIError.swift (in target 'BooksTrackerFeature' from project 'BooksTrackerFeature')
    cd /Users/juju/dev_repos/books-v3
    

SwiftCompile normal arm64 /Users/juju/dev_repos/books-v3/BooksTrackerPackage/Sources/BooksTrackerFeature/Common/EnrichmentAPIClient.swift (in target 'BooksTrackerFeature' from project 'BooksTrackerFeature')
    cd /Users/juju/dev_repos/books-v3
    

SwiftCompile normal arm64 /Users/juju/dev_repos/books-v3/BooksTrackerPackage/Sources/BooksTrackerFeature/Common/EnrichmentConfig.swift (in target 'BooksTrackerFeature' from project 'BooksTrackerFeature')
    cd /Users/juju/dev_repos/books-v3
    

SwiftCompile normal arm64 /Users/juju/dev_repos/books-v3/BooksTrackerPackage/Sources/BooksTrackerFeature/Common/GenericWebSocketHandler.swift (in target 'BooksTrackerFeature' from project 'BooksTrackerFeature')
    cd /Users/juju/dev_repos/books-v3
    

SwiftCompile normal arm64 /Users/juju/dev_repos/books-v3/BooksTrackerPackage/Sources/BooksTrackerFeature/Common/JobModels.swift (in target 'BooksTrackerFeature' from project 'BooksTrackerFeature')
    cd /Users/juju/dev_repos/books-v3
    

SwiftCompile normal arm64 /Users/juju/dev_repos/books-v3/BooksTrackerPackage/Sources/BooksTrackerFeature/Common/KeychainHelper.swift (in target 'BooksTrackerFeature' from project 'BooksTrackerFeature')
    cd /Users/juju/dev_repos/books-v3
    

SwiftCompile normal arm64 Compiling\ ApiErrorCode.swift,\ AuthorDTO.swift,\ BatchEnrichmentPayload.swift,\ DTOEnums.swift,\ EditionDTO.swift,\ EnrichedBookDTO.swift,\ ErrorResponseDTO.swift,\ ListWorkDTO.swift,\ ResponseEnvelope.swift,\ SearchLinksDTO.swift,\ WebSocketMessages.swift,\ WorkDTO.swift,\ WorkflowDTOs.swift,\ DiversityPreviewModule.swift,\ Edition.swift,\ EditionComparisonSheet.swift,\ EditionSelectionStrategy.swift,\ EnrichmentQueue.swift,\ EnrichmentService.swift,\ EnrichmentWebSocketHandler.swift /Users/juju/dev_repos/books-v3/BooksTrackerPackage/Sources/BooksTrackerFeature/DTOs/ApiErrorCode.swift /Users/juju/dev_repos/books-v3/BooksTrackerPackage/Sources/BooksTrackerFeature/DTOs/AuthorDTO.swift /Users/juju/dev_repos/books-v3/BooksTrackerPackage/Sources/BooksTrackerFeature/DTOs/BatchEnrichmentPayload.swift /Users/juju/dev_repos/books-v3/BooksTrackerPackage/Sources/BooksTrackerFeature/DTOs/DTOEnums.swift /Users/juju/dev_repos/books-v3/BooksTrackerPackage/Sources/BooksTrackerFeature/DTOs/EditionDTO.swift /Users/juju/dev_repos/books-v3/BooksTrackerPackage/Sources/BooksTrackerFeature/DTOs/EnrichedBookDTO.swift /Users/juju/dev_repos/books-v3/BooksTrackerPackage/Sources/BooksTrackerFeature/DTOs/ErrorResponseDTO.swift /Users/juju/dev_repos/books-v3/BooksTrackerPackage/Sources/BooksTrackerFeature/DTOs/ListWorkDTO.swift /Users/juju/dev_repos/books-v3/BooksTrackerPackage/Sources/BooksTrackerFeature/DTOs/ResponseEnvelope.swift /Users/juju/dev_repos/books-v3/BooksTrackerPackage/Sources/BooksTrackerFeature/DTOs/SearchLinksDTO.swift /Users/juju/dev_repos/books-v3/BooksTrackerPackage/Sources/BooksTrackerFeature/DTOs/WebSocketMessages.swift /Users/juju/dev_repos/books-v3/BooksTrackerPackage/Sources/BooksTrackerFeature/DTOs/WorkDTO.swift /Users/juju/dev_repos/books-v3/BooksTrackerPackage/Sources/BooksTrackerFeature/DTOs/WorkflowDTOs.swift /Users/juju/dev_repos/books-v3/BooksTrackerPackage/Sources/BooksTrackerFeature/DiversityPreviewModule.swift /Users/juju/dev_repos/books-v3/BooksTrackerPackage/Sources/BooksTrackerFeature/Edition.swift /Users/juju/dev_repos/books-v3/BooksTrackerPackage/Sources/BooksTrackerFeature/EditionComparisonSheet.swift /Users/juju/dev_repos/books-v3/BooksTrackerPackage/Sources/BooksTrackerFeature/EditionSelectionStrategy.swift /Users/juju/dev_repos/books-v3/BooksTrackerPackage/Sources/BooksTrackerFeature/Enrichment/EnrichmentQueue.swift /Users/juju/dev_repos/books-v3/BooksTrackerPackage/Sources/BooksTrackerFeature/Enrichment/EnrichmentService.swift /Users/juju/dev_repos/books-v3/BooksTrackerPackage/Sources/BooksTrackerFeature/Enrichment/EnrichmentWebSocketHandler.swift (in target 'BooksTrackerFeature' from project 'BooksTrackerFeature')

SwiftCompile normal arm64 /Users/juju/dev_repos/books-v3/BooksTrackerPackage/Sources/BooksTrackerFeature/DTOs/ApiErrorCode.swift (in target 'BooksTrackerFeature' from project 'BooksTrackerFeature')
    cd /Users/juju/dev_repos/books-v3
    

SwiftCompile normal arm64 /Users/juju/dev_repos/books-v3/BooksTrackerPackage/Sources/BooksTrackerFeature/DTOs/AuthorDTO.swift (in target 'BooksTrackerFeature' from project 'BooksTrackerFeature')
    cd /Users/juju/dev_repos/books-v3
    

SwiftCompile normal arm64 /Users/juju/dev_repos/books-v3/BooksTrackerPackage/Sources/BooksTrackerFeature/DTOs/BatchEnrichmentPayload.swift (in target 'BooksTrackerFeature' from project 'BooksTrackerFeature')
    cd /Users/juju/dev_repos/books-v3
    

SwiftCompile normal arm64 /Users/juju/dev_repos/books-v3/BooksTrackerPackage/Sources/BooksTrackerFeature/DTOs/DTOEnums.swift (in target 'BooksTrackerFeature' from project 'BooksTrackerFeature')
    cd /Users/juju/dev_repos/books-v3
    

SwiftCompile normal arm64 /Users/juju/dev_repos/books-v3/BooksTrackerPackage/Sources/BooksTrackerFeature/DTOs/EditionDTO.swift (in target 'BooksTrackerFeature' from project 'BooksTrackerFeature')
    cd /Users/juju/dev_repos/books-v3
    

SwiftCompile normal arm64 /Users/juju/dev_repos/books-v3/BooksTrackerPackage/Sources/BooksTrackerFeature/DTOs/EnrichedBookDTO.swift (in target 'BooksTrackerFeature' from project 'BooksTrackerFeature')
    cd /Users/juju/dev_repos/books-v3
    

SwiftCompile normal arm64 /Users/juju/dev_repos/books-v3/BooksTrackerPackage/Sources/BooksTrackerFeature/DTOs/ErrorResponseDTO.swift (in target 'BooksTrackerFeature' from project 'BooksTrackerFeature')
    cd /Users/juju/dev_repos/books-v3
    

SwiftCompile normal arm64 /Users/juju/dev_repos/books-v3/BooksTrackerPackage/Sources/BooksTrackerFeature/DTOs/ListWorkDTO.swift (in target 'BooksTrackerFeature' from project 'BooksTrackerFeature')
    cd /Users/juju/dev_repos/books-v3
    

SwiftCompile normal arm64 /Users/juju/dev_repos/books-v3/BooksTrackerPackage/Sources/BooksTrackerFeature/DTOs/ResponseEnvelope.swift (in target 'BooksTrackerFeature' from project 'BooksTrackerFeature')
    cd /Users/juju/dev_repos/books-v3
    

SwiftCompile normal arm64 /Users/juju/dev_repos/books-v3/BooksTrackerPackage/Sources/BooksTrackerFeature/DTOs/SearchLinksDTO.swift (in target 'BooksTrackerFeature' from project 'BooksTrackerFeature')
    cd /Users/juju/dev_repos/books-v3
    

SwiftCompile normal arm64 /Users/juju/dev_repos/books-v3/BooksTrackerPackage/Sources/BooksTrackerFeature/DTOs/WebSocketMessages.swift (in target 'BooksTrackerFeature' from project 'BooksTrackerFeature')
    cd /Users/juju/dev_repos/books-v3
    

SwiftCompile normal arm64 /Users/juju/dev_repos/books-v3/BooksTrackerPackage/Sources/BooksTrackerFeature/DTOs/WorkDTO.swift (in target 'BooksTrackerFeature' from project 'BooksTrackerFeature')
    cd /Users/juju/dev_repos/books-v3
    

SwiftCompile normal arm64 /Users/juju/dev_repos/books-v3/BooksTrackerPackage/Sources/BooksTrackerFeature/DTOs/WorkflowDTOs.swift (in target 'BooksTrackerFeature' from project 'BooksTrackerFeature')
    cd /Users/juju/dev_repos/books-v3
    

SwiftCompile normal arm64 /Users/juju/dev_repos/books-v3/BooksTrackerPackage/Sources/BooksTrackerFeature/DiversityPreviewModule.swift (in target 'BooksTrackerFeature' from project 'BooksTrackerFeature')
    cd /Users/juju/dev_repos/books-v3
    

SwiftCompile normal arm64 /Users/juju/dev_repos/books-v3/BooksTrackerPackage/Sources/BooksTrackerFeature/Edition.swift (in target 'BooksTrackerFeature' from project 'BooksTrackerFeature')
    cd /Users/juju/dev_repos/books-v3
    

SwiftCompile normal arm64 /Users/juju/dev_repos/books-v3/BooksTrackerPackage/Sources/BooksTrackerFeature/EditionComparisonSheet.swift (in target 'BooksTrackerFeature' from project 'BooksTrackerFeature')
    cd /Users/juju/dev_repos/books-v3
    

SwiftCompile normal arm64 /Users/juju/dev_repos/books-v3/BooksTrackerPackage/Sources/BooksTrackerFeature/EditionSelectionStrategy.swift (in target 'BooksTrackerFeature' from project 'BooksTrackerFeature')
    cd /Users/juju/dev_repos/books-v3
    

SwiftCompile normal arm64 /Users/juju/dev_repos/books-v3/BooksTrackerPackage/Sources/BooksTrackerFeature/Enrichment/EnrichmentQueue.swift (in target 'BooksTrackerFeature' from project 'BooksTrackerFeature')
    cd /Users/juju/dev_repos/books-v3
    

SwiftCompile normal arm64 /Users/juju/dev_repos/books-v3/BooksTrackerPackage/Sources/BooksTrackerFeature/Enrichment/EnrichmentService.swift (in target 'BooksTrackerFeature' from project 'BooksTrackerFeature')
    cd /Users/juju/dev_repos/books-v3
    

SwiftCompile normal arm64 /Users/juju/dev_repos/books-v3/BooksTrackerPackage/Sources/BooksTrackerFeature/Enrichment/EnrichmentWebSocketHandler.swift (in target 'BooksTrackerFeature' from project 'BooksTrackerFeature')
    cd /Users/juju/dev_repos/books-v3
    

SwiftCompile normal arm64 Compiling\ LoadingState.swift,\ SyncCoordinator.swift,\ WebSocketHelpers.swift,\ WebSocketProgressManager.swift,\ AuroraGradient.swift,\ BookCardSkeleton.swift,\ BookMetadataRow.swift,\ EditionMetadataView.swift,\ EndSessionSheet.swift,\ EnrichmentCompletionToast.swift,\ EnrichmentErrorToast.swift,\ EnrichmentIndicator.swift,\ GenreTagView.swift,\ GlassCard.swift,\ LibraryStatusBadge.swift,\ NotesEditorView.swift,\ RateLimitBanner.swift,\ ScaleButtonStyle.swift,\ StarRatingView.swift,\ ContentView.swift /Users/juju/dev_repos/books-v3/BooksTrackerPackage/Sources/BooksTrackerFeature/Common/LoadingState.swift /Users/juju/dev_repos/books-v3/BooksTrackerPackage/Sources/BooksTrackerFeature/Common/SyncCoordinator.swift /Users/juju/dev_repos/books-v3/BooksTrackerPackage/Sources/BooksTrackerFeature/Common/WebSocketHelpers.swift /Users/juju/dev_repos/books-v3/BooksTrackerPackage/Sources/BooksTrackerFeature/Common/WebSocketProgressManager.swift /Users/juju/dev_repos/books-v3/BooksTrackerPackage/Sources/BooksTrackerFeature/Components/AuroraGradient.swift /Users/juju/dev_repos/books-v3/BooksTrackerPackage/Sources/BooksTrackerFeature/Components/BookCardSkeleton.swift /Users/juju/dev_repos/books-v3/BooksTrackerPackage/Sources/BooksTrackerFeature/Components/BookMetadataRow.swift /Users/juju/dev_repos/books-v3/BooksTrackerPackage/Sources/BooksTrackerFeature/Components/EditionMetadataView.swift /Users/juju/dev_repos/books-v3/BooksTrackerPackage/Sources/BooksTrackerFeature/Components/EndSessionSheet.swift /Users/juju/dev_repos/books-v3/BooksTrackerPackage/Sources/BooksTrackerFeature/Components/EnrichmentCompletionToast.swift /Users/juju/dev_repos/books-v3/BooksTrackerPackage/Sources/BooksTrackerFeature/Components/EnrichmentErrorToast.swift /Users/juju/dev_repos/books-v3/BooksTrackerPackage/Sources/BooksTrackerFeature/Components/EnrichmentIndicator.swift /Users/juju/dev_repos/books-v3/BooksTrackerPackage/Sources/BooksTrackerFeature/Components/GenreTagView.swift /Users/juju/dev_repos/books-v3/BooksTrackerPackage/Sources/BooksTrackerFeature/Components/GlassCard.swift /Users/juju/dev_repos/books-v3/BooksTrackerPackage/Sources/BooksTrackerFeature/Components/LibraryStatusBadge.swift /Users/juju/dev_repos/books-v3/BooksTrackerPackage/Sources/BooksTrackerFeature/Components/NotesEditorView.swift /Users/juju/dev_repos/books-v3/BooksTrackerPackage/Sources/BooksTrackerFeature/Components/RateLimitBanner.swift /Users/juju/dev_repos/books-v3/BooksTrackerPackage/Sources/BooksTrackerFeature/Components/ScaleButtonStyle.swift /Users/juju/dev_repos/books-v3/BooksTrackerPackage/Sources/BooksTrackerFeature/Components/StarRatingView.swift /Users/juju/dev_repos/books-v3/BooksTrackerPackage/Sources/BooksTrackerFeature/ContentView.swift (in target 'BooksTrackerFeature' from project 'BooksTrackerFeature')

SwiftCompile normal arm64 /Users/juju/dev_repos/books-v3/BooksTrackerPackage/Sources/BooksTrackerFeature/Common/LoadingState.swift (in target 'BooksTrackerFeature' from project 'BooksTrackerFeature')
    cd /Users/juju/dev_repos/books-v3
    

SwiftCompile normal arm64 /Users/juju/dev_repos/books-v3/BooksTrackerPackage/Sources/BooksTrackerFeature/Common/SyncCoordinator.swift (in target 'BooksTrackerFeature' from project 'BooksTrackerFeature')
    cd /Users/juju/dev_repos/books-v3
    

SwiftCompile normal arm64 /Users/juju/dev_repos/books-v3/BooksTrackerPackage/Sources/BooksTrackerFeature/Common/WebSocketHelpers.swift (in target 'BooksTrackerFeature' from project 'BooksTrackerFeature')
    cd /Users/juju/dev_repos/books-v3
    

SwiftCompile normal arm64 /Users/juju/dev_repos/books-v3/BooksTrackerPackage/Sources/BooksTrackerFeature/Common/WebSocketProgressManager.swift (in target 'BooksTrackerFeature' from project 'BooksTrackerFeature')
    cd /Users/juju/dev_repos/books-v3
    

SwiftCompile normal arm64 /Users/juju/dev_repos/books-v3/BooksTrackerPackage/Sources/BooksTrackerFeature/Components/AuroraGradient.swift (in target 'BooksTrackerFeature' from project 'BooksTrackerFeature')
    cd /Users/juju/dev_repos/books-v3
    

SwiftCompile normal arm64 /Users/juju/dev_repos/books-v3/BooksTrackerPackage/Sources/BooksTrackerFeature/Components/BookCardSkeleton.swift (in target 'BooksTrackerFeature' from project 'BooksTrackerFeature')
    cd /Users/juju/dev_repos/books-v3
    

SwiftCompile normal arm64 /Users/juju/dev_repos/books-v3/BooksTrackerPackage/Sources/BooksTrackerFeature/Components/BookMetadataRow.swift (in target 'BooksTrackerFeature' from project 'BooksTrackerFeature')
    cd /Users/juju/dev_repos/books-v3
    

SwiftCompile normal arm64 /Users/juju/dev_repos/books-v3/BooksTrackerPackage/Sources/BooksTrackerFeature/Components/EditionMetadataView.swift (in target 'BooksTrackerFeature' from project 'BooksTrackerFeature')
    cd /Users/juju/dev_repos/books-v3
    

SwiftCompile normal arm64 /Users/juju/dev_repos/books-v3/BooksTrackerPackage/Sources/BooksTrackerFeature/Components/EndSessionSheet.swift (in target 'BooksTrackerFeature' from project 'BooksTrackerFeature')
    cd /Users/juju/dev_repos/books-v3
    

SwiftCompile normal arm64 /Users/juju/dev_repos/books-v3/BooksTrackerPackage/Sources/BooksTrackerFeature/Components/EnrichmentCompletionToast.swift (in target 'BooksTrackerFeature' from project 'BooksTrackerFeature')
    cd /Users/juju/dev_repos/books-v3
    

SwiftCompile normal arm64 /Users/juju/dev_repos/books-v3/BooksTrackerPackage/Sources/BooksTrackerFeature/Components/EnrichmentErrorToast.swift (in target 'BooksTrackerFeature' from project 'BooksTrackerFeature')
    cd /Users/juju/dev_repos/books-v3
    

SwiftCompile normal arm64 /Users/juju/dev_repos/books-v3/BooksTrackerPackage/Sources/BooksTrackerFeature/Components/EnrichmentIndicator.swift (in target 'BooksTrackerFeature' from project 'BooksTrackerFeature')
    cd /Users/juju/dev_repos/books-v3
    

SwiftCompile normal arm64 /Users/juju/dev_repos/books-v3/BooksTrackerPackage/Sources/BooksTrackerFeature/Components/GenreTagView.swift (in target 'BooksTrackerFeature' from project 'BooksTrackerFeature')
    cd /Users/juju/dev_repos/books-v3
    

SwiftCompile normal arm64 /Users/juju/dev_repos/books-v3/BooksTrackerPackage/Sources/BooksTrackerFeature/Components/GlassCard.swift (in target 'BooksTrackerFeature' from project 'BooksTrackerFeature')
    cd /Users/juju/dev_repos/books-v3
    

SwiftCompile normal arm64 /Users/juju/dev_repos/books-v3/BooksTrackerPackage/Sources/BooksTrackerFeature/Components/LibraryStatusBadge.swift (in target 'BooksTrackerFeature' from project 'BooksTrackerFeature')
    cd /Users/juju/dev_repos/books-v3
    

SwiftCompile normal arm64 /Users/juju/dev_repos/books-v3/BooksTrackerPackage/Sources/BooksTrackerFeature/Components/NotesEditorView.swift (in target 'BooksTrackerFeature' from project 'BooksTrackerFeature')
    cd /Users/juju/dev_repos/books-v3
    

SwiftCompile normal arm64 /Users/juju/dev_repos/books-v3/BooksTrackerPackage/Sources/BooksTrackerFeature/Components/RateLimitBanner.swift (in target 'BooksTrackerFeature' from project 'BooksTrackerFeature')
    cd /Users/juju/dev_repos/books-v3
    

SwiftCompile normal arm64 /Users/juju/dev_repos/books-v3/BooksTrackerPackage/Sources/BooksTrackerFeature/Components/ScaleButtonStyle.swift (in target 'BooksTrackerFeature' from project 'BooksTrackerFeature')
    cd /Users/juju/dev_repos/books-v3
    

SwiftCompile normal arm64 /Users/juju/dev_repos/books-v3/BooksTrackerPackage/Sources/BooksTrackerFeature/Components/StarRatingView.swift (in target 'BooksTrackerFeature' from project 'BooksTrackerFeature')
    cd /Users/juju/dev_repos/books-v3
    

SwiftCompile normal arm64 /Users/juju/dev_repos/books-v3/BooksTrackerPackage/Sources/BooksTrackerFeature/ContentView.swift (in target 'BooksTrackerFeature' from project 'BooksTrackerFeature')
    cd /Users/juju/dev_repos/books-v3
    

SwiftCompile normal arm64 Compiling\ TrendingActivity.swift,\ UserSettings.swift,\ WeeklyRecommendation.swift,\ WorkOverride.swift,\ ProgressComponents.swift,\ ReadingHabitsModule.swift,\ ReadingHabitsViewModel.swift,\ ReadingProgressModule.swift,\ ReadingStatusParser.swift,\ CorrectionView.swift,\ ManualMatchView.swift,\ ReviewQueueModel.swift,\ ReviewQueueView.swift,\ SearchModel.swift,\ SearchView.swift,\ SearchMode.swift,\ SearchView+EmptyStates.swift,\ SearchView+InitialState.swift,\ SearchView+Loading.swift /Users/juju/dev_repos/books-v3/BooksTrackerPackage/Sources/BooksTrackerFeature/Models/TrendingActivity.swift /Users/juju/dev_repos/books-v3/BooksTrackerPackage/Sources/BooksTrackerFeature/Models/UserSettings.swift /Users/juju/dev_repos/books-v3/BooksTrackerPackage/Sources/BooksTrackerFeature/Models/WeeklyRecommendation.swift /Users/juju/dev_repos/books-v3/BooksTrackerPackage/Sources/BooksTrackerFeature/Models/WorkOverride.swift /Users/juju/dev_repos/books-v3/BooksTrackerPackage/Sources/BooksTrackerFeature/ProgressViews/ProgressComponents.swift /Users/juju/dev_repos/books-v3/BooksTrackerPackage/Sources/BooksTrackerFeature/ReadingHabitsModule.swift /Users/juju/dev_repos/books-v3/BooksTrackerPackage/Sources/BooksTrackerFeature/ReadingHabitsViewModel.swift /Users/juju/dev_repos/books-v3/BooksTrackerPackage/Sources/BooksTrackerFeature/ReadingProgressModule.swift /Users/juju/dev_repos/books-v3/BooksTrackerPackage/Sources/BooksTrackerFeature/ReadingStatusParser.swift /Users/juju/dev_repos/books-v3/BooksTrackerPackage/Sources/BooksTrackerFeature/ReviewQueue/CorrectionView.swift /Users/juju/dev_repos/books-v3/BooksTrackerPackage/Sources/BooksTrackerFeature/ReviewQueue/ManualMatchView.swift /Users/juju/dev_repos/books-v3/BooksTrackerPackage/Sources/BooksTrackerFeature/ReviewQueue/ReviewQueueModel.swift /Users/juju/dev_repos/books-v3/BooksTrackerPackage/Sources/BooksTrackerFeature/ReviewQueue/ReviewQueueView.swift /Users/juju/dev_repos/books-v3/BooksTrackerPackage/Sources/BooksTrackerFeature/SearchModel.swift /Users/juju/dev_repos/books-v3/BooksTrackerPackage/Sources/BooksTrackerFeature/SearchView.swift /Users/juju/dev_repos/books-v3/BooksTrackerPackage/Sources/BooksTrackerFeature/SearchView/SearchMode.swift /Users/juju/dev_repos/books-v3/BooksTrackerPackage/Sources/BooksTrackerFeature/SearchView/SearchView+EmptyStates.swift /Users/juju/dev_repos/books-v3/BooksTrackerPackage/Sources/BooksTrackerFeature/SearchView/SearchView+InitialState.swift /Users/juju/dev_repos/books-v3/BooksTrackerPackage/Sources/BooksTrackerFeature/SearchView/SearchView+Loading.swift (in target 'BooksTrackerFeature' from project 'BooksTrackerFeature')

SwiftCompile normal arm64 /Users/juju/dev_repos/books-v3/BooksTrackerPackage/Sources/BooksTrackerFeature/Models/TrendingActivity.swift (in target 'BooksTrackerFeature' from project 'BooksTrackerFeature')
    cd /Users/juju/dev_repos/books-v3
    

SwiftCompile normal arm64 /Users/juju/dev_repos/books-v3/BooksTrackerPackage/Sources/BooksTrackerFeature/Models/UserSettings.swift (in target 'BooksTrackerFeature' from project 'BooksTrackerFeature')
    cd /Users/juju/dev_repos/books-v3
    

SwiftCompile normal arm64 /Users/juju/dev_repos/books-v3/BooksTrackerPackage/Sources/BooksTrackerFeature/Models/WeeklyRecommendation.swift (in target 'BooksTrackerFeature' from project 'BooksTrackerFeature')
    cd /Users/juju/dev_repos/books-v3
    

SwiftCompile normal arm64 /Users/juju/dev_repos/books-v3/BooksTrackerPackage/Sources/BooksTrackerFeature/Models/WorkOverride.swift (in target 'BooksTrackerFeature' from project 'BooksTrackerFeature')
    cd /Users/juju/dev_repos/books-v3
    

SwiftCompile normal arm64 /Users/juju/dev_repos/books-v3/BooksTrackerPackage/Sources/BooksTrackerFeature/ProgressViews/ProgressComponents.swift (in target 'BooksTrackerFeature' from project 'BooksTrackerFeature')
    cd /Users/juju/dev_repos/books-v3
    

SwiftCompile normal arm64 /Users/juju/dev_repos/books-v3/BooksTrackerPackage/Sources/BooksTrackerFeature/ReadingHabitsModule.swift (in target 'BooksTrackerFeature' from project 'BooksTrackerFeature')
    cd /Users/juju/dev_repos/books-v3
    

SwiftCompile normal arm64 /Users/juju/dev_repos/books-v3/BooksTrackerPackage/Sources/BooksTrackerFeature/ReadingHabitsViewModel.swift (in target 'BooksTrackerFeature' from project 'BooksTrackerFeature')
    cd /Users/juju/dev_repos/books-v3
    

SwiftCompile normal arm64 /Users/juju/dev_repos/books-v3/BooksTrackerPackage/Sources/BooksTrackerFeature/ReadingProgressModule.swift (in target 'BooksTrackerFeature' from project 'BooksTrackerFeature')
    cd /Users/juju/dev_repos/books-v3
    

SwiftCompile normal arm64 /Users/juju/dev_repos/books-v3/BooksTrackerPackage/Sources/BooksTrackerFeature/ReadingStatusParser.swift (in target 'BooksTrackerFeature' from project 'BooksTrackerFeature')
    cd /Users/juju/dev_repos/books-v3
    

SwiftCompile normal arm64 /Users/juju/dev_repos/books-v3/BooksTrackerPackage/Sources/BooksTrackerFeature/ReviewQueue/CorrectionView.swift (in target 'BooksTrackerFeature' from project 'BooksTrackerFeature')
    cd /Users/juju/dev_repos/books-v3
    

SwiftCompile normal arm64 /Users/juju/dev_repos/books-v3/BooksTrackerPackage/Sources/BooksTrackerFeature/ReviewQueue/ManualMatchView.swift (in target 'BooksTrackerFeature' from project 'BooksTrackerFeature')
    cd /Users/juju/dev_repos/books-v3
    

SwiftCompile normal arm64 /Users/juju/dev_repos/books-v3/BooksTrackerPackage/Sources/BooksTrackerFeature/ReviewQueue/ReviewQueueModel.swift (in target 'BooksTrackerFeature' from project 'BooksTrackerFeature')
    cd /Users/juju/dev_repos/books-v3
    

SwiftCompile normal arm64 /Users/juju/dev_repos/books-v3/BooksTrackerPackage/Sources/BooksTrackerFeature/ReviewQueue/ReviewQueueView.swift (in target 'BooksTrackerFeature' from project 'BooksTrackerFeature')
    cd /Users/juju/dev_repos/books-v3
    

SwiftCompile normal arm64 /Users/juju/dev_repos/books-v3/BooksTrackerPackage/Sources/BooksTrackerFeature/SearchModel.swift (in target 'BooksTrackerFeature' from project 'BooksTrackerFeature')
    cd /Users/juju/dev_repos/books-v3
    

SwiftCompile normal arm64 /Users/juju/dev_repos/books-v3/BooksTrackerPackage/Sources/BooksTrackerFeature/SearchView.swift (in target 'BooksTrackerFeature' from project 'BooksTrackerFeature')
    cd /Users/juju/dev_repos/books-v3
    

SwiftCompile normal arm64 /Users/juju/dev_repos/books-v3/BooksTrackerPackage/Sources/BooksTrackerFeature/SearchView/SearchMode.swift (in target 'BooksTrackerFeature' from project 'BooksTrackerFeature')
    cd /Users/juju/dev_repos/books-v3
    

SwiftCompile normal arm64 /Users/juju/dev_repos/books-v3/BooksTrackerPackage/Sources/BooksTrackerFeature/SearchView/SearchView+EmptyStates.swift (in target 'BooksTrackerFeature' from project 'BooksTrackerFeature')
    cd /Users/juju/dev_repos/books-v3
    

SwiftCompile normal arm64 /Users/juju/dev_repos/books-v3/BooksTrackerPackage/Sources/BooksTrackerFeature/SearchView/SearchView+InitialState.swift (in target 'BooksTrackerFeature' from project 'BooksTrackerFeature')
    cd /Users/juju/dev_repos/books-v3
    

SwiftCompile normal arm64 /Users/juju/dev_repos/books-v3/BooksTrackerPackage/Sources/BooksTrackerFeature/SearchView/SearchView+Loading.swift (in target 'BooksTrackerFeature' from project 'BooksTrackerFeature')
    cd /Users/juju/dev_repos/books-v3
    

SwiftCompile normal arm64 Compiling\ AboutMakerView.swift,\ AcknowledgementsView.swift,\ AdvancedSearchView.swift,\ AnnotationsModule.swift,\ Author.swift,\ BentoGridView.swift,\ BookActionsModule.swift,\ BatchCaptureView.swift,\ BookshelfScannerView.swift,\ BoundingBoxOverlayView.swift,\ BookshelfCameraPreview.swift,\ BookshelfCameraSessionManager.swift,\ BookshelfCameraView.swift,\ BookshelfCameraViewModel.swift,\ CombinedImportView.swift,\ ConfidenceThresholds.swift,\ DetectedBook.swift,\ BatchScanModels.swift,\ ProgressStrategy.swift,\ ScanAnalyticsEvent.swift /Users/juju/dev_repos/books-v3/BooksTrackerPackage/Sources/BooksTrackerFeature/AboutMakerView.swift /Users/juju/dev_repos/books-v3/BooksTrackerPackage/Sources/BooksTrackerFeature/AcknowledgementsView.swift /Users/juju/dev_repos/books-v3/BooksTrackerPackage/Sources/BooksTrackerFeature/AdvancedSearchView.swift /Users/juju/dev_repos/books-v3/BooksTrackerPackage/Sources/BooksTrackerFeature/AnnotationsModule.swift /Users/juju/dev_repos/books-v3/BooksTrackerPackage/Sources/BooksTrackerFeature/Author.swift /Users/juju/dev_repos/books-v3/BooksTrackerPackage/Sources/BooksTrackerFeature/BentoGridView.swift /Users/juju/dev_repos/books-v3/BooksTrackerPackage/Sources/BooksTrackerFeature/BookActionsModule.swift /Users/juju/dev_repos/books-v3/BooksTrackerPackage/Sources/BooksTrackerFeature/BookshelfScanning/BatchCaptureView.swift /Users/juju/dev_repos/books-v3/BooksTrackerPackage/Sources/BooksTrackerFeature/BookshelfScanning/BookshelfScannerView.swift /Users/juju/dev_repos/books-v3/BooksTrackerPackage/Sources/BooksTrackerFeature/BookshelfScanning/BoundingBoxOverlayView.swift /Users/juju/dev_repos/books-v3/BooksTrackerPackage/Sources/BooksTrackerFeature/BookshelfScanning/Camera/BookshelfCameraPreview.swift /Users/juju/dev_repos/books-v3/BooksTrackerPackage/Sources/BooksTrackerFeature/BookshelfScanning/Camera/BookshelfCameraSessionManager.swift /Users/juju/dev_repos/books-v3/BooksTrackerPackage/Sources/BooksTrackerFeature/BookshelfScanning/Camera/BookshelfCameraView.swift /Users/juju/dev_repos/books-v3/BooksTrackerPackage/Sources/BooksTrackerFeature/BookshelfScanning/Camera/BookshelfCameraViewModel.swift /Users/juju/dev_repos/books-v3/BooksTrackerPackage/Sources/BooksTrackerFeature/BookshelfScanning/CombinedImportView.swift /Users/juju/dev_repos/books-v3/BooksTrackerPackage/Sources/BooksTrackerFeature/BookshelfScanning/ConfidenceThresholds.swift /Users/juju/dev_repos/books-v3/BooksTrackerPackage/Sources/BooksTrackerFeature/BookshelfScanning/DetectedBook.swift /Users/juju/dev_repos/books-v3/BooksTrackerPackage/Sources/BooksTrackerFeature/BookshelfScanning/Models/BatchScanModels.swift /Users/juju/dev_repos/books-v3/BooksTrackerPackage/Sources/BooksTrackerFeature/BookshelfScanning/Models/ProgressStrategy.swift /Users/juju/dev_repos/books-v3/BooksTrackerPackage/Sources/BooksTrackerFeature/BookshelfScanning/Models/ScanAnalyticsEvent.swift (in target 'BooksTrackerFeature' from project 'BooksTrackerFeature')
SwiftCompile normal arm64 /Users/juju/dev_repos/books-v3/BooksTrackerPackage/Sources/BooksTrackerFeature/AboutMakerView.swift (in target 'BooksTrackerFeature' from project 'BooksTrackerFeature')
    cd /Users/juju/dev_repos/books-v3
    

SwiftCompile normal arm64 /Users/juju/dev_repos/books-v3/BooksTrackerPackage/Sources/BooksTrackerFeature/AcknowledgementsView.swift (in target 'BooksTrackerFeature' from project 'BooksTrackerFeature')
    cd /Users/juju/dev_repos/books-v3
    

SwiftCompile normal arm64 /Users/juju/dev_repos/books-v3/BooksTrackerPackage/Sources/BooksTrackerFeature/AdvancedSearchView.swift (in target 'BooksTrackerFeature' from project 'BooksTrackerFeature')
    cd /Users/juju/dev_repos/books-v3
    

SwiftCompile normal arm64 /Users/juju/dev_repos/books-v3/BooksTrackerPackage/Sources/BooksTrackerFeature/AnnotationsModule.swift (in target 'BooksTrackerFeature' from project 'BooksTrackerFeature')
    cd /Users/juju/dev_repos/books-v3
    

SwiftCompile normal arm64 /Users/juju/dev_repos/books-v3/BooksTrackerPackage/Sources/BooksTrackerFeature/Author.swift (in target 'BooksTrackerFeature' from project 'BooksTrackerFeature')
    cd /Users/juju/dev_repos/books-v3
    

SwiftCompile normal arm64 /Users/juju/dev_repos/books-v3/BooksTrackerPackage/Sources/BooksTrackerFeature/BentoGridView.swift (in target 'BooksTrackerFeature' from project 'BooksTrackerFeature')
    cd /Users/juju/dev_repos/books-v3
    

SwiftCompile normal arm64 /Users/juju/dev_repos/books-v3/BooksTrackerPackage/Sources/BooksTrackerFeature/BookActionsModule.swift (in target 'BooksTrackerFeature' from project 'BooksTrackerFeature')
    cd /Users/juju/dev_repos/books-v3
    

SwiftCompile normal arm64 /Users/juju/dev_repos/books-v3/BooksTrackerPackage/Sources/BooksTrackerFeature/BookshelfScanning/BatchCaptureView.swift (in target 'BooksTrackerFeature' from project 'BooksTrackerFeature')
    cd /Users/juju/dev_repos/books-v3
    

SwiftCompile normal arm64 /Users/juju/dev_repos/books-v3/BooksTrackerPackage/Sources/BooksTrackerFeature/BookshelfScanning/BookshelfScannerView.swift (in target 'BooksTrackerFeature' from project 'BooksTrackerFeature')
    cd /Users/juju/dev_repos/books-v3
    

SwiftCompile normal arm64 /Users/juju/dev_repos/books-v3/BooksTrackerPackage/Sources/BooksTrackerFeature/BookshelfScanning/BoundingBoxOverlayView.swift (in target 'BooksTrackerFeature' from project 'BooksTrackerFeature')
    cd /Users/juju/dev_repos/books-v3
    

SwiftCompile normal arm64 /Users/juju/dev_repos/books-v3/BooksTrackerPackage/Sources/BooksTrackerFeature/BookshelfScanning/Camera/BookshelfCameraPreview.swift (in target 'BooksTrackerFeature' from project 'BooksTrackerFeature')
    cd /Users/juju/dev_repos/books-v3
    

SwiftCompile normal arm64 /Users/juju/dev_repos/books-v3/BooksTrackerPackage/Sources/BooksTrackerFeature/BookshelfScanning/Camera/BookshelfCameraSessionManager.swift (in target 'BooksTrackerFeature' from project 'BooksTrackerFeature')
    cd /Users/juju/dev_repos/books-v3
    

SwiftCompile normal arm64 /Users/juju/dev_repos/books-v3/BooksTrackerPackage/Sources/BooksTrackerFeature/BookshelfScanning/Camera/BookshelfCameraView.swift (in target 'BooksTrackerFeature' from project 'BooksTrackerFeature')
    cd /Users/juju/dev_repos/books-v3
    

SwiftCompile normal arm64 /Users/juju/dev_repos/books-v3/BooksTrackerPackage/Sources/BooksTrackerFeature/BookshelfScanning/Camera/BookshelfCameraViewModel.swift (in target 'BooksTrackerFeature' from project 'BooksTrackerFeature')
    cd /Users/juju/dev_repos/books-v3
    

SwiftCompile normal arm64 /Users/juju/dev_repos/books-v3/BooksTrackerPackage/Sources/BooksTrackerFeature/BookshelfScanning/CombinedImportView.swift (in target 'BooksTrackerFeature' from project 'BooksTrackerFeature')
    cd /Users/juju/dev_repos/books-v3
    

SwiftCompile normal arm64 /Users/juju/dev_repos/books-v3/BooksTrackerPackage/Sources/BooksTrackerFeature/BookshelfScanning/ConfidenceThresholds.swift (in target 'BooksTrackerFeature' from project 'BooksTrackerFeature')
    cd /Users/juju/dev_repos/books-v3
    

SwiftCompile normal arm64 /Users/juju/dev_repos/books-v3/BooksTrackerPackage/Sources/BooksTrackerFeature/BookshelfScanning/DetectedBook.swift (in target 'BooksTrackerFeature' from project 'BooksTrackerFeature')
    cd /Users/juju/dev_repos/books-v3
    

SwiftCompile normal arm64 /Users/juju/dev_repos/books-v3/BooksTrackerPackage/Sources/BooksTrackerFeature/BookshelfScanning/Models/BatchScanModels.swift (in target 'BooksTrackerFeature' from project 'BooksTrackerFeature')
    cd /Users/juju/dev_repos/books-v3
    

SwiftCompile normal arm64 /Users/juju/dev_repos/books-v3/BooksTrackerPackage/Sources/BooksTrackerFeature/BookshelfScanning/Models/ProgressStrategy.swift (in target 'BooksTrackerFeature' from project 'BooksTrackerFeature')
    cd /Users/juju/dev_repos/books-v3
    

SwiftCompile normal arm64 /Users/juju/dev_repos/books-v3/BooksTrackerPackage/Sources/BooksTrackerFeature/BookshelfScanning/Models/ScanAnalyticsEvent.swift (in target 'BooksTrackerFeature' from project 'BooksTrackerFeature')
    cd /Users/juju/dev_repos/books-v3
    

SwiftCompile normal arm64 Compiling\ FlowLayout.swift,\ LibraryRepository.swift,\ ModelTypes.swift,\ APICapabilities.swift,\ AuthorMetadata.swift,\ BookEnrichment.swift,\ DiversityMetric.swift,\ DiversityScore.swift,\ DiversityStats.swift,\ DiversityStatsMigrationPlan.swift,\ EnhancedDiversityStats.swift,\ NotificationPayloads.swift,\ ReadingSession.swift,\ ReadingStats.swift,\ ReviewStatus.swift,\ SearchCoordinator.swift,\ SearchResultDTO.swift,\ SimilarBooksCache.swift,\ StreakData.swift /Users/juju/dev_repos/books-v3/BooksTrackerPackage/Sources/BooksTrackerFeature/Insights/Utilities/FlowLayout.swift /Users/juju/dev_repos/books-v3/BooksTrackerPackage/Sources/BooksTrackerFeature/LibraryRepository.swift /Users/juju/dev_repos/books-v3/BooksTrackerPackage/Sources/BooksTrackerFeature/ModelTypes.swift /Users/juju/dev_repos/books-v3/BooksTrackerPackage/Sources/BooksTrackerFeature/Models/APICapabilities.swift /Users/juju/dev_repos/books-v3/BooksTrackerPackage/Sources/BooksTrackerFeature/Models/AuthorMetadata.swift /Users/juju/dev_repos/books-v3/BooksTrackerPackage/Sources/BooksTrackerFeature/Models/BookEnrichment.swift /Users/juju/dev_repos/books-v3/BooksTrackerPackage/Sources/BooksTrackerFeature/Models/DiversityMetric.swift /Users/juju/dev_repos/books-v3/BooksTrackerPackage/Sources/BooksTrackerFeature/Models/DiversityScore.swift /Users/juju/dev_repos/books-v3/BooksTrackerPackage/Sources/BooksTrackerFeature/Models/DiversityStats.swift /Users/juju/dev_repos/books-v3/BooksTrackerPackage/Sources/BooksTrackerFeature/Models/DiversityStatsMigrationPlan.swift /Users/juju/dev_repos/books-v3/BooksTrackerPackage/Sources/BooksTrackerFeature/Models/EnhancedDiversityStats.swift /Users/juju/dev_repos/books-v3/BooksTrackerPackage/Sources/BooksTrackerFeature/Models/NotificationPayloads.swift /Users/juju/dev_repos/books-v3/BooksTrackerPackage/Sources/BooksTrackerFeature/Models/ReadingSession.swift /Users/juju/dev_repos/books-v3/BooksTrackerPackage/Sources/BooksTrackerFeature/Models/ReadingStats.swift /Users/juju/dev_repos/books-v3/BooksTrackerPackage/Sources/BooksTrackerFeature/Models/ReviewStatus.swift /Users/juju/dev_repos/books-v3/BooksTrackerPackage/Sources/BooksTrackerFeature/Models/SearchCoordinator.swift /Users/juju/dev_repos/books-v3/BooksTrackerPackage/Sources/BooksTrackerFeature/Models/SearchResultDTO.swift /Users/juju/dev_repos/books-v3/BooksTrackerPackage/Sources/BooksTrackerFeature/Models/SimilarBooksCache.swift /Users/juju/dev_repos/books-v3/BooksTrackerPackage/Sources/BooksTrackerFeature/Models/StreakData.swift (in target 'BooksTrackerFeature' from project 'BooksTrackerFeature')

SwiftCompile normal arm64 /Users/juju/dev_repos/books-v3/BooksTrackerPackage/Sources/BooksTrackerFeature/Insights/Utilities/FlowLayout.swift (in target 'BooksTrackerFeature' from project 'BooksTrackerFeature')
    cd /Users/juju/dev_repos/books-v3
    

SwiftCompile normal arm64 /Users/juju/dev_repos/books-v3/BooksTrackerPackage/Sources/BooksTrackerFeature/LibraryRepository.swift (in target 'BooksTrackerFeature' from project 'BooksTrackerFeature')
    cd /Users/juju/dev_repos/books-v3
    

SwiftCompile normal arm64 /Users/juju/dev_repos/books-v3/BooksTrackerPackage/Sources/BooksTrackerFeature/ModelTypes.swift (in target 'BooksTrackerFeature' from project 'BooksTrackerFeature')
    cd /Users/juju/dev_repos/books-v3
    

SwiftCompile normal arm64 /Users/juju/dev_repos/books-v3/BooksTrackerPackage/Sources/BooksTrackerFeature/Models/APICapabilities.swift (in target 'BooksTrackerFeature' from project 'BooksTrackerFeature')
    cd /Users/juju/dev_repos/books-v3
    

SwiftCompile normal arm64 /Users/juju/dev_repos/books-v3/BooksTrackerPackage/Sources/BooksTrackerFeature/Models/AuthorMetadata.swift (in target 'BooksTrackerFeature' from project 'BooksTrackerFeature')
    cd /Users/juju/dev_repos/books-v3
    

SwiftCompile normal arm64 /Users/juju/dev_repos/books-v3/BooksTrackerPackage/Sources/BooksTrackerFeature/Models/BookEnrichment.swift (in target 'BooksTrackerFeature' from project 'BooksTrackerFeature')
    cd /Users/juju/dev_repos/books-v3
    

SwiftCompile normal arm64 /Users/juju/dev_repos/books-v3/BooksTrackerPackage/Sources/BooksTrackerFeature/Models/DiversityMetric.swift (in target 'BooksTrackerFeature' from project 'BooksTrackerFeature')
    cd /Users/juju/dev_repos/books-v3
    

SwiftCompile normal arm64 /Users/juju/dev_repos/books-v3/BooksTrackerPackage/Sources/BooksTrackerFeature/Models/DiversityScore.swift (in target 'BooksTrackerFeature' from project 'BooksTrackerFeature')
    cd /Users/juju/dev_repos/books-v3
    

SwiftCompile normal arm64 /Users/juju/dev_repos/books-v3/BooksTrackerPackage/Sources/BooksTrackerFeature/Models/DiversityStats.swift (in target 'BooksTrackerFeature' from project 'BooksTrackerFeature')
    cd /Users/juju/dev_repos/books-v3
    

SwiftCompile normal arm64 /Users/juju/dev_repos/books-v3/BooksTrackerPackage/Sources/BooksTrackerFeature/Models/DiversityStatsMigrationPlan.swift (in target 'BooksTrackerFeature' from project 'BooksTrackerFeature')
    cd /Users/juju/dev_repos/books-v3
    

SwiftCompile normal arm64 /Users/juju/dev_repos/books-v3/BooksTrackerPackage/Sources/BooksTrackerFeature/Models/EnhancedDiversityStats.swift (in target 'BooksTrackerFeature' from project 'BooksTrackerFeature')
    cd /Users/juju/dev_repos/books-v3
    

SwiftCompile normal arm64 /Users/juju/dev_repos/books-v3/BooksTrackerPackage/Sources/BooksTrackerFeature/Models/NotificationPayloads.swift (in target 'BooksTrackerFeature' from project 'BooksTrackerFeature')
    cd /Users/juju/dev_repos/books-v3
    

SwiftCompile normal arm64 /Users/juju/dev_repos/books-v3/BooksTrackerPackage/Sources/BooksTrackerFeature/Models/ReadingSession.swift (in target 'BooksTrackerFeature' from project 'BooksTrackerFeature')
    cd /Users/juju/dev_repos/books-v3
    

SwiftCompile normal arm64 /Users/juju/dev_repos/books-v3/BooksTrackerPackage/Sources/BooksTrackerFeature/Models/ReadingStats.swift (in target 'BooksTrackerFeature' from project 'BooksTrackerFeature')
    cd /Users/juju/dev_repos/books-v3
    

SwiftCompile normal arm64 /Users/juju/dev_repos/books-v3/BooksTrackerPackage/Sources/BooksTrackerFeature/Models/ReviewStatus.swift (in target 'BooksTrackerFeature' from project 'BooksTrackerFeature')
    cd /Users/juju/dev_repos/books-v3
    

SwiftCompile normal arm64 /Users/juju/dev_repos/books-v3/BooksTrackerPackage/Sources/BooksTrackerFeature/Models/SearchCoordinator.swift (in target 'BooksTrackerFeature' from project 'BooksTrackerFeature')
    cd /Users/juju/dev_repos/books-v3
    

SwiftCompile normal arm64 /Users/juju/dev_repos/books-v3/BooksTrackerPackage/Sources/BooksTrackerFeature/Models/SearchResultDTO.swift (in target 'BooksTrackerFeature' from project 'BooksTrackerFeature')
    cd /Users/juju/dev_repos/books-v3
    

SwiftCompile normal arm64 /Users/juju/dev_repos/books-v3/BooksTrackerPackage/Sources/BooksTrackerFeature/Models/SimilarBooksCache.swift (in target 'BooksTrackerFeature' from project 'BooksTrackerFeature')
    cd /Users/juju/dev_repos/books-v3
    

SwiftCompile normal arm64 /Users/juju/dev_repos/books-v3/BooksTrackerPackage/Sources/BooksTrackerFeature/Models/StreakData.swift (in target 'BooksTrackerFeature' from project 'BooksTrackerFeature')
    cd /Users/juju/dev_repos/books-v3
    

SwiftCompile normal arm64 Compiling\ ImagePrefetcher.swift,\ ImportService.swift,\ LaunchMetrics.swift,\ LibraryFilterService.swift,\ NotificationCoordinator.swift,\ ReadingSessionService.swift,\ SampleDataGenerator.swift,\ SessionAnalyticsService.swift,\ WeeklyRecommendationsCache.swift,\ WeeklyRecommendationsService.swift,\ WorkflowImportService.swift,\ EnrichmentQueueDetailsView.swift,\ EnrichmentQueueRow.swift,\ SettingsView.swift,\ TabCoordinator.swift,\ ThemeSelectionView.swift,\ EnrichmentBanner.swift,\ UserLibraryEntry.swift,\ CelebrationView.swift /Users/juju/dev_repos/books-v3/BooksTrackerPackage/Sources/BooksTrackerFeature/Services/ImagePrefetcher.swift /Users/juju/dev_repos/books-v3/BooksTrackerPackage/Sources/BooksTrackerFeature/Services/ImportService.swift /Users/juju/dev_repos/books-v3/BooksTrackerPackage/Sources/BooksTrackerFeature/Services/LaunchMetrics.swift /Users/juju/dev_repos/books-v3/BooksTrackerPackage/Sources/BooksTrackerFeature/Services/LibraryFilterService.swift /Users/juju/dev_repos/books-v3/BooksTrackerPackage/Sources/BooksTrackerFeature/Services/NotificationCoordinator.swift /Users/juju/dev_repos/books-v3/BooksTrackerPackage/Sources/BooksTrackerFeature/Services/ReadingSessionService.swift /Users/juju/dev_repos/books-v3/BooksTrackerPackage/Sources/BooksTrackerFeature/Services/SampleDataGenerator.swift /Users/juju/dev_repos/books-v3/BooksTrackerPackage/Sources/BooksTrackerFeature/Services/SessionAnalyticsService.swift /Users/juju/dev_repos/books-v3/BooksTrackerPackage/Sources/BooksTrackerFeature/Services/WeeklyRecommendationsCache.swift /Users/juju/dev_repos/books-v3/BooksTrackerPackage/Sources/BooksTrackerFeature/Services/WeeklyRecommendationsService.swift /Users/juju/dev_repos/books-v3/BooksTrackerPackage/Sources/BooksTrackerFeature/Services/WorkflowImportService.swift /Users/juju/dev_repos/books-v3/BooksTrackerPackage/Sources/BooksTrackerFeature/Settings/EnrichmentQueueDetailsView.swift /Users/juju/dev_repos/books-v3/BooksTrackerPackage/Sources/BooksTrackerFeature/Settings/EnrichmentQueueRow.swift /Users/juju/dev_repos/books-v3/BooksTrackerPackage/Sources/BooksTrackerFeature/SettingsView.swift /Users/juju/dev_repos/books-v3/BooksTrackerPackage/Sources/BooksTrackerFeature/TabCoordinator.swift /Users/juju/dev_repos/books-v3/BooksTrackerPackage/Sources/BooksTrackerFeature/ThemeSelectionView.swift /Users/juju/dev_repos/books-v3/BooksTrackerPackage/Sources/BooksTrackerFeature/UI/EnrichmentBanner.swift /Users/juju/dev_repos/books-v3/BooksTrackerPackage/Sources/BooksTrackerFeature/UserLibraryEntry.swift /Users/juju/dev_repos/books-v3/BooksTrackerPackage/Sources/BooksTrackerFeature/Views/Components/CelebrationView.swift (in target 'BooksTrackerFeature' from project 'BooksTrackerFeature')

SwiftCompile normal arm64 /Users/juju/dev_repos/books-v3/BooksTrackerPackage/Sources/BooksTrackerFeature/Services/ImagePrefetcher.swift (in target 'BooksTrackerFeature' from project 'BooksTrackerFeature')
    cd /Users/juju/dev_repos/books-v3
    

SwiftCompile normal arm64 /Users/juju/dev_repos/books-v3/BooksTrackerPackage/Sources/BooksTrackerFeature/Services/ImportService.swift (in target 'BooksTrackerFeature' from project 'BooksTrackerFeature')
    cd /Users/juju/dev_repos/books-v3
    

SwiftCompile normal arm64 /Users/juju/dev_repos/books-v3/BooksTrackerPackage/Sources/BooksTrackerFeature/Services/LaunchMetrics.swift (in target 'BooksTrackerFeature' from project 'BooksTrackerFeature')
    cd /Users/juju/dev_repos/books-v3
    

SwiftCompile normal arm64 /Users/juju/dev_repos/books-v3/BooksTrackerPackage/Sources/BooksTrackerFeature/Services/LibraryFilterService.swift (in target 'BooksTrackerFeature' from project 'BooksTrackerFeature')
    cd /Users/juju/dev_repos/books-v3
    

SwiftCompile normal arm64 /Users/juju/dev_repos/books-v3/BooksTrackerPackage/Sources/BooksTrackerFeature/Services/NotificationCoordinator.swift (in target 'BooksTrackerFeature' from project 'BooksTrackerFeature')
    cd /Users/juju/dev_repos/books-v3
    

SwiftCompile normal arm64 /Users/juju/dev_repos/books-v3/BooksTrackerPackage/Sources/BooksTrackerFeature/Services/ReadingSessionService.swift (in target 'BooksTrackerFeature' from project 'BooksTrackerFeature')
    cd /Users/juju/dev_repos/books-v3
    

SwiftCompile normal arm64 /Users/juju/dev_repos/books-v3/BooksTrackerPackage/Sources/BooksTrackerFeature/Services/SampleDataGenerator.swift (in target 'BooksTrackerFeature' from project 'BooksTrackerFeature')
    cd /Users/juju/dev_repos/books-v3
    

SwiftCompile normal arm64 /Users/juju/dev_repos/books-v3/BooksTrackerPackage/Sources/BooksTrackerFeature/Services/SessionAnalyticsService.swift (in target 'BooksTrackerFeature' from project 'BooksTrackerFeature')
    cd /Users/juju/dev_repos/books-v3
    

SwiftCompile normal arm64 /Users/juju/dev_repos/books-v3/BooksTrackerPackage/Sources/BooksTrackerFeature/Services/WeeklyRecommendationsCache.swift (in target 'BooksTrackerFeature' from project 'BooksTrackerFeature')
    cd /Users/juju/dev_repos/books-v3
    

SwiftCompile normal arm64 /Users/juju/dev_repos/books-v3/BooksTrackerPackage/Sources/BooksTrackerFeature/Services/WeeklyRecommendationsService.swift (in target 'BooksTrackerFeature' from project 'BooksTrackerFeature')
    cd /Users/juju/dev_repos/books-v3
    

SwiftCompile normal arm64 /Users/juju/dev_repos/books-v3/BooksTrackerPackage/Sources/BooksTrackerFeature/Services/WorkflowImportService.swift (in target 'BooksTrackerFeature' from project 'BooksTrackerFeature')
    cd /Users/juju/dev_repos/books-v3
    

SwiftCompile normal arm64 /Users/juju/dev_repos/books-v3/BooksTrackerPackage/Sources/BooksTrackerFeature/Settings/EnrichmentQueueDetailsView.swift (in target 'BooksTrackerFeature' from project 'BooksTrackerFeature')
    cd /Users/juju/dev_repos/books-v3
    

SwiftCompile normal arm64 /Users/juju/dev_repos/books-v3/BooksTrackerPackage/Sources/BooksTrackerFeature/Settings/EnrichmentQueueRow.swift (in target 'BooksTrackerFeature' from project 'BooksTrackerFeature')
    cd /Users/juju/dev_repos/books-v3
    

SwiftCompile normal arm64 /Users/juju/dev_repos/books-v3/BooksTrackerPackage/Sources/BooksTrackerFeature/SettingsView.swift (in target 'BooksTrackerFeature' from project 'BooksTrackerFeature')
    cd /Users/juju/dev_repos/books-v3
    

SwiftCompile normal arm64 /Users/juju/dev_repos/books-v3/BooksTrackerPackage/Sources/BooksTrackerFeature/TabCoordinator.swift (in target 'BooksTrackerFeature' from project 'BooksTrackerFeature')
    cd /Users/juju/dev_repos/books-v3
    

SwiftCompile normal arm64 /Users/juju/dev_repos/books-v3/BooksTrackerPackage/Sources/BooksTrackerFeature/ThemeSelectionView.swift (in target 'BooksTrackerFeature' from project 'BooksTrackerFeature')
    cd /Users/juju/dev_repos/books-v3
    

SwiftCompile normal arm64 /Users/juju/dev_repos/books-v3/BooksTrackerPackage/Sources/BooksTrackerFeature/UI/EnrichmentBanner.swift (in target 'BooksTrackerFeature' from project 'BooksTrackerFeature')
    cd /Users/juju/dev_repos/books-v3
    

SwiftCompile normal arm64 /Users/juju/dev_repos/books-v3/BooksTrackerPackage/Sources/BooksTrackerFeature/UserLibraryEntry.swift (in target 'BooksTrackerFeature' from project 'BooksTrackerFeature')
    cd /Users/juju/dev_repos/books-v3
    

SwiftCompile normal arm64 /Users/juju/dev_repos/books-v3/BooksTrackerPackage/Sources/BooksTrackerFeature/Views/Components/CelebrationView.swift (in target 'BooksTrackerFeature' from project 'BooksTrackerFeature')
    cd /Users/juju/dev_repos/books-v3
    

SwiftCompile normal arm64 Compiling\ ConfidenceBadge.swift,\ DiversityCompletionWidget.swift,\ HorizontalBookCarousel.swift,\ AlphabeticalIndexView.swift,\ ProgressiveProfilingSheet.swift,\ RepresentationRadarChart.swift,\ StreakVisualizationView.swift,\ WeeklyPicksView.swift,\ WorkflowProgressView.swift,\ Work.swift,\ WorkDetailView.swift,\ WorkDiscoveryView.swift,\ iOS26AdaptiveBookCard.swift,\ iOS26FloatingBookCard.swift,\ iOS26FluidGridSystem.swift,\ iOS26GlassModifiers.swift,\ iOS26LiquidLibraryView.swift,\ iOS26LiquidListRow.swift,\ iOS26ThemeSystem.swift /Users/juju/dev_repos/books-v3/BooksTrackerPackage/Sources/BooksTrackerFeature/Views/Components/ConfidenceBadge.swift /Users/juju/dev_repos/books-v3/BooksTrackerPackage/Sources/BooksTrackerFeature/Views/DiversityCompletionWidget.swift /Users/juju/dev_repos/books-v3/BooksTrackerPackage/Sources/BooksTrackerFeature/Views/HorizontalBookCarousel.swift /Users/juju/dev_repos/books-v3/BooksTrackerPackage/Sources/BooksTrackerFeature/Views/Library/AlphabeticalIndexView.swift /Users/juju/dev_repos/books-v3/BooksTrackerPackage/Sources/BooksTrackerFeature/Views/ProgressiveProfilingSheet.swift /Users/juju/dev_repos/books-v3/BooksTrackerPackage/Sources/BooksTrackerFeature/Views/RepresentationRadarChart.swift /Users/juju/dev_repos/books-v3/BooksTrackerPackage/Sources/BooksTrackerFeature/Views/StreakVisualizationView.swift /Users/juju/dev_repos/books-v3/BooksTrackerPackage/Sources/BooksTrackerFeature/Views/WeeklyPicksView.swift /Users/juju/dev_repos/books-v3/BooksTrackerPackage/Sources/BooksTrackerFeature/Views/WorkflowProgressView.swift /Users/juju/dev_repos/books-v3/BooksTrackerPackage/Sources/BooksTrackerFeature/Work.swift /Users/juju/dev_repos/books-v3/BooksTrackerPackage/Sources/BooksTrackerFeature/WorkDetailView.swift /Users/juju/dev_repos/books-v3/BooksTrackerPackage/Sources/BooksTrackerFeature/WorkDiscoveryView.swift /Users/juju/dev_repos/books-v3/BooksTrackerPackage/Sources/BooksTrackerFeature/iOS26AdaptiveBookCard.swift /Users/juju/dev_repos/books-v3/BooksTrackerPackage/Sources/BooksTrackerFeature/iOS26FloatingBookCard.swift /Users/juju/dev_repos/books-v3/BooksTrackerPackage/Sources/BooksTrackerFeature/iOS26FluidGridSystem.swift /Users/juju/dev_repos/books-v3/BooksTrackerPackage/Sources/BooksTrackerFeature/iOS26GlassModifiers.swift /Users/juju/dev_repos/books-v3/BooksTrackerPackage/Sources/BooksTrackerFeature/iOS26LiquidLibraryView.swift /Users/juju/dev_repos/books-v3/BooksTrackerPackage/Sources/BooksTrackerFeature/iOS26LiquidListRow.swift /Users/juju/dev_repos/books-v3/BooksTrackerPackage/Sources/BooksTrackerFeature/iOS26ThemeSystem.swift (in target 'BooksTrackerFeature' from project 'BooksTrackerFeature')
SwiftCompile normal arm64 /Users/juju/dev_repos/books-v3/BooksTrackerPackage/Sources/BooksTrackerFeature/Views/Components/ConfidenceBadge.swift (in target 'BooksTrackerFeature' from project 'BooksTrackerFeature')
    cd /Users/juju/dev_repos/books-v3
    

SwiftCompile normal arm64 /Users/juju/dev_repos/books-v3/BooksTrackerPackage/Sources/BooksTrackerFeature/Views/DiversityCompletionWidget.swift (in target 'BooksTrackerFeature' from project 'BooksTrackerFeature')
    cd /Users/juju/dev_repos/books-v3
    

SwiftCompile normal arm64 /Users/juju/dev_repos/books-v3/BooksTrackerPackage/Sources/BooksTrackerFeature/Views/HorizontalBookCarousel.swift (in target 'BooksTrackerFeature' from project 'BooksTrackerFeature')
    cd /Users/juju/dev_repos/books-v3
    

SwiftCompile normal arm64 /Users/juju/dev_repos/books-v3/BooksTrackerPackage/Sources/BooksTrackerFeature/Views/Library/AlphabeticalIndexView.swift (in target 'BooksTrackerFeature' from project 'BooksTrackerFeature')
    cd /Users/juju/dev_repos/books-v3
    

SwiftCompile normal arm64 /Users/juju/dev_repos/books-v3/BooksTrackerPackage/Sources/BooksTrackerFeature/Views/ProgressiveProfilingSheet.swift (in target 'BooksTrackerFeature' from project 'BooksTrackerFeature')
    cd /Users/juju/dev_repos/books-v3
    

SwiftCompile normal arm64 /Users/juju/dev_repos/books-v3/BooksTrackerPackage/Sources/BooksTrackerFeature/Views/RepresentationRadarChart.swift (in target 'BooksTrackerFeature' from project 'BooksTrackerFeature')
    cd /Users/juju/dev_repos/books-v3
    

SwiftCompile normal arm64 /Users/juju/dev_repos/books-v3/BooksTrackerPackage/Sources/BooksTrackerFeature/Views/StreakVisualizationView.swift (in target 'BooksTrackerFeature' from project 'BooksTrackerFeature')
    cd /Users/juju/dev_repos/books-v3
    

SwiftCompile normal arm64 /Users/juju/dev_repos/books-v3/BooksTrackerPackage/Sources/BooksTrackerFeature/Views/WeeklyPicksView.swift (in target 'BooksTrackerFeature' from project 'BooksTrackerFeature')
    cd /Users/juju/dev_repos/books-v3
    

SwiftCompile normal arm64 /Users/juju/dev_repos/books-v3/BooksTrackerPackage/Sources/BooksTrackerFeature/Views/WorkflowProgressView.swift (in target 'BooksTrackerFeature' from project 'BooksTrackerFeature')
    cd /Users/juju/dev_repos/books-v3
    

SwiftCompile normal arm64 /Users/juju/dev_repos/books-v3/BooksTrackerPackage/Sources/BooksTrackerFeature/Work.swift (in target 'BooksTrackerFeature' from project 'BooksTrackerFeature')
    cd /Users/juju/dev_repos/books-v3
    

SwiftCompile normal arm64 /Users/juju/dev_repos/books-v3/BooksTrackerPackage/Sources/BooksTrackerFeature/WorkDetailView.swift (in target 'BooksTrackerFeature' from project 'BooksTrackerFeature')
    cd /Users/juju/dev_repos/books-v3
    

SwiftCompile normal arm64 /Users/juju/dev_repos/books-v3/BooksTrackerPackage/Sources/BooksTrackerFeature/WorkDiscoveryView.swift (in target 'BooksTrackerFeature' from project 'BooksTrackerFeature')
    cd /Users/juju/dev_repos/books-v3
    

SwiftCompile normal arm64 /Users/juju/dev_repos/books-v3/BooksTrackerPackage/Sources/BooksTrackerFeature/iOS26AdaptiveBookCard.swift (in target 'BooksTrackerFeature' from project 'BooksTrackerFeature')
    cd /Users/juju/dev_repos/books-v3
    

SwiftCompile normal arm64 /Users/juju/dev_repos/books-v3/BooksTrackerPackage/Sources/BooksTrackerFeature/iOS26FloatingBookCard.swift (in target 'BooksTrackerFeature' from project 'BooksTrackerFeature')
    cd /Users/juju/dev_repos/books-v3
    

SwiftCompile normal arm64 /Users/juju/dev_repos/books-v3/BooksTrackerPackage/Sources/BooksTrackerFeature/iOS26FluidGridSystem.swift (in target 'BooksTrackerFeature' from project 'BooksTrackerFeature')
    cd /Users/juju/dev_repos/books-v3
    

SwiftCompile normal arm64 /Users/juju/dev_repos/books-v3/BooksTrackerPackage/Sources/BooksTrackerFeature/iOS26GlassModifiers.swift (in target 'BooksTrackerFeature' from project 'BooksTrackerFeature')
    cd /Users/juju/dev_repos/books-v3
    

SwiftCompile normal arm64 /Users/juju/dev_repos/books-v3/BooksTrackerPackage/Sources/BooksTrackerFeature/iOS26LiquidLibraryView.swift (in target 'BooksTrackerFeature' from project 'BooksTrackerFeature')
    cd /Users/juju/dev_repos/books-v3
    

SwiftCompile normal arm64 /Users/juju/dev_repos/books-v3/BooksTrackerPackage/Sources/BooksTrackerFeature/iOS26LiquidListRow.swift (in target 'BooksTrackerFeature' from project 'BooksTrackerFeature')
    cd /Users/juju/dev_repos/books-v3
    

SwiftCompile normal arm64 /Users/juju/dev_repos/books-v3/BooksTrackerPackage/Sources/BooksTrackerFeature/iOS26ThemeSystem.swift (in target 'BooksTrackerFeature' from project 'BooksTrackerFeature')
    cd /Users/juju/dev_repos/books-v3
    

SwiftEmitModule normal arm64 Emitting\ module\ for\ BooksTrackerFeature (in target 'BooksTrackerFeature' from project 'BooksTrackerFeature')

EmitSwiftModule normal arm64 (in target 'BooksTrackerFeature' from project 'BooksTrackerFeature')
    cd /Users/juju/dev_repos/books-v3
    

SwiftCompile normal arm64 Compiling\ Data+toString.swift,\ String+TitleNormalization.swift,\ FeatureFlags.swift,\ FloatingPillsView.swift,\ CSVValidator.swift,\ GeminiCSVImportService.swift,\ GeminiCSVImportView.swift,\ SSEClient.swift,\ SSEModels.swift,\ ISBNScannerView.swift,\ ISBNValidator.swift,\ ImmersiveHeaderView.swift,\ CulturalRegionsChart.swift,\ GenderDonutChart.swift,\ HeroStatsCard.swift,\ LanguageTagCloud.swift,\ RadarChartView.swift,\ ReadingStatsSection.swift,\ DiversityInsightsTab.swift,\ InsightsView.swift /Users/juju/dev_repos/books-v3/BooksTrackerPackage/Sources/BooksTrackerFeature/Extensions/Data+toString.swift /Users/juju/dev_repos/books-v3/BooksTrackerPackage/Sources/BooksTrackerFeature/Extensions/String+TitleNormalization.swift /Users/juju/dev_repos/books-v3/BooksTrackerPackage/Sources/BooksTrackerFeature/FeatureFlags.swift /Users/juju/dev_repos/books-v3/BooksTrackerPackage/Sources/BooksTrackerFeature/FloatingPillsView.swift /Users/juju/dev_repos/books-v3/BooksTrackerPackage/Sources/BooksTrackerFeature/GeminiCSVImport/CSVValidator.swift /Users/juju/dev_repos/books-v3/BooksTrackerPackage/Sources/BooksTrackerFeature/GeminiCSVImport/GeminiCSVImportService.swift /Users/juju/dev_repos/books-v3/BooksTrackerPackage/Sources/BooksTrackerFeature/GeminiCSVImport/GeminiCSVImportView.swift /Users/juju/dev_repos/books-v3/BooksTrackerPackage/Sources/BooksTrackerFeature/GeminiCSVImport/SSEClient.swift /Users/juju/dev_repos/books-v3/BooksTrackerPackage/Sources/BooksTrackerFeature/GeminiCSVImport/SSEModels.swift /Users/juju/dev_repos/books-v3/BooksTrackerPackage/Sources/BooksTrackerFeature/ISBNScannerView.swift /Users/juju/dev_repos/books-v3/BooksTrackerPackage/Sources/BooksTrackerFeature/ISBNValidator.swift /Users/juju/dev_repos/books-v3/BooksTrackerPackage/Sources/BooksTrackerFeature/ImmersiveHeaderView.swift /Users/juju/dev_repos/books-v3/BooksTrackerPackage/Sources/BooksTrackerFeature/Insights/Components/CulturalRegionsChart.swift /Users/juju/dev_repos/books-v3/BooksTrackerPackage/Sources/BooksTrackerFeature/Insights/Components/GenderDonutChart.swift /Users/juju/dev_repos/books-v3/BooksTrackerPackage/Sources/BooksTrackerFeature/Insights/Components/HeroStatsCard.swift /Users/juju/dev_repos/books-v3/BooksTrackerPackage/Sources/BooksTrackerFeature/Insights/Components/LanguageTagCloud.swift /Users/juju/dev_repos/books-v3/BooksTrackerPackage/Sources/BooksTrackerFeature/Insights/Components/RadarChartView.swift /Users/juju/dev_repos/books-v3/BooksTrackerPackage/Sources/BooksTrackerFeature/Insights/Components/ReadingStatsSection.swift /Users/juju/dev_repos/books-v3/BooksTrackerPackage/Sources/BooksTrackerFeature/Insights/DiversityInsightsTab.swift /Users/juju/dev_repos/books-v3/BooksTrackerPackage/Sources/BooksTrackerFeature/Insights/InsightsView.swift (in target 'BooksTrackerFeature' from project 'BooksTrackerFeature')

SwiftCompile normal arm64 /Users/juju/dev_repos/books-v3/BooksTrackerPackage/Sources/BooksTrackerFeature/Extensions/Data+toString.swift (in target 'BooksTrackerFeature' from project 'BooksTrackerFeature')
    cd /Users/juju/dev_repos/books-v3
    

SwiftCompile normal arm64 /Users/juju/dev_repos/books-v3/BooksTrackerPackage/Sources/BooksTrackerFeature/Extensions/String+TitleNormalization.swift (in target 'BooksTrackerFeature' from project 'BooksTrackerFeature')
    cd /Users/juju/dev_repos/books-v3
    

SwiftCompile normal arm64 /Users/juju/dev_repos/books-v3/BooksTrackerPackage/Sources/BooksTrackerFeature/FeatureFlags.swift (in target 'BooksTrackerFeature' from project 'BooksTrackerFeature')
    cd /Users/juju/dev_repos/books-v3
    

SwiftCompile normal arm64 /Users/juju/dev_repos/books-v3/BooksTrackerPackage/Sources/BooksTrackerFeature/FloatingPillsView.swift (in target 'BooksTrackerFeature' from project 'BooksTrackerFeature')
    cd /Users/juju/dev_repos/books-v3
    

SwiftCompile normal arm64 /Users/juju/dev_repos/books-v3/BooksTrackerPackage/Sources/BooksTrackerFeature/GeminiCSVImport/CSVValidator.swift (in target 'BooksTrackerFeature' from project 'BooksTrackerFeature')
    cd /Users/juju/dev_repos/books-v3
    

SwiftCompile normal arm64 /Users/juju/dev_repos/books-v3/BooksTrackerPackage/Sources/BooksTrackerFeature/GeminiCSVImport/GeminiCSVImportService.swift (in target 'BooksTrackerFeature' from project 'BooksTrackerFeature')
    cd /Users/juju/dev_repos/books-v3
    

SwiftCompile normal arm64 /Users/juju/dev_repos/books-v3/BooksTrackerPackage/Sources/BooksTrackerFeature/GeminiCSVImport/GeminiCSVImportView.swift (in target 'BooksTrackerFeature' from project 'BooksTrackerFeature')
    cd /Users/juju/dev_repos/books-v3
    

SwiftCompile normal arm64 /Users/juju/dev_repos/books-v3/BooksTrackerPackage/Sources/BooksTrackerFeature/GeminiCSVImport/SSEClient.swift (in target 'BooksTrackerFeature' from project 'BooksTrackerFeature')
    cd /Users/juju/dev_repos/books-v3
    

SwiftCompile normal arm64 /Users/juju/dev_repos/books-v3/BooksTrackerPackage/Sources/BooksTrackerFeature/GeminiCSVImport/SSEModels.swift (in target 'BooksTrackerFeature' from project 'BooksTrackerFeature')
    cd /Users/juju/dev_repos/books-v3
    

SwiftCompile normal arm64 /Users/juju/dev_repos/books-v3/BooksTrackerPackage/Sources/BooksTrackerFeature/ISBNScannerView.swift (in target 'BooksTrackerFeature' from project 'BooksTrackerFeature')
    cd /Users/juju/dev_repos/books-v3
    

SwiftCompile normal arm64 /Users/juju/dev_repos/books-v3/BooksTrackerPackage/Sources/BooksTrackerFeature/ISBNValidator.swift (in target 'BooksTrackerFeature' from project 'BooksTrackerFeature')
    cd /Users/juju/dev_repos/books-v3
    

SwiftCompile normal arm64 /Users/juju/dev_repos/books-v3/BooksTrackerPackage/Sources/BooksTrackerFeature/ImmersiveHeaderView.swift (in target 'BooksTrackerFeature' from project 'BooksTrackerFeature')
    cd /Users/juju/dev_repos/books-v3
    

SwiftCompile normal arm64 /Users/juju/dev_repos/books-v3/BooksTrackerPackage/Sources/BooksTrackerFeature/Insights/Components/CulturalRegionsChart.swift (in target 'BooksTrackerFeature' from project 'BooksTrackerFeature')
    cd /Users/juju/dev_repos/books-v3
    

SwiftCompile normal arm64 /Users/juju/dev_repos/books-v3/BooksTrackerPackage/Sources/BooksTrackerFeature/Insights/Components/GenderDonutChart.swift (in target 'BooksTrackerFeature' from project 'BooksTrackerFeature')
    cd /Users/juju/dev_repos/books-v3
    

SwiftCompile normal arm64 /Users/juju/dev_repos/books-v3/BooksTrackerPackage/Sources/BooksTrackerFeature/Insights/Components/HeroStatsCard.swift (in target 'BooksTrackerFeature' from project 'BooksTrackerFeature')
    cd /Users/juju/dev_repos/books-v3
    

SwiftCompile normal arm64 /Users/juju/dev_repos/books-v3/BooksTrackerPackage/Sources/BooksTrackerFeature/Insights/Components/LanguageTagCloud.swift (in target 'BooksTrackerFeature' from project 'BooksTrackerFeature')
    cd /Users/juju/dev_repos/books-v3
    

SwiftCompile normal arm64 /Users/juju/dev_repos/books-v3/BooksTrackerPackage/Sources/BooksTrackerFeature/Insights/Components/RadarChartView.swift (in target 'BooksTrackerFeature' from project 'BooksTrackerFeature')
    cd /Users/juju/dev_repos/books-v3
    

SwiftCompile normal arm64 /Users/juju/dev_repos/books-v3/BooksTrackerPackage/Sources/BooksTrackerFeature/Insights/Components/ReadingStatsSection.swift (in target 'BooksTrackerFeature' from project 'BooksTrackerFeature')
    cd /Users/juju/dev_repos/books-v3
    

SwiftCompile normal arm64 /Users/juju/dev_repos/books-v3/BooksTrackerPackage/Sources/BooksTrackerFeature/Insights/DiversityInsightsTab.swift (in target 'BooksTrackerFeature' from project 'BooksTrackerFeature')
    cd /Users/juju/dev_repos/books-v3
    

SwiftCompile normal arm64 /Users/juju/dev_repos/books-v3/BooksTrackerPackage/Sources/BooksTrackerFeature/Insights/InsightsView.swift (in target 'BooksTrackerFeature' from project 'BooksTrackerFeature')
    cd /Users/juju/dev_repos/books-v3
    

SwiftCompile normal arm64 Compiling\ SearchView+Results.swift,\ SearchViewState.swift,\ APIConfig.swift,\ BackgroundTaskScheduler.swift,\ BookSearchAPIService.swift,\ BookSearchAPIServiceKey.swift,\ CacheHealthMetrics.swift,\ CapabilitiesService.swift,\ CascadeMetadataService.swift,\ CoverImageService.swift,\ CuratorPointsService.swift,\ CuratorPointsServiceEnvironmentKey.swift,\ DTOMapper.swift,\ DTOMapperEnvironmentKey.swift,\ DataMigrationService.swift,\ DiversityStatsService.swift,\ DuplicateDetectionService.swift,\ ImageCleanupService.swift,\ ImageCompressionService.swift /Users/juju/dev_repos/books-v3/BooksTrackerPackage/Sources/BooksTrackerFeature/SearchView/SearchView+Results.swift /Users/juju/dev_repos/books-v3/BooksTrackerPackage/Sources/BooksTrackerFeature/SearchViewState.swift /Users/juju/dev_repos/books-v3/BooksTrackerPackage/Sources/BooksTrackerFeature/Services/APIConfig.swift /Users/juju/dev_repos/books-v3/BooksTrackerPackage/Sources/BooksTrackerFeature/Services/BackgroundTaskScheduler.swift /Users/juju/dev_repos/books-v3/BooksTrackerPackage/Sources/BooksTrackerFeature/Services/BookSearchAPIService.swift /Users/juju/dev_repos/books-v3/BooksTrackerPackage/Sources/BooksTrackerFeature/Services/BookSearchAPIServiceKey.swift /Users/juju/dev_repos/books-v3/BooksTrackerPackage/Sources/BooksTrackerFeature/Services/CacheHealthMetrics.swift /Users/juju/dev_repos/books-v3/BooksTrackerPackage/Sources/BooksTrackerFeature/Services/CapabilitiesService.swift /Users/juju/dev_repos/books-v3/BooksTrackerPackage/Sources/BooksTrackerFeature/Services/CascadeMetadataService.swift /Users/juju/dev_repos/books-v3/BooksTrackerPackage/Sources/BooksTrackerFeature/Services/CoverImageService.swift /Users/juju/dev_repos/books-v3/BooksTrackerPackage/Sources/BooksTrackerFeature/Services/CuratorPointsService.swift /Users/juju/dev_repos/books-v3/BooksTrackerPackage/Sources/BooksTrackerFeature/Services/CuratorPointsServiceEnvironmentKey.swift /Users/juju/dev_repos/books-v3/BooksTrackerPackage/Sources/BooksTrackerFeature/Services/DTOMapper.swift /Users/juju/dev_repos/books-v3/BooksTrackerPackage/Sources/BooksTrackerFeature/Services/DTOMapperEnvironmentKey.swift /Users/juju/dev_repos/books-v3/BooksTrackerPackage/Sources/BooksTrackerFeature/Services/DataMigrationService.swift /Users/juju/dev_repos/books-v3/BooksTrackerPackage/Sources/BooksTrackerFeature/Services/DiversityStatsService.swift /Users/juju/dev_repos/books-v3/BooksTrackerPackage/Sources/BooksTrackerFeature/Services/DuplicateDetectionService.swift /Users/juju/dev_repos/books-v3/BooksTrackerPackage/Sources/BooksTrackerFeature/Services/ImageCleanupService.swift /Users/juju/dev_repos/books-v3/BooksTrackerPackage/Sources/BooksTrackerFeature/Services/ImageCompressionService.swift (in target 'BooksTrackerFeature' from project 'BooksTrackerFeature')
Failed frontend command:
/Applications/Xcode-beta.app/Contents/Developer/Toolchains/XcodeDefault.xctoolchain/usr/bin/swift-frontend -frontend -c -filelist /Users/juju/Library/Developer/Xcode/DerivedData/BooksTracker-hddtlywllmxtttafxzxcekilxubt/Build/Intermediates.noindex/BooksTrackerFeature.build/Debug-iphonesimulator/BooksTrackerFeature.build/Objects-normal/arm64/sources-1 -primary-file /Users/juju/dev_repos/books-v3/BooksTrackerPackage/Sources/BooksTrackerFeature/SearchView/SearchView+Results.swift -primary-file /Users/juju/dev_repos/books-v3/BooksTrackerPackage/Sources/BooksTrackerFeature/SearchViewState.swift -primary-file /Users/juju/dev_repos/books-v3/BooksTrackerPackage/Sources/BooksTrackerFeature/Services/APIConfig.swift -primary-file /Users/juju/dev_repos/books-v3/BooksTrackerPackage/Sources/BooksTrackerFeature/Services/BackgroundTaskScheduler.swift -primary-file /Users/juju/dev_repos/books-v3/BooksTrackerPackage/Sources/BooksTrackerFeature/Services/BookSearchAPIService.swift -primary-file /Users/juju/dev_repos/books-v3/BooksTrackerPackage/Sources/BooksTrackerFeature/Services/BookSearchAPIServiceKey.swift -primary-file /Users/juju/dev_repos/books-v3/BooksTrackerPackage/Sources/BooksTrackerFeature/Services/CacheHealthMetrics.swift -primary-file /Users/juju/dev_repos/books-v3/BooksTrackerPackage/Sources/BooksTrackerFeature/Services/CapabilitiesService.swift -primary-file /Users/juju/dev_repos/books-v3/BooksTrackerPackage/Sources/BooksTrackerFeature/Services/CascadeMetadataService.swift -primary-file /Users/juju/dev_repos/books-v3/BooksTrackerPackage/Sources/BooksTrackerFeature/Services/CoverImageService.swift -primary-file /Users/juju/dev_repos/books-v3/BooksTrackerPackage/Sources/BooksTrackerFeature/Services/CuratorPointsService.swift -primary-file /Users/juju/dev_repos/books-v3/BooksTrackerPackage/Sources/BooksTrackerFeature/Services/CuratorPointsServiceEnvironmentKey.swift -primary-file /Users/juju/dev_repos/books-v3/BooksTrackerPackage/Sources/BooksTrackerFeature/Services/DTOMapper.swift -primary-file /Users/juju/dev_repos/books-v3/BooksTrackerPackage/Sources/BooksTrackerFeature/Services/DTOMapperEnvironmentKey.swift -primary-file /Users/juju/dev_repos/books-v3/BooksTrackerPackage/Sources/BooksTrackerFeature/Services/DataMigrationService.swift -primary-file /Users/juju/dev_repos/books-v3/BooksTrackerPackage/Sources/BooksTrackerFeature/Services/DiversityStatsService.swift -primary-file /Users/juju/dev_repos/books-v3/BooksTrackerPackage/Sources/BooksTrackerFeature/Services/DuplicateDetectionService.swift -primary-file /Users/juju/dev_repos/books-v3/BooksTrackerPackage/Sources/BooksTrackerFeature/Services/ImageCleanupService.swift -primary-file /Users/juju/dev_repos/books-v3/BooksTrackerPackage/Sources/BooksTrackerFeature/Services/ImageCompressionService.swift -supplementary-output-file-map /Users/juju/Library/Developer/Xcode/DerivedData/BooksTracker-hddtlywllmxtttafxzxcekilxubt/Build/Intermediates.noindex/BooksTrackerFeature.build/Debug-iphonesimulator/BooksTrackerFeature.build/Objects-normal/arm64/supplementaryOutputs-8 -target arm64-apple-ios26.0-simulator -module-can-import-version AVFoundation 2395.6.1.1 2.0.0 -module-can-import-version PhotosUI 822.0.130 822.0.130 -module-can-import-version UIKit 9126.2.4.1 9126.2.4 -module-can-import-version Vision 9.3.1 9.3.1 -disable-cross-import-overlay-search -swift-module-cross-import PhotosUI /Applications/Xcode-beta.app/Contents/Developer/Platforms/iPhoneSimulator.platform/Developer/SDKs/iPhoneSimulator.sdk/System/Library/Frameworks/PhotosUI.framework/Modules/PhotosUI.swiftcrossimport/SwiftUI.swiftoverlay -swift-module-cross-import PhotosUI /Applications/Xcode-beta.app/Contents/Developer/Platforms/iPhoneSimulator.platform/Developer/SDKs/iPhoneSimulator.sdk/System/Library/Frameworks/PhotosUI.framework/Modules/PhotosUI.swiftcrossimport/WidgetKit.swiftoverlay -swift-module-cross-import PhotosUI /Applications/Xcode-beta.app/Contents/Developer/Platforms/iPhoneSimulator.platform/Developer/SDKs/iPhoneSimulator26.2.sdk/System/Library/Frameworks/PhotosUI.framework/Modules/PhotosUI.swiftcrossimport/SwiftUI.swiftoverlay -swift-module-cross-import PhotosUI /Applications/Xcode-beta.app/Contents/Developer/Platforms/iPhoneSimulator.platform/Developer/SDKs/iPhoneSimulator26.2.sdk/System/Library/Frameworks/PhotosUI.framework/Modules/PhotosUI.swiftcrossimport/WidgetKit.swiftoverlay -swift-module-cross-import SwiftData /Applications/Xcode-beta.app/Contents/Developer/Platforms/iPhoneSimulator.platform/Developer/SDKs/iPhoneSimulator26.2.sdk/System/Library/Frameworks/SwiftData.framework/Modules/SwiftData.swiftcrossimport/CoreData.swiftoverlay -swift-module-cross-import SwiftData /Applications/Xcode-beta.app/Contents/Developer/Platforms/iPhoneSimulator.platform/Developer/SDKs/iPhoneSimulator26.2.sdk/System/Library/Frameworks/SwiftData.framework/Modules/SwiftData.swiftcrossimport/SwiftUI.swiftoverlay -load-resolved-plugin /Applications/Xcode-beta.app/Contents/Developer/Platforms/iPhoneOS.platform/Developer/usr/lib/swift/host/plugins/libFoundationMacros.dylib\#/Applications/Xcode-beta.app/Contents/Developer/Platforms/iPhoneOS.platform/Developer/usr/bin/swift-plugin-server\#FoundationMacros -load-resolved-plugin /Applications/Xcode-beta.app/Contents/Developer/Platforms/iPhoneOS.platform/Developer/usr/lib/swift/host/plugins/libObservationMacros.dylib\#/Applications/Xcode-beta.app/Contents/Developer/Platforms/iPhoneOS.platform/Developer/usr/bin/swift-plugin-server\#ObservationMacros -load-resolved-plugin /Applications/Xcode-beta.app/Contents/Developer/Platforms/iPhoneOS.platform/Developer/usr/lib/swift/host/plugins/libPreviewsMacros.dylib\#/Applications/Xcode-beta.app/Contents/Developer/Platforms/iPhoneOS.platform/Developer/usr/bin/swift-plugin-server\#PreviewsMacros -load-resolved-plugin /Applications/Xcode-beta.app/Contents/Developer/Platforms/iPhoneOS.platform/Developer/usr/lib/swift/host/plugins/libSwiftDataMacros.dylib\#/Applications/Xcode-beta.app/Contents/Developer/Platforms/iPhoneOS.platform/Developer/usr/bin/swift-plugin-server\#SwiftDataMacros -load-resolved-plugin /Applications/Xcode-beta.app/Contents/Developer/Platforms/iPhoneOS.platform/Developer/usr/lib/swift/host/plugins/libSwiftMacros.dylib\#/Applications/Xcode-beta.app/Contents/Developer/Platforms/iPhoneOS.platform/Developer/usr/bin/swift-plugin-server\#SwiftMacros -load-resolved-plugin /Applications/Xcode-beta.app/Contents/Developer/Platforms/iPhoneOS.platform/Developer/usr/lib/swift/host/plugins/libSwiftUIMacros.dylib\#/Applications/Xcode-beta.app/Contents/Developer/Platforms/iPhoneOS.platform/Developer/usr/bin/swift-plugin-server\#SwiftUIMacros -disable-implicit-swift-modules -Xcc -fno-implicit-modules -Xcc -fno-implicit-module-maps -explicit-swift-module-map-file /Users/juju/Library/Developer/Xcode/DerivedData/BooksTracker-hddtlywllmxtttafxzxcekilxubt/Build/Intermediates.noindex/BooksTrackerFeature.build/Debug-iphonesimulator/BooksTrackerFeature.build/Objects-normal/arm64/BooksTrackerFeature-dependencies-1.json -Xllvm -aarch64-use-tbi -enable-objc-interop -sdk /Applications/Xcode-beta.app/Contents/Developer/Platforms/iPhoneSimulator.platform/Developer/SDKs/iPhoneSimulator26.2.sdk -I /Users/juju/Library/Developer/Xcode/DerivedData/BooksTracker-hddtlywllmxtttafxzxcekilxubt/Build/Products/Debug-iphonesimulator -Isystem /Applications/Xcode-beta.app/Contents/Developer/Platforms/iPhoneSimulator.platform/Developer/usr/lib -F /Users/juju/Library/Developer/Xcode/DerivedData/BooksTracker-hddtlywllmxtttafxzxcekilxubt/Build/Products/Debug-iphonesimulator -F /Applications/Xcode-beta.app/Contents/Developer/Platforms/iPhoneSimulator.platform/Developer/Library/Frameworks -F /Applications/Xcode-beta.app/Contents/Developer/Platforms/iPhoneSimulator.platform/Developer/SDKs/iPhoneSimulator26.2.sdk/Developer/Library/Frameworks -no-color-diagnostics -Xcc -fno-color-diagnostics -enable-testing -g -debug-info-format\=dwarf -dwarf-version\=5 -module-cache-path /Users/juju/Library/Developer/Xcode/DerivedData/BooksTracker-hddtlywllmxtttafxzxcekilxubt/Build/Intermediates.noindex/SwiftExplicitPrecompiledModules -profile-generate -profile-coverage-mapping -swift-version 6 -enforce-exclusivity\=checked -Onone -D SWIFT_PACKAGE -D DEBUG -D SWIFT_MODULE_RESOURCE_BUNDLE_UNAVAILABLE -D Xcode -serialize-debugging-options -const-gather-protocols-file /Users/juju/Library/Developer/Xcode/DerivedData/BooksTracker-hddtlywllmxtttafxzxcekilxubt/Build/Intermediates.noindex/BooksTrackerFeature.build/Debug-iphonesimulator/BooksTrackerFeature.build/Objects-normal/arm64/BooksTrackerFeature_const_extract_protocols.json -enable-experimental-feature DebugDescriptionMacro -empty-abi-descriptor -validate-clang-modules-once -clang-build-session-file /Users/juju/Library/Developer/Xcode/DerivedData/ModuleCache.noindex/Session.modulevalidation -Xcc -working-directory -Xcc /Users/juju/dev_repos/books-v3 -enable-anonymous-context-mangled-names -file-compilation-dir /Users/juju/dev_repos/books-v3 -Xcc -D_LIBCPP_HARDENING_MODE\=_LIBCPP_HARDENING_MODE_DEBUG -Xcc -ivfsstatcache -Xcc /Users/juju/Library/Developer/Xcode/DerivedData/SDKStatCaches.noindex/iphonesimulator26.2-23C5044a-c6bb09c85eeb1a59968f08cee6a58242.sdkstatcache -Xcc -I/Users/juju/Library/Developer/Xcode/DerivedData/BooksTracker-hddtlywllmxtttafxzxcekilxubt/Build/Intermediates.noindex/BooksTrackerFeature.build/Debug-iphonesimulator/BooksTrackerFeature.build/swift-overrides.hmap -Xcc -I/Users/juju/Library/Developer/Xcode/DerivedData/BooksTracker-hddtlywllmxtttafxzxcekilxubt/Build/Products/Debug-iphonesimulator/include -Xcc -I/Users/juju/Library/Developer/Xcode/DerivedData/BooksTracker-hddtlywllmxtttafxzxcekilxubt/Build/Intermediates.noindex/BooksTrackerFeature.build/Debug-iphonesimulator/BooksTrackerFeature.build/DerivedSources-normal/arm64 -Xcc -I/Users/juju/Library/Developer/Xcode/DerivedData/BooksTracker-hddtlywllmxtttafxzxcekilxubt/Build/Intermediates.noindex/BooksTrackerFeature.build/Debug-iphonesimulator/BooksTrackerFeature.build/DerivedSources/arm64 -Xcc -I/Users/juju/Library/Developer/Xcode/DerivedData/BooksTracker-hddtlywllmxtttafxzxcekilxubt/Build/Intermediates.noindex/BooksTrackerFeature.build/Debug-iphonesimulator/BooksTrackerFeature.build/DerivedSources -Xcc -DSWIFT_PACKAGE -Xcc -DDEBUG\=1 -no-auto-bridging-header-chaining -module-name BooksTrackerFeature -package-name bookstrackerpackage -frontend-parseable-output -disable-clang-spi -target-sdk-version 26.2 -target-sdk-name iphonesimulator26.2 -clang-target arm64-apple-ios26.2-simulator -in-process-plugin-server-path /Applications/Xcode-beta.app/Contents/Developer/Toolchains/XcodeDefault.xctoolchain/usr/lib/swift/host/libSwiftInProcPluginServer.dylib -o /Users/juju/Library/Developer/Xcode/DerivedData/BooksTracker-hddtlywllmxtttafxzxcekilxubt/Build/Intermediates.noindex/BooksTrackerFeature.build/Debug-iphonesimulator/BooksTrackerFeature.build/Objects-normal/arm64/SearchView+Results.o -o /Users/juju/Library/Developer/Xcode/DerivedData/BooksTracker-hddtlywllmxtttafxzxcekilxubt/Build/Intermediates.noindex/BooksTrackerFeature.build/Debug-iphonesimulator/BooksTrackerFeature.build/Objects-normal/arm64/SearchViewState.o -o /Users/juju/Library/Developer/Xcode/DerivedData/BooksTracker-hddtlywllmxtttafxzxcekilxubt/Build/Intermediates.noindex/BooksTrackerFeature.build/Debug-iphonesimulator/BooksTrackerFeature.build/Objects-normal/arm64/APIConfig.o -o /Users/juju/Library/Developer/Xcode/DerivedData/BooksTracker-hddtlywllmxtttafxzxcekilxubt/Build/Intermediates.noindex/BooksTrackerFeature.build/Debug-iphonesimulator/BooksTrackerFeature.build/Objects-normal/arm64/BackgroundTaskScheduler.o -o /Users/juju/Library/Developer/Xcode/DerivedData/BooksTracker-hddtlywllmxtttafxzxcekilxubt/Build/Intermediates.noindex/BooksTrackerFeature.build/Debug-iphonesimulator/BooksTrackerFeature.build/Objects-normal/arm64/BookSearchAPIService.o -o /Users/juju/Library/Developer/Xcode/DerivedData/BooksTracker-hddtlywllmxtttafxzxcekilxubt/Build/Intermediates.noindex/BooksTrackerFeature.build/Debug-iphonesimulator/BooksTrackerFeature.build/Objects-normal/arm64/BookSearchAPIServiceKey.o -o /Users/juju/Library/Developer/Xcode/DerivedData/BooksTracker-hddtlywllmxtttafxzxcekilxubt/Build/Intermediates.noindex/BooksTrackerFeature.build/Debug-iphonesimulator/BooksTrackerFeature.build/Objects-normal/arm64/CacheHealthMetrics.o -o /Users/juju/Library/Developer/Xcode/DerivedData/BooksTracker-hddtlywllmxtttafxzxcekilxubt/Build/Intermediates.noindex/BooksTrackerFeature.build/Debug-iphonesimulator/BooksTrackerFeature.build/Objects-normal/arm64/CapabilitiesService.o -o /Users/juju/Library/Developer/Xcode/DerivedData/BooksTracker-hddtlywllmxtttafxzxcekilxubt/Build/Intermediates.noindex/BooksTrackerFeature.build/Debug-iphonesimulator/BooksTrackerFeature.build/Objects-normal/arm64/CascadeMetadataService.o -o /Users/juju/Library/Developer/Xcode/DerivedData/BooksTracker-hddtlywllmxtttafxzxcekilxubt/Build/Intermediates.noindex/BooksTrackerFeature.build/Debug-iphonesimulator/BooksTrackerFeature.build/Objects-normal/arm64/CoverImageService.o -o /Users/juju/Library/Developer/Xcode/DerivedData/BooksTracker-hddtlywllmxtttafxzxcekilxubt/Build/Intermediates.noindex/BooksTrackerFeature.build/Debug-iphonesimulator/BooksTrackerFeature.build/Objects-normal/arm64/CuratorPointsService.o -o /Users/juju/Library/Developer/Xcode/DerivedData/BooksTracker-hddtlywllmxtttafxzxcekilxubt/Build/Intermediates.noindex/BooksTrackerFeature.build/Debug-iphonesimulator/BooksTrackerFeature.build/Objects-normal/arm64/CuratorPointsServiceEnvironmentKey.o -o /Users/juju/Library/Developer/Xcode/DerivedData/BooksTracker-hddtlywllmxtttafxzxcekilxubt/Build/Intermediates.noindex/BooksTrackerFeature.build/Debug-iphonesimulator/BooksTrackerFeature.build/Objects-normal/arm64/DTOMapper.o -o /Users/juju/Library/Developer/Xcode/DerivedData/BooksTracker-hddtlywllmxtttafxzxcekilxubt/Build/Intermediates.noindex/BooksTrackerFeature.build/Debug-iphonesimulator/BooksTrackerFeature.build/Objects-normal/arm64/DTOMapperEnvironmentKey.o -o /Users/juju/Library/Developer/Xcode/DerivedData/BooksTracker-hddtlywllmxtttafxzxcekilxubt/Build/Intermediates.noindex/BooksTrackerFeature.build/Debug-iphonesimulator/BooksTrackerFeature.build/Objects-normal/arm64/DataMigrationService.o -o /Users/juju/Library/Developer/Xcode/DerivedData/BooksTracker-hddtlywllmxtttafxzxcekilxubt/Build/Intermediates.noindex/BooksTrackerFeature.build/Debug-iphonesimulator/BooksTrackerFeature.build/Objects-normal/arm64/DiversityStatsService.o -o /Users/juju/Library/Developer/Xcode/DerivedData/BooksTracker-hddtlywllmxtttafxzxcekilxubt/Build/Intermediates.noindex/BooksTrackerFeature.build/Debug-iphonesimulator/BooksTrackerFeature.build/Objects-normal/arm64/DuplicateDetectionService.o -o /Users/juju/Library/Developer/Xcode/DerivedData/BooksTracker-hddtlywllmxtttafxzxcekilxubt/Build/Intermediates.noindex/BooksTrackerFeature.build/Debug-iphonesimulator/BooksTrackerFeature.build/Objects-normal/arm64/ImageCleanupService.o -o /Users/juju/Library/Developer/Xcode/DerivedData/BooksTracker-hddtlywllmxtttafxzxcekilxubt/Build/Intermediates.noindex/BooksTrackerFeature.build/Debug-iphonesimulator/BooksTrackerFeature.build/Objects-normal/arm64/ImageCompressionService.o -index-unit-output-path /BooksTrackerFeature.build/Debug-iphonesimulator/BooksTrackerFeature.build/Objects-normal/arm64/SearchView+Results.o -index-unit-output-path /BooksTrackerFeature.build/Debug-iphonesimulator/BooksTrackerFeature.build/Objects-normal/arm64/SearchViewState.o -index-unit-output-path /BooksTrackerFeature.build/Debug-iphonesimulator/BooksTrackerFeature.build/Objects-normal/arm64/APIConfig.o -index-unit-output-path /BooksTrackerFeature.build/Debug-iphonesimulator/BooksTrackerFeature.build/Objects-normal/arm64/BackgroundTaskScheduler.o -index-unit-output-path /BooksTrackerFeature.build/Debug-iphonesimulator/BooksTrackerFeature.build/Objects-normal/arm64/BookSearchAPIService.o -index-unit-output-path /BooksTrackerFeature.build/Debug-iphonesimulator/BooksTrackerFeature.build/Objects-normal/arm64/BookSearchAPIServiceKey.o -index-unit-output-path /BooksTrackerFeature.build/Debug-iphonesimulator/BooksTrackerFeature.build/Objects-normal/arm64/CacheHealthMetrics.o -index-unit-output-path /BooksTrackerFeature.build/Debug-iphonesimulator/BooksTrackerFeature.build/Objects-normal/arm64/CapabilitiesService.o -index-unit-output-path /BooksTrackerFeature.build/Debug-iphonesimulator/BooksTrackerFeature.build/Objects-normal/arm64/CascadeMetadataService.o -index-unit-output-path /BooksTrackerFeature.build/Debug-iphonesimulator/BooksTrackerFeature.build/Objects-normal/arm64/CoverImageService.o -index-unit-output-path /BooksTrackerFeature.build/Debug-iphonesimulator/BooksTrackerFeature.build/Objects-normal/arm64/CuratorPointsService.o -index-unit-output-path /BooksTrackerFeature.build/Debug-iphonesimulator/BooksTrackerFeature.build/Objects-normal/arm64/CuratorPointsServiceEnvironmentKey.o -index-unit-output-path /BooksTrackerFeature.build/Debug-iphonesimulator/BooksTrackerFeature.build/Objects-normal/arm64/DTOMapper.o -index-unit-output-path /BooksTrackerFeature.build/Debug-iphonesimulator/BooksTrackerFeature.build/Objects-normal/arm64/DTOMapperEnvironmentKey.o -index-unit-output-path /BooksTrackerFeature.build/Debug-iphonesimulator/BooksTrackerFeature.build/Objects-normal/arm64/DataMigrationService.o -index-unit-output-path /BooksTrackerFeature.build/Debug-iphonesimulator/BooksTrackerFeature.build/Objects-normal/arm64/DiversityStatsService.o -index-unit-output-path /BooksTrackerFeature.build/Debug-iphonesimulator/BooksTrackerFeature.build/Objects-normal/arm64/DuplicateDetectionService.o -index-unit-output-path /BooksTrackerFeature.build/Debug-iphonesimulator/BooksTrackerFeature.build/Objects-normal/arm64/ImageCleanupService.o -index-unit-output-path /BooksTrackerFeature.build/Debug-iphonesimulator/BooksTrackerFeature.build/Objects-normal/arm64/ImageCompressionService.o -index-store-path /Users/juju/Library/Developer/Xcode/DerivedData/BooksTracker-hddtlywllmxtttafxzxcekilxubt/Index.noindex/DataStore -index-system-modules

SwiftCompile normal arm64 /Users/juju/dev_repos/books-v3/BooksTrackerPackage/Sources/BooksTrackerFeature/SearchView/SearchView+Results.swift (in target 'BooksTrackerFeature' from project 'BooksTrackerFeature')
    cd /Users/juju/dev_repos/books-v3
    
@__swiftmacro_19BooksTrackerFeature0032DiversityStatsServiceswift_jIADjfMX19_23_33_60DB71E21ED09AA42416DE44A52E8F7FLl9PredicatefMf_.swift:2:26: error: cannot convert value of type 'PredicateExpressions.Equal<PredicateExpressions.KeyPath<PredicateExpressions.Variable<UserSettings>, String>, PredicateExpressions.KeyPath<PredicateExpressions.Value<Self.Type>, String>>' to closure result type 'any StandardPredicateExpression<Bool>'
    PredicateExpressions.build_Equal(
    ~~~~~~~~~~~~~~~~~~~~~^~~~~~~~~~~~
/Users/juju/dev_repos/books-v3/BooksTrackerPackage/Sources/BooksTrackerFeature/Services/DiversityStatsService.swift:20:24: note: in expansion of macro 'Predicate' here
            predicate: #Predicate { $0.userId == Self.defaultUserId }
                       ^~~~~~~~~~~~~~~~~~~~~~~~~~~~~~~~~~~~~~~~~~~~~~
/Users/juju/dev_repos/books-v3/BooksTrackerPackage/Sources/BooksTrackerFeature/Services/DiversityStatsService.swift:20:24: note: in expansion of macro 'Predicate' here
            predicate: #Predicate { $0.userId == Self.defaultUserId }
                       ^~~~~~~~~~~~~~~~~~~~~~~~~~~~~~~~~~~~~~~~~~~~~~

SwiftCompile normal arm64 /Users/juju/dev_repos/books-v3/BooksTrackerPackage/Sources/BooksTrackerFeature/SearchViewState.swift (in target 'BooksTrackerFeature' from project 'BooksTrackerFeature')
    cd /Users/juju/dev_repos/books-v3
    
@__swiftmacro_19BooksTrackerFeature0032DiversityStatsServiceswift_jIADjfMX19_23_33_60DB71E21ED09AA42416DE44A52E8F7FLl9PredicatefMf_.swift:2:26: error: cannot convert value of type 'PredicateExpressions.Equal<PredicateExpressions.KeyPath<PredicateExpressions.Variable<UserSettings>, String>, PredicateExpressions.KeyPath<PredicateExpressions.Value<Self.Type>, String>>' to closure result type 'any StandardPredicateExpression<Bool>'
    PredicateExpressions.build_Equal(
    ~~~~~~~~~~~~~~~~~~~~~^~~~~~~~~~~~
/Users/juju/dev_repos/books-v3/BooksTrackerPackage/Sources/BooksTrackerFeature/Services/DiversityStatsService.swift:20:24: note: in expansion of macro 'Predicate' here
            predicate: #Predicate { $0.userId == Self.defaultUserId }
                       ^~~~~~~~~~~~~~~~~~~~~~~~~~~~~~~~~~~~~~~~~~~~~~
/Users/juju/dev_repos/books-v3/BooksTrackerPackage/Sources/BooksTrackerFeature/Services/DiversityStatsService.swift:20:24: note: in expansion of macro 'Predicate' here
            predicate: #Predicate { $0.userId == Self.defaultUserId }
                       ^~~~~~~~~~~~~~~~~~~~~~~~~~~~~~~~~~~~~~~~~~~~~~

SwiftCompile normal arm64 /Users/juju/dev_repos/books-v3/BooksTrackerPackage/Sources/BooksTrackerFeature/Services/APIConfig.swift (in target 'BooksTrackerFeature' from project 'BooksTrackerFeature')
    cd /Users/juju/dev_repos/books-v3
    
@__swiftmacro_19BooksTrackerFeature0032DiversityStatsServiceswift_jIADjfMX19_23_33_60DB71E21ED09AA42416DE44A52E8F7FLl9PredicatefMf_.swift:2:26: error: cannot convert value of type 'PredicateExpressions.Equal<PredicateExpressions.KeyPath<PredicateExpressions.Variable<UserSettings>, String>, PredicateExpressions.KeyPath<PredicateExpressions.Value<Self.Type>, String>>' to closure result type 'any StandardPredicateExpression<Bool>'
    PredicateExpressions.build_Equal(
    ~~~~~~~~~~~~~~~~~~~~~^~~~~~~~~~~~
/Users/juju/dev_repos/books-v3/BooksTrackerPackage/Sources/BooksTrackerFeature/Services/DiversityStatsService.swift:20:24: note: in expansion of macro 'Predicate' here
            predicate: #Predicate { $0.userId == Self.defaultUserId }
                       ^~~~~~~~~~~~~~~~~~~~~~~~~~~~~~~~~~~~~~~~~~~~~~
/Users/juju/dev_repos/books-v3/BooksTrackerPackage/Sources/BooksTrackerFeature/Services/DiversityStatsService.swift:20:24: note: in expansion of macro 'Predicate' here
            predicate: #Predicate { $0.userId == Self.defaultUserId }
                       ^~~~~~~~~~~~~~~~~~~~~~~~~~~~~~~~~~~~~~~~~~~~~~

SwiftCompile normal arm64 /Users/juju/dev_repos/books-v3/BooksTrackerPackage/Sources/BooksTrackerFeature/Services/BackgroundTaskScheduler.swift (in target 'BooksTrackerFeature' from project 'BooksTrackerFeature')
    cd /Users/juju/dev_repos/books-v3
    
@__swiftmacro_19BooksTrackerFeature0032DiversityStatsServiceswift_jIADjfMX19_23_33_60DB71E21ED09AA42416DE44A52E8F7FLl9PredicatefMf_.swift:2:26: error: cannot convert value of type 'PredicateExpressions.Equal<PredicateExpressions.KeyPath<PredicateExpressions.Variable<UserSettings>, String>, PredicateExpressions.KeyPath<PredicateExpressions.Value<Self.Type>, String>>' to closure result type 'any StandardPredicateExpression<Bool>'
    PredicateExpressions.build_Equal(
    ~~~~~~~~~~~~~~~~~~~~~^~~~~~~~~~~~
/Users/juju/dev_repos/books-v3/BooksTrackerPackage/Sources/BooksTrackerFeature/Services/DiversityStatsService.swift:20:24: note: in expansion of macro 'Predicate' here
            predicate: #Predicate { $0.userId == Self.defaultUserId }
                       ^~~~~~~~~~~~~~~~~~~~~~~~~~~~~~~~~~~~~~~~~~~~~~
/Users/juju/dev_repos/books-v3/BooksTrackerPackage/Sources/BooksTrackerFeature/Services/DiversityStatsService.swift:20:24: note: in expansion of macro 'Predicate' here
            predicate: #Predicate { $0.userId == Self.defaultUserId }
                       ^~~~~~~~~~~~~~~~~~~~~~~~~~~~~~~~~~~~~~~~~~~~~~

SwiftCompile normal arm64 /Users/juju/dev_repos/books-v3/BooksTrackerPackage/Sources/BooksTrackerFeature/Services/BookSearchAPIService.swift (in target 'BooksTrackerFeature' from project 'BooksTrackerFeature')
    cd /Users/juju/dev_repos/books-v3
    
@__swiftmacro_19BooksTrackerFeature0032DiversityStatsServiceswift_jIADjfMX19_23_33_60DB71E21ED09AA42416DE44A52E8F7FLl9PredicatefMf_.swift:2:26: error: cannot convert value of type 'PredicateExpressions.Equal<PredicateExpressions.KeyPath<PredicateExpressions.Variable<UserSettings>, String>, PredicateExpressions.KeyPath<PredicateExpressions.Value<Self.Type>, String>>' to closure result type 'any StandardPredicateExpression<Bool>'
    PredicateExpressions.build_Equal(
    ~~~~~~~~~~~~~~~~~~~~~^~~~~~~~~~~~
/Users/juju/dev_repos/books-v3/BooksTrackerPackage/Sources/BooksTrackerFeature/Services/DiversityStatsService.swift:20:24: note: in expansion of macro 'Predicate' here
            predicate: #Predicate { $0.userId == Self.defaultUserId }
                       ^~~~~~~~~~~~~~~~~~~~~~~~~~~~~~~~~~~~~~~~~~~~~~
/Users/juju/dev_repos/books-v3/BooksTrackerPackage/Sources/BooksTrackerFeature/Services/DiversityStatsService.swift:20:24: note: in expansion of macro 'Predicate' here
            predicate: #Predicate { $0.userId == Self.defaultUserId }
                       ^~~~~~~~~~~~~~~~~~~~~~~~~~~~~~~~~~~~~~~~~~~~~~

SwiftCompile normal arm64 /Users/juju/dev_repos/books-v3/BooksTrackerPackage/Sources/BooksTrackerFeature/Services/BookSearchAPIServiceKey.swift (in target 'BooksTrackerFeature' from project 'BooksTrackerFeature')
    cd /Users/juju/dev_repos/books-v3
    
@__swiftmacro_19BooksTrackerFeature0032DiversityStatsServiceswift_jIADjfMX19_23_33_60DB71E21ED09AA42416DE44A52E8F7FLl9PredicatefMf_.swift:2:26: error: cannot convert value of type 'PredicateExpressions.Equal<PredicateExpressions.KeyPath<PredicateExpressions.Variable<UserSettings>, String>, PredicateExpressions.KeyPath<PredicateExpressions.Value<Self.Type>, String>>' to closure result type 'any StandardPredicateExpression<Bool>'
    PredicateExpressions.build_Equal(
    ~~~~~~~~~~~~~~~~~~~~~^~~~~~~~~~~~
/Users/juju/dev_repos/books-v3/BooksTrackerPackage/Sources/BooksTrackerFeature/Services/DiversityStatsService.swift:20:24: note: in expansion of macro 'Predicate' here
            predicate: #Predicate { $0.userId == Self.defaultUserId }
                       ^~~~~~~~~~~~~~~~~~~~~~~~~~~~~~~~~~~~~~~~~~~~~~
/Users/juju/dev_repos/books-v3/BooksTrackerPackage/Sources/BooksTrackerFeature/Services/DiversityStatsService.swift:20:24: note: in expansion of macro 'Predicate' here
            predicate: #Predicate { $0.userId == Self.defaultUserId }
                       ^~~~~~~~~~~~~~~~~~~~~~~~~~~~~~~~~~~~~~~~~~~~~~

SwiftCompile normal arm64 /Users/juju/dev_repos/books-v3/BooksTrackerPackage/Sources/BooksTrackerFeature/Services/CacheHealthMetrics.swift (in target 'BooksTrackerFeature' from project 'BooksTrackerFeature')
    cd /Users/juju/dev_repos/books-v3
    
@__swiftmacro_19BooksTrackerFeature0032DiversityStatsServiceswift_jIADjfMX19_23_33_60DB71E21ED09AA42416DE44A52E8F7FLl9PredicatefMf_.swift:2:26: error: cannot convert value of type 'PredicateExpressions.Equal<PredicateExpressions.KeyPath<PredicateExpressions.Variable<UserSettings>, String>, PredicateExpressions.KeyPath<PredicateExpressions.Value<Self.Type>, String>>' to closure result type 'any StandardPredicateExpression<Bool>'
    PredicateExpressions.build_Equal(
    ~~~~~~~~~~~~~~~~~~~~~^~~~~~~~~~~~
/Users/juju/dev_repos/books-v3/BooksTrackerPackage/Sources/BooksTrackerFeature/Services/DiversityStatsService.swift:20:24: note: in expansion of macro 'Predicate' here
            predicate: #Predicate { $0.userId == Self.defaultUserId }
                       ^~~~~~~~~~~~~~~~~~~~~~~~~~~~~~~~~~~~~~~~~~~~~~
/Users/juju/dev_repos/books-v3/BooksTrackerPackage/Sources/BooksTrackerFeature/Services/DiversityStatsService.swift:20:24: note: in expansion of macro 'Predicate' here
            predicate: #Predicate { $0.userId == Self.defaultUserId }
                       ^~~~~~~~~~~~~~~~~~~~~~~~~~~~~~~~~~~~~~~~~~~~~~

SwiftCompile normal arm64 /Users/juju/dev_repos/books-v3/BooksTrackerPackage/Sources/BooksTrackerFeature/Services/CapabilitiesService.swift (in target 'BooksTrackerFeature' from project 'BooksTrackerFeature')
    cd /Users/juju/dev_repos/books-v3
    
@__swiftmacro_19BooksTrackerFeature0032DiversityStatsServiceswift_jIADjfMX19_23_33_60DB71E21ED09AA42416DE44A52E8F7FLl9PredicatefMf_.swift:2:26: error: cannot convert value of type 'PredicateExpressions.Equal<PredicateExpressions.KeyPath<PredicateExpressions.Variable<UserSettings>, String>, PredicateExpressions.KeyPath<PredicateExpressions.Value<Self.Type>, String>>' to closure result type 'any StandardPredicateExpression<Bool>'
    PredicateExpressions.build_Equal(
    ~~~~~~~~~~~~~~~~~~~~~^~~~~~~~~~~~
/Users/juju/dev_repos/books-v3/BooksTrackerPackage/Sources/BooksTrackerFeature/Services/DiversityStatsService.swift:20:24: note: in expansion of macro 'Predicate' here
            predicate: #Predicate { $0.userId == Self.defaultUserId }
                       ^~~~~~~~~~~~~~~~~~~~~~~~~~~~~~~~~~~~~~~~~~~~~~
/Users/juju/dev_repos/books-v3/BooksTrackerPackage/Sources/BooksTrackerFeature/Services/DiversityStatsService.swift:20:24: note: in expansion of macro 'Predicate' here
            predicate: #Predicate { $0.userId == Self.defaultUserId }
                       ^~~~~~~~~~~~~~~~~~~~~~~~~~~~~~~~~~~~~~~~~~~~~~

SwiftCompile normal arm64 /Users/juju/dev_repos/books-v3/BooksTrackerPackage/Sources/BooksTrackerFeature/Services/CascadeMetadataService.swift (in target 'BooksTrackerFeature' from project 'BooksTrackerFeature')
    cd /Users/juju/dev_repos/books-v3
    
@__swiftmacro_19BooksTrackerFeature0032DiversityStatsServiceswift_jIADjfMX19_23_33_60DB71E21ED09AA42416DE44A52E8F7FLl9PredicatefMf_.swift:2:26: error: cannot convert value of type 'PredicateExpressions.Equal<PredicateExpressions.KeyPath<PredicateExpressions.Variable<UserSettings>, String>, PredicateExpressions.KeyPath<PredicateExpressions.Value<Self.Type>, String>>' to closure result type 'any StandardPredicateExpression<Bool>'
    PredicateExpressions.build_Equal(
    ~~~~~~~~~~~~~~~~~~~~~^~~~~~~~~~~~
/Users/juju/dev_repos/books-v3/BooksTrackerPackage/Sources/BooksTrackerFeature/Services/DiversityStatsService.swift:20:24: note: in expansion of macro 'Predicate' here
            predicate: #Predicate { $0.userId == Self.defaultUserId }
                       ^~~~~~~~~~~~~~~~~~~~~~~~~~~~~~~~~~~~~~~~~~~~~~
/Users/juju/dev_repos/books-v3/BooksTrackerPackage/Sources/BooksTrackerFeature/Services/DiversityStatsService.swift:20:24: note: in expansion of macro 'Predicate' here
            predicate: #Predicate { $0.userId == Self.defaultUserId }
                       ^~~~~~~~~~~~~~~~~~~~~~~~~~~~~~~~~~~~~~~~~~~~~~

SwiftCompile normal arm64 /Users/juju/dev_repos/books-v3/BooksTrackerPackage/Sources/BooksTrackerFeature/Services/CoverImageService.swift (in target 'BooksTrackerFeature' from project 'BooksTrackerFeature')
    cd /Users/juju/dev_repos/books-v3
    
@__swiftmacro_19BooksTrackerFeature0032DiversityStatsServiceswift_jIADjfMX19_23_33_60DB71E21ED09AA42416DE44A52E8F7FLl9PredicatefMf_.swift:2:26: error: cannot convert value of type 'PredicateExpressions.Equal<PredicateExpressions.KeyPath<PredicateExpressions.Variable<UserSettings>, String>, PredicateExpressions.KeyPath<PredicateExpressions.Value<Self.Type>, String>>' to closure result type 'any StandardPredicateExpression<Bool>'
    PredicateExpressions.build_Equal(
    ~~~~~~~~~~~~~~~~~~~~~^~~~~~~~~~~~
/Users/juju/dev_repos/books-v3/BooksTrackerPackage/Sources/BooksTrackerFeature/Services/DiversityStatsService.swift:20:24: note: in expansion of macro 'Predicate' here
            predicate: #Predicate { $0.userId == Self.defaultUserId }
                       ^~~~~~~~~~~~~~~~~~~~~~~~~~~~~~~~~~~~~~~~~~~~~~
/Users/juju/dev_repos/books-v3/BooksTrackerPackage/Sources/BooksTrackerFeature/Services/DiversityStatsService.swift:20:24: note: in expansion of macro 'Predicate' here
            predicate: #Predicate { $0.userId == Self.defaultUserId }
                       ^~~~~~~~~~~~~~~~~~~~~~~~~~~~~~~~~~~~~~~~~~~~~~

SwiftCompile normal arm64 /Users/juju/dev_repos/books-v3/BooksTrackerPackage/Sources/BooksTrackerFeature/Services/CuratorPointsService.swift (in target 'BooksTrackerFeature' from project 'BooksTrackerFeature')
    cd /Users/juju/dev_repos/books-v3
    
@__swiftmacro_19BooksTrackerFeature0032DiversityStatsServiceswift_jIADjfMX19_23_33_60DB71E21ED09AA42416DE44A52E8F7FLl9PredicatefMf_.swift:2:26: error: cannot convert value of type 'PredicateExpressions.Equal<PredicateExpressions.KeyPath<PredicateExpressions.Variable<UserSettings>, String>, PredicateExpressions.KeyPath<PredicateExpressions.Value<Self.Type>, String>>' to closure result type 'any StandardPredicateExpression<Bool>'
    PredicateExpressions.build_Equal(
    ~~~~~~~~~~~~~~~~~~~~~^~~~~~~~~~~~
/Users/juju/dev_repos/books-v3/BooksTrackerPackage/Sources/BooksTrackerFeature/Services/DiversityStatsService.swift:20:24: note: in expansion of macro 'Predicate' here
            predicate: #Predicate { $0.userId == Self.defaultUserId }
                       ^~~~~~~~~~~~~~~~~~~~~~~~~~~~~~~~~~~~~~~~~~~~~~
/Users/juju/dev_repos/books-v3/BooksTrackerPackage/Sources/BooksTrackerFeature/Services/DiversityStatsService.swift:20:24: note: in expansion of macro 'Predicate' here
            predicate: #Predicate { $0.userId == Self.defaultUserId }
                       ^~~~~~~~~~~~~~~~~~~~~~~~~~~~~~~~~~~~~~~~~~~~~~

SwiftCompile normal arm64 /Users/juju/dev_repos/books-v3/BooksTrackerPackage/Sources/BooksTrackerFeature/Services/CuratorPointsServiceEnvironmentKey.swift (in target 'BooksTrackerFeature' from project 'BooksTrackerFeature')
    cd /Users/juju/dev_repos/books-v3
    
@__swiftmacro_19BooksTrackerFeature0032DiversityStatsServiceswift_jIADjfMX19_23_33_60DB71E21ED09AA42416DE44A52E8F7FLl9PredicatefMf_.swift:2:26: error: cannot convert value of type 'PredicateExpressions.Equal<PredicateExpressions.KeyPath<PredicateExpressions.Variable<UserSettings>, String>, PredicateExpressions.KeyPath<PredicateExpressions.Value<Self.Type>, String>>' to closure result type 'any StandardPredicateExpression<Bool>'
    PredicateExpressions.build_Equal(
    ~~~~~~~~~~~~~~~~~~~~~^~~~~~~~~~~~
/Users/juju/dev_repos/books-v3/BooksTrackerPackage/Sources/BooksTrackerFeature/Services/DiversityStatsService.swift:20:24: note: in expansion of macro 'Predicate' here
            predicate: #Predicate { $0.userId == Self.defaultUserId }
                       ^~~~~~~~~~~~~~~~~~~~~~~~~~~~~~~~~~~~~~~~~~~~~~
/Users/juju/dev_repos/books-v3/BooksTrackerPackage/Sources/BooksTrackerFeature/Services/DiversityStatsService.swift:20:24: note: in expansion of macro 'Predicate' here
            predicate: #Predicate { $0.userId == Self.defaultUserId }
                       ^~~~~~~~~~~~~~~~~~~~~~~~~~~~~~~~~~~~~~~~~~~~~~

SwiftCompile normal arm64 /Users/juju/dev_repos/books-v3/BooksTrackerPackage/Sources/BooksTrackerFeature/Services/DTOMapper.swift (in target 'BooksTrackerFeature' from project 'BooksTrackerFeature')
    cd /Users/juju/dev_repos/books-v3
    
@__swiftmacro_19BooksTrackerFeature0032DiversityStatsServiceswift_jIADjfMX19_23_33_60DB71E21ED09AA42416DE44A52E8F7FLl9PredicatefMf_.swift:2:26: error: cannot convert value of type 'PredicateExpressions.Equal<PredicateExpressions.KeyPath<PredicateExpressions.Variable<UserSettings>, String>, PredicateExpressions.KeyPath<PredicateExpressions.Value<Self.Type>, String>>' to closure result type 'any StandardPredicateExpression<Bool>'
    PredicateExpressions.build_Equal(
    ~~~~~~~~~~~~~~~~~~~~~^~~~~~~~~~~~
/Users/juju/dev_repos/books-v3/BooksTrackerPackage/Sources/BooksTrackerFeature/Services/DiversityStatsService.swift:20:24: note: in expansion of macro 'Predicate' here
            predicate: #Predicate { $0.userId == Self.defaultUserId }
                       ^~~~~~~~~~~~~~~~~~~~~~~~~~~~~~~~~~~~~~~~~~~~~~
/Users/juju/dev_repos/books-v3/BooksTrackerPackage/Sources/BooksTrackerFeature/Services/DiversityStatsService.swift:20:24: note: in expansion of macro 'Predicate' here
            predicate: #Predicate { $0.userId == Self.defaultUserId }
                       ^~~~~~~~~~~~~~~~~~~~~~~~~~~~~~~~~~~~~~~~~~~~~~

SwiftCompile normal arm64 /Users/juju/dev_repos/books-v3/BooksTrackerPackage/Sources/BooksTrackerFeature/Services/DTOMapperEnvironmentKey.swift (in target 'BooksTrackerFeature' from project 'BooksTrackerFeature')
    cd /Users/juju/dev_repos/books-v3
    
@__swiftmacro_19BooksTrackerFeature0032DiversityStatsServiceswift_jIADjfMX19_23_33_60DB71E21ED09AA42416DE44A52E8F7FLl9PredicatefMf_.swift:2:26: error: cannot convert value of type 'PredicateExpressions.Equal<PredicateExpressions.KeyPath<PredicateExpressions.Variable<UserSettings>, String>, PredicateExpressions.KeyPath<PredicateExpressions.Value<Self.Type>, String>>' to closure result type 'any StandardPredicateExpression<Bool>'
    PredicateExpressions.build_Equal(
    ~~~~~~~~~~~~~~~~~~~~~^~~~~~~~~~~~
/Users/juju/dev_repos/books-v3/BooksTrackerPackage/Sources/BooksTrackerFeature/Services/DiversityStatsService.swift:20:24: note: in expansion of macro 'Predicate' here
            predicate: #Predicate { $0.userId == Self.defaultUserId }
                       ^~~~~~~~~~~~~~~~~~~~~~~~~~~~~~~~~~~~~~~~~~~~~~
/Users/juju/dev_repos/books-v3/BooksTrackerPackage/Sources/BooksTrackerFeature/Services/DiversityStatsService.swift:20:24: note: in expansion of macro 'Predicate' here
            predicate: #Predicate { $0.userId == Self.defaultUserId }
                       ^~~~~~~~~~~~~~~~~~~~~~~~~~~~~~~~~~~~~~~~~~~~~~

SwiftCompile normal arm64 /Users/juju/dev_repos/books-v3/BooksTrackerPackage/Sources/BooksTrackerFeature/Services/DataMigrationService.swift (in target 'BooksTrackerFeature' from project 'BooksTrackerFeature')
    cd /Users/juju/dev_repos/books-v3
    
@__swiftmacro_19BooksTrackerFeature0032DiversityStatsServiceswift_jIADjfMX19_23_33_60DB71E21ED09AA42416DE44A52E8F7FLl9PredicatefMf_.swift:2:26: error: cannot convert value of type 'PredicateExpressions.Equal<PredicateExpressions.KeyPath<PredicateExpressions.Variable<UserSettings>, String>, PredicateExpressions.KeyPath<PredicateExpressions.Value<Self.Type>, String>>' to closure result type 'any StandardPredicateExpression<Bool>'
    PredicateExpressions.build_Equal(
    ~~~~~~~~~~~~~~~~~~~~~^~~~~~~~~~~~
/Users/juju/dev_repos/books-v3/BooksTrackerPackage/Sources/BooksTrackerFeature/Services/DiversityStatsService.swift:20:24: note: in expansion of macro 'Predicate' here
            predicate: #Predicate { $0.userId == Self.defaultUserId }
                       ^~~~~~~~~~~~~~~~~~~~~~~~~~~~~~~~~~~~~~~~~~~~~~
/Users/juju/dev_repos/books-v3/BooksTrackerPackage/Sources/BooksTrackerFeature/Services/DiversityStatsService.swift:20:24: note: in expansion of macro 'Predicate' here
            predicate: #Predicate { $0.userId == Self.defaultUserId }
                       ^~~~~~~~~~~~~~~~~~~~~~~~~~~~~~~~~~~~~~~~~~~~~~

SwiftCompile normal arm64 /Users/juju/dev_repos/books-v3/BooksTrackerPackage/Sources/BooksTrackerFeature/Services/DiversityStatsService.swift (in target 'BooksTrackerFeature' from project 'BooksTrackerFeature')
    cd /Users/juju/dev_repos/books-v3
    
@__swiftmacro_19BooksTrackerFeature0032DiversityStatsServiceswift_jIADjfMX19_23_33_60DB71E21ED09AA42416DE44A52E8F7FLl9PredicatefMf_.swift:2:26: error: cannot convert value of type 'PredicateExpressions.Equal<PredicateExpressions.KeyPath<PredicateExpressions.Variable<UserSettings>, String>, PredicateExpressions.KeyPath<PredicateExpressions.Value<Self.Type>, String>>' to closure result type 'any StandardPredicateExpression<Bool>'
    PredicateExpressions.build_Equal(
    ~~~~~~~~~~~~~~~~~~~~~^~~~~~~~~~~~
/Users/juju/dev_repos/books-v3/BooksTrackerPackage/Sources/BooksTrackerFeature/Services/DiversityStatsService.swift:20:24: note: in expansion of macro 'Predicate' here
            predicate: #Predicate { $0.userId == Self.defaultUserId }
                       ^~~~~~~~~~~~~~~~~~~~~~~~~~~~~~~~~~~~~~~~~~~~~~
/Users/juju/dev_repos/books-v3/BooksTrackerPackage/Sources/BooksTrackerFeature/Services/DiversityStatsService.swift:20:24: note: in expansion of macro 'Predicate' here
            predicate: #Predicate { $0.userId == Self.defaultUserId }
                       ^~~~~~~~~~~~~~~~~~~~~~~~~~~~~~~~~~~~~~~~~~~~~~

SwiftCompile normal arm64 /Users/juju/dev_repos/books-v3/BooksTrackerPackage/Sources/BooksTrackerFeature/Services/DuplicateDetectionService.swift (in target 'BooksTrackerFeature' from project 'BooksTrackerFeature')
    cd /Users/juju/dev_repos/books-v3
    
@__swiftmacro_19BooksTrackerFeature0032DiversityStatsServiceswift_jIADjfMX19_23_33_60DB71E21ED09AA42416DE44A52E8F7FLl9PredicatefMf_.swift:2:26: error: cannot convert value of type 'PredicateExpressions.Equal<PredicateExpressions.KeyPath<PredicateExpressions.Variable<UserSettings>, String>, PredicateExpressions.KeyPath<PredicateExpressions.Value<Self.Type>, String>>' to closure result type 'any StandardPredicateExpression<Bool>'
    PredicateExpressions.build_Equal(
    ~~~~~~~~~~~~~~~~~~~~~^~~~~~~~~~~~
/Users/juju/dev_repos/books-v3/BooksTrackerPackage/Sources/BooksTrackerFeature/Services/DiversityStatsService.swift:20:24: note: in expansion of macro 'Predicate' here
            predicate: #Predicate { $0.userId == Self.defaultUserId }
                       ^~~~~~~~~~~~~~~~~~~~~~~~~~~~~~~~~~~~~~~~~~~~~~
/Users/juju/dev_repos/books-v3/BooksTrackerPackage/Sources/BooksTrackerFeature/Services/DiversityStatsService.swift:20:24: note: in expansion of macro 'Predicate' here
            predicate: #Predicate { $0.userId == Self.defaultUserId }
                       ^~~~~~~~~~~~~~~~~~~~~~~~~~~~~~~~~~~~~~~~~~~~~~

SwiftCompile normal arm64 /Users/juju/dev_repos/books-v3/BooksTrackerPackage/Sources/BooksTrackerFeature/Services/ImageCleanupService.swift (in target 'BooksTrackerFeature' from project 'BooksTrackerFeature')
    cd /Users/juju/dev_repos/books-v3
    
@__swiftmacro_19BooksTrackerFeature0032DiversityStatsServiceswift_jIADjfMX19_23_33_60DB71E21ED09AA42416DE44A52E8F7FLl9PredicatefMf_.swift:2:26: error: cannot convert value of type 'PredicateExpressions.Equal<PredicateExpressions.KeyPath<PredicateExpressions.Variable<UserSettings>, String>, PredicateExpressions.KeyPath<PredicateExpressions.Value<Self.Type>, String>>' to closure result type 'any StandardPredicateExpression<Bool>'
    PredicateExpressions.build_Equal(
    ~~~~~~~~~~~~~~~~~~~~~^~~~~~~~~~~~
/Users/juju/dev_repos/books-v3/BooksTrackerPackage/Sources/BooksTrackerFeature/Services/DiversityStatsService.swift:20:24: note: in expansion of macro 'Predicate' here
            predicate: #Predicate { $0.userId == Self.defaultUserId }
                       ^~~~~~~~~~~~~~~~~~~~~~~~~~~~~~~~~~~~~~~~~~~~~~
/Users/juju/dev_repos/books-v3/BooksTrackerPackage/Sources/BooksTrackerFeature/Services/DiversityStatsService.swift:20:24: note: in expansion of macro 'Predicate' here
            predicate: #Predicate { $0.userId == Self.defaultUserId }
                       ^~~~~~~~~~~~~~~~~~~~~~~~~~~~~~~~~~~~~~~~~~~~~~

SwiftCompile normal arm64 /Users/juju/dev_repos/books-v3/BooksTrackerPackage/Sources/BooksTrackerFeature/Services/ImageCompressionService.swift (in target 'BooksTrackerFeature' from project 'BooksTrackerFeature')
    cd /Users/juju/dev_repos/books-v3
    
@__swiftmacro_19BooksTrackerFeature0032DiversityStatsServiceswift_jIADjfMX19_23_33_60DB71E21ED09AA42416DE44A52E8F7FLl9PredicatefMf_.swift:2:26: error: cannot convert value of type 'PredicateExpressions.Equal<PredicateExpressions.KeyPath<PredicateExpressions.Variable<UserSettings>, String>, PredicateExpressions.KeyPath<PredicateExpressions.Value<Self.Type>, String>>' to closure result type 'any StandardPredicateExpression<Bool>'
    PredicateExpressions.build_Equal(
    ~~~~~~~~~~~~~~~~~~~~~^~~~~~~~~~~~
/Users/juju/dev_repos/books-v3/BooksTrackerPackage/Sources/BooksTrackerFeature/Services/DiversityStatsService.swift:20:24: note: in expansion of macro 'Predicate' here
            predicate: #Predicate { $0.userId == Self.defaultUserId }
                       ^~~~~~~~~~~~~~~~~~~~~~~~~~~~~~~~~~~~~~~~~~~~~~
/Users/juju/dev_repos/books-v3/BooksTrackerPackage/Sources/BooksTrackerFeature/Services/DiversityStatsService.swift:20:24: note: in expansion of macro 'Predicate' here
            predicate: #Predicate { $0.userId == Self.defaultUserId }
                       ^~~~~~~~~~~~~~~~~~~~~~~~~~~~~~~~~~~~~~~~~~~~~~

SwiftDriverJobDiscovery normal arm64 Emitting module for BooksTrackerFeature (in target 'BooksTrackerFeature' from project 'BooksTrackerFeature')

SwiftDriver\ Compilation\ Requirements BooksTrackerFeature normal arm64 com.apple.xcode.tools.swift.compiler (in target 'BooksTrackerFeature' from project 'BooksTrackerFeature')
    cd /Users/juju/dev_repos/books-v3
    builtin-Swift-Compilation-Requirements -- /Applications/Xcode-beta.app/Contents/Developer/Toolchains/XcodeDefault.xctoolchain/usr/bin/swiftc -module-name BooksTrackerFeature -Onone -enforce-exclusivity\=checked @/Users/juju/Library/Developer/Xcode/DerivedData/BooksTracker-hddtlywllmxtttafxzxcekilxubt/Build/Intermediates.noindex/BooksTrackerFeature.build/Debug-iphonesimulator/BooksTrackerFeature.build/Objects-normal/arm64/BooksTrackerFeature.SwiftFileList -DSWIFT_PACKAGE -DDEBUG -DSWIFT_MODULE_RESOURCE_BUNDLE_UNAVAILABLE -DXcode -plugin-path /Applications/Xcode-beta.app/Contents/Developer/Toolchains/XcodeDefault.xctoolchain/usr/lib/swift/host/plugins/testing -enable-experimental-feature DebugDescriptionMacro -sdk /Applications/Xcode-beta.app/Contents/Developer/Platforms/iPhoneSimulator.platform/Developer/SDKs/iPhoneSimulator26.2.sdk -target arm64-apple-ios26.0-simulator -g -module-cache-path /Users/juju/Library/Developer/Xcode/DerivedData/ModuleCache.noindex -Xfrontend -serialize-debugging-options -profile-coverage-mapping -profile-generate -enable-testing -index-store-path /Users/juju/Library/Developer/Xcode/DerivedData/BooksTracker-hddtlywllmxtttafxzxcekilxubt/Index.noindex/DataStore -Xcc -D_LIBCPP_HARDENING_MODE\=_LIBCPP_HARDENING_MODE_DEBUG -swift-version 6 -I /Users/juju/Library/Developer/Xcode/DerivedData/BooksTracker-hddtlywllmxtttafxzxcekilxubt/Build/Products/Debug-iphonesimulator -Isystem /Applications/Xcode-beta.app/Contents/Developer/Platforms/iPhoneSimulator.platform/Developer/usr/lib -F /Users/juju/Library/Developer/Xcode/DerivedData/BooksTracker-hddtlywllmxtttafxzxcekilxubt/Build/Products/Debug-iphonesimulator -F /Applications/Xcode-beta.app/Contents/Developer/Platforms/iPhoneSimulator.platform/Developer/Library/Frameworks -F /Applications/Xcode-beta.app/Contents/Developer/Platforms/iPhoneSimulator.platform/Developer/SDKs/iPhoneSimulator26.2.sdk/Developer/Library/Frameworks -c -j10 -enable-batch-mode -incremental -Xcc -ivfsstatcache -Xcc /Users/juju/Library/Developer/Xcode/DerivedData/SDKStatCaches.noindex/iphonesimulator26.2-23C5044a-c6bb09c85eeb1a59968f08cee6a58242.sdkstatcache -output-file-map /Users/juju/Library/Developer/Xcode/DerivedData/BooksTracker-hddtlywllmxtttafxzxcekilxubt/Build/Intermediates.noindex/BooksTrackerFeature.build/Debug-iphonesimulator/BooksTrackerFeature.build/Objects-normal/arm64/BooksTrackerFeature-OutputFileMap.json -use-frontend-parseable-output -save-temps -no-color-diagnostics -explicit-module-build -module-cache-path /Users/juju/Library/Developer/Xcode/DerivedData/BooksTracker-hddtlywllmxtttafxzxcekilxubt/Build/Intermediates.noindex/SwiftExplicitPrecompiledModules -clang-scanner-module-cache-path /Users/juju/Library/Developer/Xcode/DerivedData/ModuleCache.noindex -sdk-module-cache-path /Users/juju/Library/Developer/Xcode/DerivedData/ModuleCache.noindex -serialize-diagnostics -emit-dependencies -emit-module -emit-module-path /Users/juju/Library/Developer/Xcode/DerivedData/BooksTracker-hddtlywllmxtttafxzxcekilxubt/Build/Intermediates.noindex/BooksTrackerFeature.build/Debug-iphonesimulator/BooksTrackerFeature.build/Objects-normal/arm64/BooksTrackerFeature.swiftmodule -validate-clang-modules-once -clang-build-session-file /Users/juju/Library/Developer/Xcode/DerivedData/ModuleCache.noindex/Session.modulevalidation -package-name bookstrackerpackage -Xcc -I/Users/juju/Library/Developer/Xcode/DerivedData/BooksTracker-hddtlywllmxtttafxzxcekilxubt/Build/Intermediates.noindex/BooksTrackerFeature.build/Debug-iphonesimulator/BooksTrackerFeature.build/swift-overrides.hmap -emit-const-values -Xfrontend -const-gather-protocols-file -Xfrontend /Users/juju/Library/Developer/Xcode/DerivedData/BooksTracker-hddtlywllmxtttafxzxcekilxubt/Build/Intermediates.noindex/BooksTrackerFeature.build/Debug-iphonesimulator/BooksTrackerFeature.build/Objects-normal/arm64/BooksTrackerFeature_const_extract_protocols.json -Xcc -I/Users/juju/Library/Developer/Xcode/DerivedData/BooksTracker-hddtlywllmxtttafxzxcekilxubt/Build/Products/Debug-iphonesimulator/include -Xcc -I/Users/juju/Library/Developer/Xcode/DerivedData/BooksTracker-hddtlywllmxtttafxzxcekilxubt/Build/Intermediates.noindex/BooksTrackerFeature.build/Debug-iphonesimulator/BooksTrackerFeature.build/DerivedSources-normal/arm64 -Xcc -I/Users/juju/Library/Developer/Xcode/DerivedData/BooksTracker-hddtlywllmxtttafxzxcekilxubt/Build/Intermediates.noindex/BooksTrackerFeature.build/Debug-iphonesimulator/BooksTrackerFeature.build/DerivedSources/arm64 -Xcc -I/Users/juju/Library/Developer/Xcode/DerivedData/BooksTracker-hddtlywllmxtttafxzxcekilxubt/Build/Intermediates.noindex/BooksTrackerFeature.build/Debug-iphonesimulator/BooksTrackerFeature.build/DerivedSources -Xcc -DSWIFT_PACKAGE -Xcc -DDEBUG\=1 -emit-objc-header -emit-objc-header-path /Users/juju/Library/Developer/Xcode/DerivedData/BooksTracker-hddtlywllmxtttafxzxcekilxubt/Build/Intermediates.noindex/BooksTrackerFeature.build/Debug-iphonesimulator/BooksTrackerFeature.build/Objects-normal/arm64/BooksTrackerFeature-Swift.h -working-directory /Users/juju/dev_repos/books-v3 -experimental-emit-module-separately -disable-cmo

SwiftDriverJobDiscovery normal arm64 Compiling ImagePrefetcher.swift, ImportService.swift, LaunchMetrics.swift, LibraryFilterService.swift, NotificationCoordinator.swift, ReadingSessionService.swift, SampleDataGenerator.swift, SessionAnalyticsService.swift, WeeklyRecommendationsCache.swift, WeeklyRecommendationsService.swift, WorkflowImportService.swift, EnrichmentQueueDetailsView.swift, EnrichmentQueueRow.swift, SettingsView.swift, TabCoordinator.swift, ThemeSelectionView.swift, EnrichmentBanner.swift, UserLibraryEntry.swift, CelebrationView.swift (in target 'BooksTrackerFeature' from project 'BooksTrackerFeature')

SwiftMergeGeneratedHeaders /Users/juju/Library/Developer/Xcode/DerivedData/BooksTracker-hddtlywllmxtttafxzxcekilxubt/Build/Intermediates.noindex/GeneratedModuleMaps-iphonesimulator/BooksTrackerFeature-Swift.h /Users/juju/Library/Developer/Xcode/DerivedData/BooksTracker-hddtlywllmxtttafxzxcekilxubt/Build/Intermediates.noindex/BooksTrackerFeature.build/Debug-iphonesimulator/BooksTrackerFeature.build/Objects-normal/arm64/BooksTrackerFeature-Swift.h (in target 'BooksTrackerFeature' from project 'BooksTrackerFeature')
    cd /Users/juju/dev_repos/books-v3/BooksTrackerPackage
    builtin-swiftHeaderTool -arch arm64 /Users/juju/Library/Developer/Xcode/DerivedData/BooksTracker-hddtlywllmxtttafxzxcekilxubt/Build/Intermediates.noindex/BooksTrackerFeature.build/Debug-iphonesimulator/BooksTrackerFeature.build/Objects-normal/arm64/BooksTrackerFeature-Swift.h -o /Users/juju/Library/Developer/Xcode/DerivedData/BooksTracker-hddtlywllmxtttafxzxcekilxubt/Build/Intermediates.noindex/GeneratedModuleMaps-iphonesimulator/BooksTrackerFeature-Swift.h

Copy /Users/juju/Library/Developer/Xcode/DerivedData/BooksTracker-hddtlywllmxtttafxzxcekilxubt/Build/Products/Debug-iphonesimulator/BooksTrackerFeature.swiftmodule/arm64-apple-ios-simulator.swiftmodule /Users/juju/Library/Developer/Xcode/DerivedData/BooksTracker-hddtlywllmxtttafxzxcekilxubt/Build/Intermediates.noindex/BooksTrackerFeature.build/Debug-iphonesimulator/BooksTrackerFeature.build/Objects-normal/arm64/BooksTrackerFeature.swiftmodule (in target 'BooksTrackerFeature' from project 'BooksTrackerFeature')
    cd /Users/juju/dev_repos/books-v3/BooksTrackerPackage
    builtin-copy -exclude .DS_Store -exclude CVS -exclude .svn -exclude .git -exclude .hg -resolve-src-symlinks -rename /Users/juju/Library/Developer/Xcode/DerivedData/BooksTracker-hddtlywllmxtttafxzxcekilxubt/Build/Intermediates.noindex/BooksTrackerFeature.build/Debug-iphonesimulator/BooksTrackerFeature.build/Objects-normal/arm64/BooksTrackerFeature.swiftmodule /Users/juju/Library/Developer/Xcode/DerivedData/BooksTracker-hddtlywllmxtttafxzxcekilxubt/Build/Products/Debug-iphonesimulator/BooksTrackerFeature.swiftmodule/arm64-apple-ios-simulator.swiftmodule

Copy /Users/juju/Library/Developer/Xcode/DerivedData/BooksTracker-hddtlywllmxtttafxzxcekilxubt/Build/Products/Debug-iphonesimulator/BooksTrackerFeature.swiftmodule/arm64-apple-ios-simulator.swiftdoc /Users/juju/Library/Developer/Xcode/DerivedData/BooksTracker-hddtlywllmxtttafxzxcekilxubt/Build/Intermediates.noindex/BooksTrackerFeature.build/Debug-iphonesimulator/BooksTrackerFeature.build/Objects-normal/arm64/BooksTrackerFeature.swiftdoc (in target 'BooksTrackerFeature' from project 'BooksTrackerFeature')
    cd /Users/juju/dev_repos/books-v3/BooksTrackerPackage
    builtin-copy -exclude .DS_Store -exclude CVS -exclude .svn -exclude .git -exclude .hg -resolve-src-symlinks -rename /Users/juju/Library/Developer/Xcode/DerivedData/BooksTracker-hddtlywllmxtttafxzxcekilxubt/Build/Intermediates.noindex/BooksTrackerFeature.build/Debug-iphonesimulator/BooksTrackerFeature.build/Objects-normal/arm64/BooksTrackerFeature.swiftdoc /Users/juju/Library/Developer/Xcode/DerivedData/BooksTracker-hddtlywllmxtttafxzxcekilxubt/Build/Products/Debug-iphonesimulator/BooksTrackerFeature.swiftmodule/arm64-apple-ios-simulator.swiftdoc

Copy /Users/juju/Library/Developer/Xcode/DerivedData/BooksTracker-hddtlywllmxtttafxzxcekilxubt/Build/Products/Debug-iphonesimulator/BooksTrackerFeature.swiftmodule/arm64-apple-ios-simulator.abi.json /Users/juju/Library/Developer/Xcode/DerivedData/BooksTracker-hddtlywllmxtttafxzxcekilxubt/Build/Intermediates.noindex/BooksTrackerFeature.build/Debug-iphonesimulator/BooksTrackerFeature.build/Objects-normal/arm64/BooksTrackerFeature.abi.json (in target 'BooksTrackerFeature' from project 'BooksTrackerFeature')
    cd /Users/juju/dev_repos/books-v3/BooksTrackerPackage
    builtin-copy -exclude .DS_Store -exclude CVS -exclude .svn -exclude .git -exclude .hg -resolve-src-symlinks -rename /Users/juju/Library/Developer/Xcode/DerivedData/BooksTracker-hddtlywllmxtttafxzxcekilxubt/Build/Intermediates.noindex/BooksTrackerFeature.build/Debug-iphonesimulator/BooksTrackerFeature.build/Objects-normal/arm64/BooksTrackerFeature.abi.json /Users/juju/Library/Developer/Xcode/DerivedData/BooksTracker-hddtlywllmxtttafxzxcekilxubt/Build/Products/Debug-iphonesimulator/BooksTrackerFeature.swiftmodule/arm64-apple-ios-simulator.abi.json

Copy /Users/juju/Library/Developer/Xcode/DerivedData/BooksTracker-hddtlywllmxtttafxzxcekilxubt/Build/Products/Debug-iphonesimulator/BooksTrackerFeature.swiftmodule/Project/arm64-apple-ios-simulator.swiftsourceinfo /Users/juju/Library/Developer/Xcode/DerivedData/BooksTracker-hddtlywllmxtttafxzxcekilxubt/Build/Intermediates.noindex/BooksTrackerFeature.build/Debug-iphonesimulator/BooksTrackerFeature.build/Objects-normal/arm64/BooksTrackerFeature.swiftsourceinfo (in target 'BooksTrackerFeature' from project 'BooksTrackerFeature')
    cd /Users/juju/dev_repos/books-v3/BooksTrackerPackage
    builtin-copy -exclude .DS_Store -exclude CVS -exclude .svn -exclude .git -exclude .hg -resolve-src-symlinks -rename /Users/juju/Library/Developer/Xcode/DerivedData/BooksTracker-hddtlywllmxtttafxzxcekilxubt/Build/Intermediates.noindex/BooksTrackerFeature.build/Debug-iphonesimulator/BooksTrackerFeature.build/Objects-normal/arm64/BooksTrackerFeature.swiftsourceinfo /Users/juju/Library/Developer/Xcode/DerivedData/BooksTracker-hddtlywllmxtttafxzxcekilxubt/Build/Products/Debug-iphonesimulator/BooksTrackerFeature.swiftmodule/Project/arm64-apple-ios-simulator.swiftsourceinfo

ProcessProductPackaging "" /Users/juju/Library/Developer/Xcode/DerivedData/BooksTracker-hddtlywllmxtttafxzxcekilxubt/Build/Intermediates.noindex/BooksTracker.build/Debug-iphonesimulator/BooksTrackerWidgetsExtension.build/BooksTrackerWidgetsExtension.appex-Simulated.xcent (in target 'BooksTrackerWidgetsExtension' from project 'BooksTracker')
    cd /Users/juju/dev_repos/books-v3
    
    Entitlements:
    
    {
    "application-identifier" = "8Z67H8Y8DW.Z67H8Y8DW.com.oooefam.booksV3.BooksTrackerWidgets";
}
    
    builtin-productPackagingUtility -entitlements -format xml -o /Users/juju/Library/Developer/Xcode/DerivedData/BooksTracker-hddtlywllmxtttafxzxcekilxubt/Build/Intermediates.noindex/BooksTracker.build/Debug-iphonesimulator/BooksTrackerWidgetsExtension.build/BooksTrackerWidgetsExtension.appex-Simulated.xcent

ProcessProductPackagingDER /Users/juju/Library/Developer/Xcode/DerivedData/BooksTracker-hddtlywllmxtttafxzxcekilxubt/Build/Intermediates.noindex/BooksTracker.build/Debug-iphonesimulator/BooksTrackerWidgetsExtension.build/BooksTrackerWidgetsExtension.appex-Simulated.xcent /Users/juju/Library/Developer/Xcode/DerivedData/BooksTracker-hddtlywllmxtttafxzxcekilxubt/Build/Intermediates.noindex/BooksTracker.build/Debug-iphonesimulator/BooksTrackerWidgetsExtension.build/BooksTrackerWidgetsExtension.appex-Simulated.xcent.der (in target 'BooksTrackerWidgetsExtension' from project 'BooksTracker')
    cd /Users/juju/dev_repos/books-v3
    /usr/bin/derq query -f xml -i /Users/juju/Library/Developer/Xcode/DerivedData/BooksTracker-hddtlywllmxtttafxzxcekilxubt/Build/Intermediates.noindex/BooksTracker.build/Debug-iphonesimulator/BooksTrackerWidgetsExtension.build/BooksTrackerWidgetsExtension.appex-Simulated.xcent -o /Users/juju/Library/Developer/Xcode/DerivedData/BooksTracker-hddtlywllmxtttafxzxcekilxubt/Build/Intermediates.noindex/BooksTracker.build/Debug-iphonesimulator/BooksTrackerWidgetsExtension.build/BooksTrackerWidgetsExtension.appex-Simulated.xcent.der --raw

MkDir /Users/juju/Library/Developer/Xcode/DerivedData/BooksTracker-hddtlywllmxtttafxzxcekilxubt/Build/Intermediates.noindex/BooksTracker.build/Debug-iphonesimulator/BooksTrackerWidgetsExtension.build/assetcatalog_output/unthinned (in target 'BooksTrackerWidgetsExtension' from project 'BooksTracker')
    cd /Users/juju/dev_repos/books-v3
    /bin/mkdir -p /Users/juju/Library/Developer/Xcode/DerivedData/BooksTracker-hddtlywllmxtttafxzxcekilxubt/Build/Intermediates.noindex/BooksTracker.build/Debug-iphonesimulator/BooksTrackerWidgetsExtension.build/assetcatalog_output/unthinned

MkDir /Users/juju/Library/Developer/Xcode/DerivedData/BooksTracker-hddtlywllmxtttafxzxcekilxubt/Build/Intermediates.noindex/BooksTracker.build/Debug-iphonesimulator/BooksTrackerWidgetsExtension.build/assetcatalog_output/thinned (in target 'BooksTrackerWidgetsExtension' from project 'BooksTracker')
    cd /Users/juju/dev_repos/books-v3
    /bin/mkdir -p /Users/juju/Library/Developer/Xcode/DerivedData/BooksTracker-hddtlywllmxtttafxzxcekilxubt/Build/Intermediates.noindex/BooksTracker.build/Debug-iphonesimulator/BooksTrackerWidgetsExtension.build/assetcatalog_output/thinned

GenerateAssetSymbols /Users/juju/dev_repos/books-v3/BooksTrackerWidgets/Assets.xcassets (in target 'BooksTrackerWidgetsExtension' from project 'BooksTracker')
    cd /Users/juju/dev_repos/books-v3
    /Applications/Xcode-beta.app/Contents/Developer/usr/bin/actool /Users/juju/dev_repos/books-v3/BooksTrackerWidgets/Assets.xcassets --compile /Users/juju/Library/Developer/Xcode/DerivedData/BooksTracker-hddtlywllmxtttafxzxcekilxubt/Build/Products/Debug-iphonesimulator/BooksTrackerWidgetsExtension.appex --output-format human-readable-text --notices --warnings --export-dependency-info /Users/juju/Library/Developer/Xcode/DerivedData/BooksTracker-hddtlywllmxtttafxzxcekilxubt/Build/Intermediates.noindex/BooksTracker.build/Debug-iphonesimulator/BooksTrackerWidgetsExtension.build/assetcatalog_dependencies --output-partial-info-plist /Users/juju/Library/Developer/Xcode/DerivedData/BooksTracker-hddtlywllmxtttafxzxcekilxubt/Build/Intermediates.noindex/BooksTracker.build/Debug-iphonesimulator/BooksTrackerWidgetsExtension.build/assetcatalog_generated_info.plist --accent-color AccentColor --widget-background-color WidgetBackground --compress-pngs --enable-on-demand-resources NO --standalone-icon-behavior all --development-region en --target-device iphone --target-device ipad --minimum-deployment-target 26.0 --platform iphonesimulator --bundle-identifier Z67H8Y8DW.com.oooefam.booksV3.BooksTrackerWidgets --generate-swift-asset-symbols /Users/juju/Library/Developer/Xcode/DerivedData/BooksTracker-hddtlywllmxtttafxzxcekilxubt/Build/Intermediates.noindex/BooksTracker.build/Debug-iphonesimulator/BooksTrackerWidgetsExtension.build/DerivedSources/GeneratedAssetSymbols.swift --generate-objc-asset-symbols /Users/juju/Library/Developer/Xcode/DerivedData/BooksTracker-hddtlywllmxtttafxzxcekilxubt/Build/Intermediates.noindex/BooksTracker.build/Debug-iphonesimulator/BooksTrackerWidgetsExtension.build/DerivedSources/GeneratedAssetSymbols.h --generate-asset-symbol-index /Users/juju/Library/Developer/Xcode/DerivedData/BooksTracker-hddtlywllmxtttafxzxcekilxubt/Build/Intermediates.noindex/BooksTracker.build/Debug-iphonesimulator/BooksTrackerWidgetsExtension.build/DerivedSources/GeneratedAssetSymbols-Index.plist
/* com.apple.actool.compilation-results */
/Users/juju/Library/Developer/Xcode/DerivedData/BooksTracker-hddtlywllmxtttafxzxcekilxubt/Build/Intermediates.noindex/BooksTracker.build/Debug-iphonesimulator/BooksTrackerWidgetsExtension.build/DerivedSources/GeneratedAssetSymbols-Index.plist
/Users/juju/Library/Developer/Xcode/DerivedData/BooksTracker-hddtlywllmxtttafxzxcekilxubt/Build/Intermediates.noindex/BooksTracker.build/Debug-iphonesimulator/BooksTrackerWidgetsExtension.build/DerivedSources/GeneratedAssetSymbols.h
/Users/juju/Library/Developer/Xcode/DerivedData/BooksTracker-hddtlywllmxtttafxzxcekilxubt/Build/Intermediates.noindex/BooksTracker.build/Debug-iphonesimulator/BooksTrackerWidgetsExtension.build/DerivedSources/GeneratedAssetSymbols.swift


CompileAssetCatalogVariant thinned /Users/juju/Library/Developer/Xcode/DerivedData/BooksTracker-hddtlywllmxtttafxzxcekilxubt/Build/Products/Debug-iphonesimulator/BooksTrackerWidgetsExtension.appex /Users/juju/dev_repos/books-v3/BooksTrackerWidgets/Assets.xcassets (in target 'BooksTrackerWidgetsExtension' from project 'BooksTracker')
    cd /Users/juju/dev_repos/books-v3
    /Applications/Xcode-beta.app/Contents/Developer/usr/bin/actool /Users/juju/dev_repos/books-v3/BooksTrackerWidgets/Assets.xcassets --compile /Users/juju/Library/Developer/Xcode/DerivedData/BooksTracker-hddtlywllmxtttafxzxcekilxubt/Build/Intermediates.noindex/BooksTracker.build/Debug-iphonesimulator/BooksTrackerWidgetsExtension.build/assetcatalog_output/thinned --output-format human-readable-text --notices --warnings --export-dependency-info /Users/juju/Library/Developer/Xcode/DerivedData/BooksTracker-hddtlywllmxtttafxzxcekilxubt/Build/Intermediates.noindex/BooksTracker.build/Debug-iphonesimulator/BooksTrackerWidgetsExtension.build/assetcatalog_dependencies_thinned --output-partial-info-plist /Users/juju/Library/Developer/Xcode/DerivedData/BooksTracker-hddtlywllmxtttafxzxcekilxubt/Build/Intermediates.noindex/BooksTracker.build/Debug-iphonesimulator/BooksTrackerWidgetsExtension.build/assetcatalog_generated_info.plist_thinned --accent-color AccentColor --widget-background-color WidgetBackground --compress-pngs --enable-on-demand-resources NO --standalone-icon-behavior all --filter-for-thinning-device-configuration iPhone18,1 --filter-for-device-os-version 26.2 --development-region en --target-device iphone --target-device ipad --minimum-deployment-target 26.0 --platform iphonesimulator
/* com.apple.actool.compilation-results */
/Users/juju/Library/Developer/Xcode/DerivedData/BooksTracker-hddtlywllmxtttafxzxcekilxubt/Build/Intermediates.noindex/BooksTracker.build/Debug-iphonesimulator/BooksTrackerWidgetsExtension.build/assetcatalog_generated_info.plist_thinned


SwiftDriver BooksTrackerWidgetsExtension normal arm64 com.apple.xcode.tools.swift.compiler (in target 'BooksTrackerWidgetsExtension' from project 'BooksTracker')
    cd /Users/juju/dev_repos/books-v3
    builtin-SwiftDriver -- /Applications/Xcode-beta.app/Contents/Developer/Toolchains/XcodeDefault.xctoolchain/usr/bin/swiftc -module-name BooksTrackerWidgetsExtension -Onone -enforce-exclusivity\=checked @/Users/juju/Library/Developer/Xcode/DerivedData/BooksTracker-hddtlywllmxtttafxzxcekilxubt/Build/Intermediates.noindex/BooksTracker.build/Debug-iphonesimulator/BooksTrackerWidgetsExtension.build/Objects-normal/arm64/BooksTrackerWidgetsExtension.SwiftFileList -DDEBUG -enable-upcoming-feature MemberImportVisibility -enable-upcoming-feature InferIsolatedConformances -enable-upcoming-feature NonisolatedNonsendingByDefault -enable-experimental-feature DebugDescriptionMacro -sdk /Applications/Xcode-beta.app/Contents/Developer/Platforms/iPhoneSimulator.platform/Developer/SDKs/iPhoneSimulator26.2.sdk -target arm64-apple-ios26.0-simulator -g -module-cache-path /Users/juju/Library/Developer/Xcode/DerivedData/ModuleCache.noindex -Xfrontend -serialize-debugging-options -application-extension -profile-coverage-mapping -profile-generate -enable-testing -index-store-path /Users/juju/Library/Developer/Xcode/DerivedData/BooksTracker-hddtlywllmxtttafxzxcekilxubt/Index.noindex/DataStore -Xcc -D_LIBCPP_HARDENING_MODE\=_LIBCPP_HARDENING_MODE_DEBUG -swift-version 6 -I /Users/juju/Library/Developer/Xcode/DerivedData/BooksTracker-hddtlywllmxtttafxzxcekilxubt/Build/Products/Debug-iphonesimulator -F /Users/juju/Library/Developer/Xcode/DerivedData/BooksTracker-hddtlywllmxtttafxzxcekilxubt/Build/Products/Debug-iphonesimulator/PackageFrameworks -F /Users/juju/Library/Developer/Xcode/DerivedData/BooksTracker-hddtlywllmxtttafxzxcekilxubt/Build/Products/Debug-iphonesimulator -emit-localized-strings -emit-localized-strings-path /Users/juju/Library/Developer/Xcode/DerivedData/BooksTracker-hddtlywllmxtttafxzxcekilxubt/Build/Intermediates.noindex/BooksTracker.build/Debug-iphonesimulator/BooksTrackerWidgetsExtension.build/Objects-normal/arm64 -c -j10 -enable-batch-mode -incremental -Xcc -ivfsstatcache -Xcc /Users/juju/Library/Developer/Xcode/DerivedData/SDKStatCaches.noindex/iphonesimulator26.2-23C5044a-c6bb09c85eeb1a59968f08cee6a58242.sdkstatcache -output-file-map /Users/juju/Library/Developer/Xcode/DerivedData/BooksTracker-hddtlywllmxtttafxzxcekilxubt/Build/Intermediates.noindex/BooksTracker.build/Debug-iphonesimulator/BooksTrackerWidgetsExtension.build/Objects-normal/arm64/BooksTrackerWidgetsExtension-OutputFileMap.json -use-frontend-parseable-output -save-temps -no-color-diagnostics -explicit-module-build -module-cache-path /Users/juju/Library/Developer/Xcode/DerivedData/BooksTracker-hddtlywllmxtttafxzxcekilxubt/Build/Intermediates.noindex/SwiftExplicitPrecompiledModules -clang-scanner-module-cache-path /Users/juju/Library/Developer/Xcode/DerivedData/ModuleCache.noindex -sdk-module-cache-path /Users/juju/Library/Developer/Xcode/DerivedData/ModuleCache.noindex -serialize-diagnostics -emit-dependencies -emit-module -emit-module-path /Users/juju/Library/Developer/Xcode/DerivedData/BooksTracker-hddtlywllmxtttafxzxcekilxubt/Build/Intermediates.noindex/BooksTracker.build/Debug-iphonesimulator/BooksTrackerWidgetsExtension.build/Objects-normal/arm64/BooksTrackerWidgetsExtension.swiftmodule -validate-clang-modules-once -clang-build-session-file /Users/juju/Library/Developer/Xcode/DerivedData/ModuleCache.noindex/Session.modulevalidation -Xcc -I/Users/juju/Library/Developer/Xcode/DerivedData/BooksTracker-hddtlywllmxtttafxzxcekilxubt/Build/Intermediates.noindex/BooksTracker.build/Debug-iphonesimulator/BooksTrackerWidgetsExtension.build/swift-overrides.hmap -emit-const-values -Xfrontend -const-gather-protocols-file -Xfrontend /Users/juju/Library/Developer/Xcode/DerivedData/BooksTracker-hddtlywllmxtttafxzxcekilxubt/Build/Intermediates.noindex/BooksTracker.build/Debug-iphonesimulator/BooksTrackerWidgetsExtension.build/Objects-normal/arm64/BooksTrackerWidgetsExtension_const_extract_protocols.json -Xcc -iquote -Xcc /Users/juju/Library/Developer/Xcode/DerivedData/BooksTracker-hddtlywllmxtttafxzxcekilxubt/Build/Intermediates.noindex/BooksTracker.build/Debug-iphonesimulator/BooksTrackerWidgetsExtension.build/BooksTrackerWidgetsExtension-generated-files.hmap -Xcc -I/Users/juju/Library/Developer/Xcode/DerivedData/BooksTracker-hddtlywllmxtttafxzxcekilxubt/Build/Intermediates.noindex/BooksTracker.build/Debug-iphonesimulator/BooksTrackerWidgetsExtension.build/BooksTrackerWidgetsExtension-own-target-headers.hmap -Xcc -I/Users/juju/Library/Developer/Xcode/DerivedData/BooksTracker-hddtlywllmxtttafxzxcekilxubt/Build/Intermediates.noindex/BooksTracker.build/Debug-iphonesimulator/BooksTrackerWidgetsExtension.build/BooksTrackerWidgetsExtension-all-non-framework-target-headers.hmap -Xcc -ivfsoverlay -Xcc /Users/juju/Library/Developer/Xcode/DerivedData/BooksTracker-hddtlywllmxtttafxzxcekilxubt/Build/Intermediates.noindex/BooksTracker.build/Debug-iphonesimulator/BooksTracker-12e420f7efb496521556679497584161-VFS-iphonesimulator/all-product-headers.yaml -Xcc -iquote -Xcc /Users/juju/Library/Developer/Xcode/DerivedData/BooksTracker-hddtlywllmxtttafxzxcekilxubt/Build/Intermediates.noindex/BooksTracker.build/Debug-iphonesimulator/BooksTrackerWidgetsExtension.build/BooksTrackerWidgetsExtension-project-headers.hmap -Xcc -I/Users/juju/Library/Developer/Xcode/DerivedData/BooksTracker-hddtlywllmxtttafxzxcekilxubt/Build/Products/Debug-iphonesimulator/include -Xcc -I/Users/juju/Library/Developer/Xcode/DerivedData/BooksTracker-hddtlywllmxtttafxzxcekilxubt/Build/Intermediates.noindex/BooksTracker.build/Debug-iphonesimulator/BooksTrackerWidgetsExtension.build/DerivedSources-normal/arm64 -Xcc -I/Users/juju/Library/Developer/Xcode/DerivedData/BooksTracker-hddtlywllmxtttafxzxcekilxubt/Build/Intermediates.noindex/BooksTracker.build/Debug-iphonesimulator/BooksTrackerWidgetsExtension.build/DerivedSources/arm64 -Xcc -I/Users/juju/Library/Developer/Xcode/DerivedData/BooksTracker-hddtlywllmxtttafxzxcekilxubt/Build/Intermediates.noindex/BooksTracker.build/Debug-iphonesimulator/BooksTrackerWidgetsExtension.build/DerivedSources -Xcc -DDEBUG\=1 -emit-objc-header -emit-objc-header-path /Users/juju/Library/Developer/Xcode/DerivedData/BooksTracker-hddtlywllmxtttafxzxcekilxubt/Build/Intermediates.noindex/BooksTracker.build/Debug-iphonesimulator/BooksTrackerWidgetsExtension.build/Objects-normal/arm64/BooksTrackerWidgetsExtension-Swift.h -working-directory /Users/juju/dev_repos/books-v3 -experimental-emit-module-separately -disable-cmo

LinkAssetCatalog /Users/juju/dev_repos/books-v3/BooksTrackerWidgets/Assets.xcassets (in target 'BooksTrackerWidgetsExtension' from project 'BooksTracker')
    cd /Users/juju/dev_repos/books-v3
    builtin-linkAssetCatalog --thinned /Users/juju/Library/Developer/Xcode/DerivedData/BooksTracker-hddtlywllmxtttafxzxcekilxubt/Build/Intermediates.noindex/BooksTracker.build/Debug-iphonesimulator/BooksTrackerWidgetsExtension.build/assetcatalog_output/thinned --thinned-dependencies /Users/juju/Library/Developer/Xcode/DerivedData/BooksTracker-hddtlywllmxtttafxzxcekilxubt/Build/Intermediates.noindex/BooksTracker.build/Debug-iphonesimulator/BooksTrackerWidgetsExtension.build/assetcatalog_dependencies_thinned --thinned-info-plist-content /Users/juju/Library/Developer/Xcode/DerivedData/BooksTracker-hddtlywllmxtttafxzxcekilxubt/Build/Intermediates.noindex/BooksTracker.build/Debug-iphonesimulator/BooksTrackerWidgetsExtension.build/assetcatalog_generated_info.plist_thinned --unthinned /Users/juju/Library/Developer/Xcode/DerivedData/BooksTracker-hddtlywllmxtttafxzxcekilxubt/Build/Intermediates.noindex/BooksTracker.build/Debug-iphonesimulator/BooksTrackerWidgetsExtension.build/assetcatalog_output/unthinned --unthinned-dependencies /Users/juju/Library/Developer/Xcode/DerivedData/BooksTracker-hddtlywllmxtttafxzxcekilxubt/Build/Intermediates.noindex/BooksTracker.build/Debug-iphonesimulator/BooksTrackerWidgetsExtension.build/assetcatalog_dependencies_unthinned --unthinned-info-plist-content /Users/juju/Library/Developer/Xcode/DerivedData/BooksTracker-hddtlywllmxtttafxzxcekilxubt/Build/Intermediates.noindex/BooksTracker.build/Debug-iphonesimulator/BooksTrackerWidgetsExtension.build/assetcatalog_generated_info.plist_unthinned --output /Users/juju/Library/Developer/Xcode/DerivedData/BooksTracker-hddtlywllmxtttafxzxcekilxubt/Build/Products/Debug-iphonesimulator/BooksTrackerWidgetsExtension.appex --plist-output /Users/juju/Library/Developer/Xcode/DerivedData/BooksTracker-hddtlywllmxtttafxzxcekilxubt/Build/Intermediates.noindex/BooksTracker.build/Debug-iphonesimulator/BooksTrackerWidgetsExtension.build/assetcatalog_generated_info.plist

SwiftDriverJobDiscovery normal arm64 Compiling FlowLayout.swift, LibraryRepository.swift, ModelTypes.swift, APICapabilities.swift, AuthorMetadata.swift, BookEnrichment.swift, DiversityMetric.swift, DiversityScore.swift, DiversityStats.swift, DiversityStatsMigrationPlan.swift, EnhancedDiversityStats.swift, NotificationPayloads.swift, ReadingSession.swift, ReadingStats.swift, ReviewStatus.swift, SearchCoordinator.swift, SearchResultDTO.swift, SimilarBooksCache.swift, StreakData.swift (in target 'BooksTrackerFeature' from project 'BooksTrackerFeature')

SwiftEmitModule normal arm64 Emitting\ module\ for\ BooksTrackerWidgetsExtension (in target 'BooksTrackerWidgetsExtension' from project 'BooksTracker')

EmitSwiftModule normal arm64 (in target 'BooksTrackerWidgetsExtension' from project 'BooksTracker')
    cd /Users/juju/dev_repos/books-v3
    

SwiftCompile normal arm64 Compiling\ BooksTrackerWidgets.swift /Users/juju/dev_repos/books-v3/BooksTrackerWidgets/BooksTrackerWidgets.swift (in target 'BooksTrackerWidgetsExtension' from project 'BooksTracker')

SwiftCompile normal arm64 /Users/juju/dev_repos/books-v3/BooksTrackerWidgets/BooksTrackerWidgets.swift (in target 'BooksTrackerWidgetsExtension' from project 'BooksTracker')
    cd /Users/juju/dev_repos/books-v3
    

SwiftCompile normal arm64 Compiling\ AppIntent.swift /Users/juju/dev_repos/books-v3/BooksTrackerWidgets/AppIntent.swift (in target 'BooksTrackerWidgetsExtension' from project 'BooksTracker')

SwiftCompile normal arm64 /Users/juju/dev_repos/books-v3/BooksTrackerWidgets/AppIntent.swift (in target 'BooksTrackerWidgetsExtension' from project 'BooksTracker')
    cd /Users/juju/dev_repos/books-v3
    

SwiftDriverJobDiscovery normal arm64 Compiling LoadingState.swift, SyncCoordinator.swift, WebSocketHelpers.swift, WebSocketProgressManager.swift, AuroraGradient.swift, BookCardSkeleton.swift, BookMetadataRow.swift, EditionMetadataView.swift, EndSessionSheet.swift, EnrichmentCompletionToast.swift, EnrichmentErrorToast.swift, EnrichmentIndicator.swift, GenreTagView.swift, GlassCard.swift, LibraryStatusBadge.swift, NotesEditorView.swift, RateLimitBanner.swift, ScaleButtonStyle.swift, StarRatingView.swift, ContentView.swift (in target 'BooksTrackerFeature' from project 'BooksTrackerFeature')

SwiftCompile normal arm64 Compiling\ BooksTrackerWidgetsControl.swift /Users/juju/dev_repos/books-v3/BooksTrackerWidgets/BooksTrackerWidgetsControl.swift (in target 'BooksTrackerWidgetsExtension' from project 'BooksTracker')

SwiftCompile normal arm64 /Users/juju/dev_repos/books-v3/BooksTrackerWidgets/BooksTrackerWidgetsControl.swift (in target 'BooksTrackerWidgetsExtension' from project 'BooksTracker')
    cd /Users/juju/dev_repos/books-v3
    

SwiftDriverJobDiscovery normal arm64 Emitting module for BooksTrackerWidgetsExtension (in target 'BooksTrackerWidgetsExtension' from project 'BooksTracker')

SwiftDriver\ Compilation\ Requirements BooksTrackerWidgetsExtension normal arm64 com.apple.xcode.tools.swift.compiler (in target 'BooksTrackerWidgetsExtension' from project 'BooksTracker')
    cd /Users/juju/dev_repos/books-v3
    builtin-Swift-Compilation-Requirements -- /Applications/Xcode-beta.app/Contents/Developer/Toolchains/XcodeDefault.xctoolchain/usr/bin/swiftc -module-name BooksTrackerWidgetsExtension -Onone -enforce-exclusivity\=checked @/Users/juju/Library/Developer/Xcode/DerivedData/BooksTracker-hddtlywllmxtttafxzxcekilxubt/Build/Intermediates.noindex/BooksTracker.build/Debug-iphonesimulator/BooksTrackerWidgetsExtension.build/Objects-normal/arm64/BooksTrackerWidgetsExtension.SwiftFileList -DDEBUG -enable-upcoming-feature MemberImportVisibility -enable-upcoming-feature InferIsolatedConformances -enable-upcoming-feature NonisolatedNonsendingByDefault -enable-experimental-feature DebugDescriptionMacro -sdk /Applications/Xcode-beta.app/Contents/Developer/Platforms/iPhoneSimulator.platform/Developer/SDKs/iPhoneSimulator26.2.sdk -target arm64-apple-ios26.0-simulator -g -module-cache-path /Users/juju/Library/Developer/Xcode/DerivedData/ModuleCache.noindex -Xfrontend -serialize-debugging-options -application-extension -profile-coverage-mapping -profile-generate -enable-testing -index-store-path /Users/juju/Library/Developer/Xcode/DerivedData/BooksTracker-hddtlywllmxtttafxzxcekilxubt/Index.noindex/DataStore -Xcc -D_LIBCPP_HARDENING_MODE\=_LIBCPP_HARDENING_MODE_DEBUG -swift-version 6 -I /Users/juju/Library/Developer/Xcode/DerivedData/BooksTracker-hddtlywllmxtttafxzxcekilxubt/Build/Products/Debug-iphonesimulator -F /Users/juju/Library/Developer/Xcode/DerivedData/BooksTracker-hddtlywllmxtttafxzxcekilxubt/Build/Products/Debug-iphonesimulator/PackageFrameworks -F /Users/juju/Library/Developer/Xcode/DerivedData/BooksTracker-hddtlywllmxtttafxzxcekilxubt/Build/Products/Debug-iphonesimulator -emit-localized-strings -emit-localized-strings-path /Users/juju/Library/Developer/Xcode/DerivedData/BooksTracker-hddtlywllmxtttafxzxcekilxubt/Build/Intermediates.noindex/BooksTracker.build/Debug-iphonesimulator/BooksTrackerWidgetsExtension.build/Objects-normal/arm64 -c -j10 -enable-batch-mode -incremental -Xcc -ivfsstatcache -Xcc /Users/juju/Library/Developer/Xcode/DerivedData/SDKStatCaches.noindex/iphonesimulator26.2-23C5044a-c6bb09c85eeb1a59968f08cee6a58242.sdkstatcache -output-file-map /Users/juju/Library/Developer/Xcode/DerivedData/BooksTracker-hddtlywllmxtttafxzxcekilxubt/Build/Intermediates.noindex/BooksTracker.build/Debug-iphonesimulator/BooksTrackerWidgetsExtension.build/Objects-normal/arm64/BooksTrackerWidgetsExtension-OutputFileMap.json -use-frontend-parseable-output -save-temps -no-color-diagnostics -explicit-module-build -module-cache-path /Users/juju/Library/Developer/Xcode/DerivedData/BooksTracker-hddtlywllmxtttafxzxcekilxubt/Build/Intermediates.noindex/SwiftExplicitPrecompiledModules -clang-scanner-module-cache-path /Users/juju/Library/Developer/Xcode/DerivedData/ModuleCache.noindex -sdk-module-cache-path /Users/juju/Library/Developer/Xcode/DerivedData/ModuleCache.noindex -serialize-diagnostics -emit-dependencies -emit-module -emit-module-path /Users/juju/Library/Developer/Xcode/DerivedData/BooksTracker-hddtlywllmxtttafxzxcekilxubt/Build/Intermediates.noindex/BooksTracker.build/Debug-iphonesimulator/BooksTrackerWidgetsExtension.build/Objects-normal/arm64/BooksTrackerWidgetsExtension.swiftmodule -validate-clang-modules-once -clang-build-session-file /Users/juju/Library/Developer/Xcode/DerivedData/ModuleCache.noindex/Session.modulevalidation -Xcc -I/Users/juju/Library/Developer/Xcode/DerivedData/BooksTracker-hddtlywllmxtttafxzxcekilxubt/Build/Intermediates.noindex/BooksTracker.build/Debug-iphonesimulator/BooksTrackerWidgetsExtension.build/swift-overrides.hmap -emit-const-values -Xfrontend -const-gather-protocols-file -Xfrontend /Users/juju/Library/Developer/Xcode/DerivedData/BooksTracker-hddtlywllmxtttafxzxcekilxubt/Build/Intermediates.noindex/BooksTracker.build/Debug-iphonesimulator/BooksTrackerWidgetsExtension.build/Objects-normal/arm64/BooksTrackerWidgetsExtension_const_extract_protocols.json -Xcc -iquote -Xcc /Users/juju/Library/Developer/Xcode/DerivedData/BooksTracker-hddtlywllmxtttafxzxcekilxubt/Build/Intermediates.noindex/BooksTracker.build/Debug-iphonesimulator/BooksTrackerWidgetsExtension.build/BooksTrackerWidgetsExtension-generated-files.hmap -Xcc -I/Users/juju/Library/Developer/Xcode/DerivedData/BooksTracker-hddtlywllmxtttafxzxcekilxubt/Build/Intermediates.noindex/BooksTracker.build/Debug-iphonesimulator/BooksTrackerWidgetsExtension.build/BooksTrackerWidgetsExtension-own-target-headers.hmap -Xcc -I/Users/juju/Library/Developer/Xcode/DerivedData/BooksTracker-hddtlywllmxtttafxzxcekilxubt/Build/Intermediates.noindex/BooksTracker.build/Debug-iphonesimulator/BooksTrackerWidgetsExtension.build/BooksTrackerWidgetsExtension-all-non-framework-target-headers.hmap -Xcc -ivfsoverlay -Xcc /Users/juju/Library/Developer/Xcode/DerivedData/BooksTracker-hddtlywllmxtttafxzxcekilxubt/Build/Intermediates.noindex/BooksTracker.build/Debug-iphonesimulator/BooksTracker-12e420f7efb496521556679497584161-VFS-iphonesimulator/all-product-headers.yaml -Xcc -iquote -Xcc /Users/juju/Library/Developer/Xcode/DerivedData/BooksTracker-hddtlywllmxtttafxzxcekilxubt/Build/Intermediates.noindex/BooksTracker.build/Debug-iphonesimulator/BooksTrackerWidgetsExtension.build/BooksTrackerWidgetsExtension-project-headers.hmap -Xcc -I/Users/juju/Library/Developer/Xcode/DerivedData/BooksTracker-hddtlywllmxtttafxzxcekilxubt/Build/Products/Debug-iphonesimulator/include -Xcc -I/Users/juju/Library/Developer/Xcode/DerivedData/BooksTracker-hddtlywllmxtttafxzxcekilxubt/Build/Intermediates.noindex/BooksTracker.build/Debug-iphonesimulator/BooksTrackerWidgetsExtension.build/DerivedSources-normal/arm64 -Xcc -I/Users/juju/Library/Developer/Xcode/DerivedData/BooksTracker-hddtlywllmxtttafxzxcekilxubt/Build/Intermediates.noindex/BooksTracker.build/Debug-iphonesimulator/BooksTrackerWidgetsExtension.build/DerivedSources/arm64 -Xcc -I/Users/juju/Library/Developer/Xcode/DerivedData/BooksTracker-hddtlywllmxtttafxzxcekilxubt/Build/Intermediates.noindex/BooksTracker.build/Debug-iphonesimulator/BooksTrackerWidgetsExtension.build/DerivedSources -Xcc -DDEBUG\=1 -emit-objc-header -emit-objc-header-path /Users/juju/Library/Developer/Xcode/DerivedData/BooksTracker-hddtlywllmxtttafxzxcekilxubt/Build/Intermediates.noindex/BooksTracker.build/Debug-iphonesimulator/BooksTrackerWidgetsExtension.build/Objects-normal/arm64/BooksTrackerWidgetsExtension-Swift.h -working-directory /Users/juju/dev_repos/books-v3 -experimental-emit-module-separately -disable-cmo

SwiftDriverJobDiscovery normal arm64 Compiling BooksTrackerWidgets.swift (in target 'BooksTrackerWidgetsExtension' from project 'BooksTracker')

SwiftCompile normal arm64 Compiling\ BooksTrackerWidgetsLiveActivity.swift /Users/juju/dev_repos/books-v3/BooksTrackerWidgets/BooksTrackerWidgetsLiveActivity.swift (in target 'BooksTrackerWidgetsExtension' from project 'BooksTracker')

SwiftCompile normal arm64 /Users/juju/dev_repos/books-v3/BooksTrackerWidgets/BooksTrackerWidgetsLiveActivity.swift (in target 'BooksTrackerWidgetsExtension' from project 'BooksTracker')
    cd /Users/juju/dev_repos/books-v3
    

SwiftMergeGeneratedHeaders /Users/juju/Library/Developer/Xcode/DerivedData/BooksTracker-hddtlywllmxtttafxzxcekilxubt/Build/Intermediates.noindex/BooksTracker.build/Debug-iphonesimulator/BooksTrackerWidgetsExtension.build/DerivedSources/BooksTrackerWidgetsExtension-Swift.h /Users/juju/Library/Developer/Xcode/DerivedData/BooksTracker-hddtlywllmxtttafxzxcekilxubt/Build/Intermediates.noindex/BooksTracker.build/Debug-iphonesimulator/BooksTrackerWidgetsExtension.build/Objects-normal/arm64/BooksTrackerWidgetsExtension-Swift.h (in target 'BooksTrackerWidgetsExtension' from project 'BooksTracker')
    cd /Users/juju/dev_repos/books-v3
    builtin-swiftHeaderTool -arch arm64 /Users/juju/Library/Developer/Xcode/DerivedData/BooksTracker-hddtlywllmxtttafxzxcekilxubt/Build/Intermediates.noindex/BooksTracker.build/Debug-iphonesimulator/BooksTrackerWidgetsExtension.build/Objects-normal/arm64/BooksTrackerWidgetsExtension-Swift.h -o /Users/juju/Library/Developer/Xcode/DerivedData/BooksTracker-hddtlywllmxtttafxzxcekilxubt/Build/Intermediates.noindex/BooksTracker.build/Debug-iphonesimulator/BooksTrackerWidgetsExtension.build/DerivedSources/BooksTrackerWidgetsExtension-Swift.h

SwiftDriverJobDiscovery normal arm64 Compiling AppIntent.swift (in target 'BooksTrackerWidgetsExtension' from project 'BooksTracker')

Copy /Users/juju/Library/Developer/Xcode/DerivedData/BooksTracker-hddtlywllmxtttafxzxcekilxubt/Build/Products/Debug-iphonesimulator/BooksTrackerWidgetsExtension.swiftmodule/arm64-apple-ios-simulator.swiftmodule /Users/juju/Library/Developer/Xcode/DerivedData/BooksTracker-hddtlywllmxtttafxzxcekilxubt/Build/Intermediates.noindex/BooksTracker.build/Debug-iphonesimulator/BooksTrackerWidgetsExtension.build/Objects-normal/arm64/BooksTrackerWidgetsExtension.swiftmodule (in target 'BooksTrackerWidgetsExtension' from project 'BooksTracker')
    cd /Users/juju/dev_repos/books-v3
    builtin-copy -exclude .DS_Store -exclude CVS -exclude .svn -exclude .git -exclude .hg -resolve-src-symlinks -rename /Users/juju/Library/Developer/Xcode/DerivedData/BooksTracker-hddtlywllmxtttafxzxcekilxubt/Build/Intermediates.noindex/BooksTracker.build/Debug-iphonesimulator/BooksTrackerWidgetsExtension.build/Objects-normal/arm64/BooksTrackerWidgetsExtension.swiftmodule /Users/juju/Library/Developer/Xcode/DerivedData/BooksTracker-hddtlywllmxtttafxzxcekilxubt/Build/Products/Debug-iphonesimulator/BooksTrackerWidgetsExtension.swiftmodule/arm64-apple-ios-simulator.swiftmodule

Copy /Users/juju/Library/Developer/Xcode/DerivedData/BooksTracker-hddtlywllmxtttafxzxcekilxubt/Build/Products/Debug-iphonesimulator/BooksTrackerWidgetsExtension.swiftmodule/arm64-apple-ios-simulator.swiftdoc /Users/juju/Library/Developer/Xcode/DerivedData/BooksTracker-hddtlywllmxtttafxzxcekilxubt/Build/Intermediates.noindex/BooksTracker.build/Debug-iphonesimulator/BooksTrackerWidgetsExtension.build/Objects-normal/arm64/BooksTrackerWidgetsExtension.swiftdoc (in target 'BooksTrackerWidgetsExtension' from project 'BooksTracker')
    cd /Users/juju/dev_repos/books-v3
    builtin-copy -exclude .DS_Store -exclude CVS -exclude .svn -exclude .git -exclude .hg -resolve-src-symlinks -rename /Users/juju/Library/Developer/Xcode/DerivedData/BooksTracker-hddtlywllmxtttafxzxcekilxubt/Build/Intermediates.noindex/BooksTracker.build/Debug-iphonesimulator/BooksTrackerWidgetsExtension.build/Objects-normal/arm64/BooksTrackerWidgetsExtension.swiftdoc /Users/juju/Library/Developer/Xcode/DerivedData/BooksTracker-hddtlywllmxtttafxzxcekilxubt/Build/Products/Debug-iphonesimulator/BooksTrackerWidgetsExtension.swiftmodule/arm64-apple-ios-simulator.swiftdoc

Copy /Users/juju/Library/Developer/Xcode/DerivedData/BooksTracker-hddtlywllmxtttafxzxcekilxubt/Build/Products/Debug-iphonesimulator/BooksTrackerWidgetsExtension.swiftmodule/arm64-apple-ios-simulator.abi.json /Users/juju/Library/Developer/Xcode/DerivedData/BooksTracker-hddtlywllmxtttafxzxcekilxubt/Build/Intermediates.noindex/BooksTracker.build/Debug-iphonesimulator/BooksTrackerWidgetsExtension.build/Objects-normal/arm64/BooksTrackerWidgetsExtension.abi.json (in target 'BooksTrackerWidgetsExtension' from project 'BooksTracker')
    cd /Users/juju/dev_repos/books-v3
    builtin-copy -exclude .DS_Store -exclude CVS -exclude .svn -exclude .git -exclude .hg -resolve-src-symlinks -rename /Users/juju/Library/Developer/Xcode/DerivedData/BooksTracker-hddtlywllmxtttafxzxcekilxubt/Build/Intermediates.noindex/BooksTracker.build/Debug-iphonesimulator/BooksTrackerWidgetsExtension.build/Objects-normal/arm64/BooksTrackerWidgetsExtension.abi.json /Users/juju/Library/Developer/Xcode/DerivedData/BooksTracker-hddtlywllmxtttafxzxcekilxubt/Build/Products/Debug-iphonesimulator/BooksTrackerWidgetsExtension.swiftmodule/arm64-apple-ios-simulator.abi.json

Copy /Users/juju/Library/Developer/Xcode/DerivedData/BooksTracker-hddtlywllmxtttafxzxcekilxubt/Build/Products/Debug-iphonesimulator/BooksTrackerWidgetsExtension.swiftmodule/Project/arm64-apple-ios-simulator.swiftsourceinfo /Users/juju/Library/Developer/Xcode/DerivedData/BooksTracker-hddtlywllmxtttafxzxcekilxubt/Build/Intermediates.noindex/BooksTracker.build/Debug-iphonesimulator/BooksTrackerWidgetsExtension.build/Objects-normal/arm64/BooksTrackerWidgetsExtension.swiftsourceinfo (in target 'BooksTrackerWidgetsExtension' from project 'BooksTracker')
    cd /Users/juju/dev_repos/books-v3
    builtin-copy -exclude .DS_Store -exclude CVS -exclude .svn -exclude .git -exclude .hg -resolve-src-symlinks -rename /Users/juju/Library/Developer/Xcode/DerivedData/BooksTracker-hddtlywllmxtttafxzxcekilxubt/Build/Intermediates.noindex/BooksTracker.build/Debug-iphonesimulator/BooksTrackerWidgetsExtension.build/Objects-normal/arm64/BooksTrackerWidgetsExtension.swiftsourceinfo /Users/juju/Library/Developer/Xcode/DerivedData/BooksTracker-hddtlywllmxtttafxzxcekilxubt/Build/Products/Debug-iphonesimulator/BooksTrackerWidgetsExtension.swiftmodule/Project/arm64-apple-ios-simulator.swiftsourceinfo

SwiftCompile normal arm64 Compiling\ BooksTrackerWidgetsBundle.swift /Users/juju/dev_repos/books-v3/BooksTrackerWidgets/BooksTrackerWidgetsBundle.swift (in target 'BooksTrackerWidgetsExtension' from project 'BooksTracker')

SwiftCompile normal arm64 /Users/juju/dev_repos/books-v3/BooksTrackerWidgets/BooksTrackerWidgetsBundle.swift (in target 'BooksTrackerWidgetsExtension' from project 'BooksTracker')
    cd /Users/juju/dev_repos/books-v3
    

SwiftCompile normal arm64 Compiling\ GeneratedAssetSymbols.swift /Users/juju/Library/Developer/Xcode/DerivedData/BooksTracker-hddtlywllmxtttafxzxcekilxubt/Build/Intermediates.noindex/BooksTracker.build/Debug-iphonesimulator/BooksTrackerWidgetsExtension.build/DerivedSources/GeneratedAssetSymbols.swift (in target 'BooksTrackerWidgetsExtension' from project 'BooksTracker')

SwiftCompile normal arm64 /Users/juju/Library/Developer/Xcode/DerivedData/BooksTracker-hddtlywllmxtttafxzxcekilxubt/Build/Intermediates.noindex/BooksTracker.build/Debug-iphonesimulator/BooksTrackerWidgetsExtension.build/DerivedSources/GeneratedAssetSymbols.swift (in target 'BooksTrackerWidgetsExtension' from project 'BooksTracker')
    cd /Users/juju/dev_repos/books-v3
    

SwiftDriverJobDiscovery normal arm64 Compiling BooksTrackerWidgetsBundle.swift (in target 'BooksTrackerWidgetsExtension' from project 'BooksTracker')

SwiftDriverJobDiscovery normal arm64 Compiling BooksTrackerWidgetsControl.swift (in target 'BooksTrackerWidgetsExtension' from project 'BooksTracker')

ProcessProductPackaging /Users/juju/dev_repos/books-v3/Config/BooksTracker.entitlements /Users/juju/Library/Developer/Xcode/DerivedData/BooksTracker-hddtlywllmxtttafxzxcekilxubt/Build/Intermediates.noindex/BooksTracker.build/Debug-iphonesimulator/BooksTracker.build/BooksTracker.app.xcent (in target 'BooksTracker' from project 'BooksTracker')
    cd /Users/juju/dev_repos/books-v3
    
    Entitlements:
    
    {
}
    
    builtin-productPackagingUtility /Users/juju/dev_repos/books-v3/Config/BooksTracker.entitlements -entitlements -format xml -o /Users/juju/Library/Developer/Xcode/DerivedData/BooksTracker-hddtlywllmxtttafxzxcekilxubt/Build/Intermediates.noindex/BooksTracker.build/Debug-iphonesimulator/BooksTracker.build/BooksTracker.app.xcent

ProcessProductPackaging /Users/juju/dev_repos/books-v3/Config/BooksTracker.entitlements /Users/juju/Library/Developer/Xcode/DerivedData/BooksTracker-hddtlywllmxtttafxzxcekilxubt/Build/Intermediates.noindex/BooksTracker.build/Debug-iphonesimulator/BooksTracker.build/BooksTracker.app-Simulated.xcent (in target 'BooksTracker' from project 'BooksTracker')
    cd /Users/juju/dev_repos/books-v3
    
    Entitlements:
    
    {
    "application-identifier" = "8Z67H8Y8DW.Z67H8Y8DW.com.oooefam.booksV3";
    "aps-environment" = production;
    "com.apple.developer.icloud-container-identifiers" =     (
        "iCloud.Z67H8Y8DW.com.oooefam.booksV3"
    );
    "com.apple.developer.icloud-services" =     (
        CloudKit
    );
    "com.apple.developer.ubiquity-kvstore-identifier" = "8Z67H8Y8DW.Z67H8Y8DW.com.oooefam.booksV3";
}
    
    builtin-productPackagingUtility /Users/juju/dev_repos/books-v3/Config/BooksTracker.entitlements -entitlements -format xml -o /Users/juju/Library/Developer/Xcode/DerivedData/BooksTracker-hddtlywllmxtttafxzxcekilxubt/Build/Intermediates.noindex/BooksTracker.build/Debug-iphonesimulator/BooksTracker.build/BooksTracker.app-Simulated.xcent

ProcessProductPackagingDER /Users/juju/Library/Developer/Xcode/DerivedData/BooksTracker-hddtlywllmxtttafxzxcekilxubt/Build/Intermediates.noindex/BooksTracker.build/Debug-iphonesimulator/BooksTracker.build/BooksTracker.app.xcent /Users/juju/Library/Developer/Xcode/DerivedData/BooksTracker-hddtlywllmxtttafxzxcekilxubt/Build/Intermediates.noindex/BooksTracker.build/Debug-iphonesimulator/BooksTracker.build/BooksTracker.app.xcent.der (in target 'BooksTracker' from project 'BooksTracker')
    cd /Users/juju/dev_repos/books-v3
    /usr/bin/derq query -f xml -i /Users/juju/Library/Developer/Xcode/DerivedData/BooksTracker-hddtlywllmxtttafxzxcekilxubt/Build/Intermediates.noindex/BooksTracker.build/Debug-iphonesimulator/BooksTracker.build/BooksTracker.app.xcent -o /Users/juju/Library/Developer/Xcode/DerivedData/BooksTracker-hddtlywllmxtttafxzxcekilxubt/Build/Intermediates.noindex/BooksTracker.build/Debug-iphonesimulator/BooksTracker.build/BooksTracker.app.xcent.der --raw

ProcessProductPackagingDER /Users/juju/Library/Developer/Xcode/DerivedData/BooksTracker-hddtlywllmxtttafxzxcekilxubt/Build/Intermediates.noindex/BooksTracker.build/Debug-iphonesimulator/BooksTracker.build/BooksTracker.app-Simulated.xcent /Users/juju/Library/Developer/Xcode/DerivedData/BooksTracker-hddtlywllmxtttafxzxcekilxubt/Build/Intermediates.noindex/BooksTracker.build/Debug-iphonesimulator/BooksTracker.build/BooksTracker.app-Simulated.xcent.der (in target 'BooksTracker' from project 'BooksTracker')
    cd /Users/juju/dev_repos/books-v3
    /usr/bin/derq query -f xml -i /Users/juju/Library/Developer/Xcode/DerivedData/BooksTracker-hddtlywllmxtttafxzxcekilxubt/Build/Intermediates.noindex/BooksTracker.build/Debug-iphonesimulator/BooksTracker.build/BooksTracker.app-Simulated.xcent -o /Users/juju/Library/Developer/Xcode/DerivedData/BooksTracker-hddtlywllmxtttafxzxcekilxubt/Build/Intermediates.noindex/BooksTracker.build/Debug-iphonesimulator/BooksTracker.build/BooksTracker.app-Simulated.xcent.der --raw

MkDir /Users/juju/Library/Developer/Xcode/DerivedData/BooksTracker-hddtlywllmxtttafxzxcekilxubt/Build/Intermediates.noindex/BooksTracker.build/Debug-iphonesimulator/BooksTracker.build/assetcatalog_output/unthinned (in target 'BooksTracker' from project 'BooksTracker')
    cd /Users/juju/dev_repos/books-v3
    /bin/mkdir -p /Users/juju/Library/Developer/Xcode/DerivedData/BooksTracker-hddtlywllmxtttafxzxcekilxubt/Build/Intermediates.noindex/BooksTracker.build/Debug-iphonesimulator/BooksTracker.build/assetcatalog_output/unthinned

MkDir /Users/juju/Library/Developer/Xcode/DerivedData/BooksTracker-hddtlywllmxtttafxzxcekilxubt/Build/Intermediates.noindex/BooksTracker.build/Debug-iphonesimulator/BooksTracker.build/assetcatalog_output/thinned (in target 'BooksTracker' from project 'BooksTracker')
    cd /Users/juju/dev_repos/books-v3
    /bin/mkdir -p /Users/juju/Library/Developer/Xcode/DerivedData/BooksTracker-hddtlywllmxtttafxzxcekilxubt/Build/Intermediates.noindex/BooksTracker.build/Debug-iphonesimulator/BooksTracker.build/assetcatalog_output/thinned

GenerateAssetSymbols /Users/juju/dev_repos/books-v3/BooksTracker/Assets.xcassets (in target 'BooksTracker' from project 'BooksTracker')
    cd /Users/juju/dev_repos/books-v3
    /Applications/Xcode-beta.app/Contents/Developer/usr/bin/actool /Users/juju/dev_repos/books-v3/BooksTracker/Assets.xcassets --compile /Users/juju/Library/Developer/Xcode/DerivedData/BooksTracker-hddtlywllmxtttafxzxcekilxubt/Build/Products/Debug-iphonesimulator/BooksTracker.app --output-format human-readable-text --notices --warnings --export-dependency-info /Users/juju/Library/Developer/Xcode/DerivedData/BooksTracker-hddtlywllmxtttafxzxcekilxubt/Build/Intermediates.noindex/BooksTracker.build/Debug-iphonesimulator/BooksTracker.build/assetcatalog_dependencies --output-partial-info-plist /Users/juju/Library/Developer/Xcode/DerivedData/BooksTracker-hddtlywllmxtttafxzxcekilxubt/Build/Intermediates.noindex/BooksTracker.build/Debug-iphonesimulator/BooksTracker.build/assetcatalog_generated_info.plist --app-icon AppIcon --accent-color AccentColor --compress-pngs --enable-on-demand-resources YES --development-region en --target-device iphone --target-device ipad --minimum-deployment-target 26.0 --platform iphonesimulator --bundle-identifier Z67H8Y8DW.com.oooefam.booksV3 --generate-swift-asset-symbols /Users/juju/Library/Developer/Xcode/DerivedData/BooksTracker-hddtlywllmxtttafxzxcekilxubt/Build/Intermediates.noindex/BooksTracker.build/Debug-iphonesimulator/BooksTracker.build/DerivedSources/GeneratedAssetSymbols.swift --generate-objc-asset-symbols /Users/juju/Library/Developer/Xcode/DerivedData/BooksTracker-hddtlywllmxtttafxzxcekilxubt/Build/Intermediates.noindex/BooksTracker.build/Debug-iphonesimulator/BooksTracker.build/DerivedSources/GeneratedAssetSymbols.h --generate-asset-symbol-index /Users/juju/Library/Developer/Xcode/DerivedData/BooksTracker-hddtlywllmxtttafxzxcekilxubt/Build/Intermediates.noindex/BooksTracker.build/Debug-iphonesimulator/BooksTracker.build/DerivedSources/GeneratedAssetSymbols-Index.plist
/* com.apple.actool.compilation-results */
/Users/juju/Library/Developer/Xcode/DerivedData/BooksTracker-hddtlywllmxtttafxzxcekilxubt/Build/Intermediates.noindex/BooksTracker.build/Debug-iphonesimulator/BooksTracker.build/DerivedSources/GeneratedAssetSymbols-Index.plist
/Users/juju/Library/Developer/Xcode/DerivedData/BooksTracker-hddtlywllmxtttafxzxcekilxubt/Build/Intermediates.noindex/BooksTracker.build/Debug-iphonesimulator/BooksTracker.build/DerivedSources/GeneratedAssetSymbols.h
/Users/juju/Library/Developer/Xcode/DerivedData/BooksTracker-hddtlywllmxtttafxzxcekilxubt/Build/Intermediates.noindex/BooksTracker.build/Debug-iphonesimulator/BooksTracker.build/DerivedSources/GeneratedAssetSymbols.swift


CompileAssetCatalogVariant thinned /Users/juju/Library/Developer/Xcode/DerivedData/BooksTracker-hddtlywllmxtttafxzxcekilxubt/Build/Products/Debug-iphonesimulator/BooksTracker.app /Users/juju/dev_repos/books-v3/BooksTracker/Assets.xcassets (in target 'BooksTracker' from project 'BooksTracker')
    cd /Users/juju/dev_repos/books-v3
    /Applications/Xcode-beta.app/Contents/Developer/usr/bin/actool /Users/juju/dev_repos/books-v3/BooksTracker/Assets.xcassets --compile /Users/juju/Library/Developer/Xcode/DerivedData/BooksTracker-hddtlywllmxtttafxzxcekilxubt/Build/Intermediates.noindex/BooksTracker.build/Debug-iphonesimulator/BooksTracker.build/assetcatalog_output/thinned --output-format human-readable-text --notices --warnings --export-dependency-info /Users/juju/Library/Developer/Xcode/DerivedData/BooksTracker-hddtlywllmxtttafxzxcekilxubt/Build/Intermediates.noindex/BooksTracker.build/Debug-iphonesimulator/BooksTracker.build/assetcatalog_dependencies_thinned --output-partial-info-plist /Users/juju/Library/Developer/Xcode/DerivedData/BooksTracker-hddtlywllmxtttafxzxcekilxubt/Build/Intermediates.noindex/BooksTracker.build/Debug-iphonesimulator/BooksTracker.build/assetcatalog_generated_info.plist_thinned --app-icon AppIcon --accent-color AccentColor --compress-pngs --enable-on-demand-resources YES --filter-for-thinning-device-configuration iPhone18,1 --filter-for-device-os-version 26.2 --development-region en --target-device iphone --target-device ipad --minimum-deployment-target 26.0 --platform iphonesimulator

SwiftDriverJobDiscovery normal arm64 Compiling BooksTrackerWidgetsLiveActivity.swift (in target 'BooksTrackerWidgetsExtension' from project 'BooksTracker')

SwiftDriver BooksTracker normal arm64 com.apple.xcode.tools.swift.compiler (in target 'BooksTracker' from project 'BooksTracker')
    cd /Users/juju/dev_repos/books-v3
    builtin-SwiftDriver -- /Applications/Xcode-beta.app/Contents/Developer/Toolchains/XcodeDefault.xctoolchain/usr/bin/swiftc -module-name BooksTracker -Onone -enforce-exclusivity\=checked @/Users/juju/Library/Developer/Xcode/DerivedData/BooksTracker-hddtlywllmxtttafxzxcekilxubt/Build/Intermediates.noindex/BooksTracker.build/Debug-iphonesimulator/BooksTracker.build/Objects-normal/arm64/BooksTracker.SwiftFileList -DDEBUG -enable-experimental-feature DebugDescriptionMacro -sdk /Applications/Xcode-beta.app/Contents/Developer/Platforms/iPhoneSimulator.platform/Developer/SDKs/iPhoneSimulator26.2.sdk -target arm64-apple-ios26.0-simulator -g -module-cache-path /Users/juju/Library/Developer/Xcode/DerivedData/ModuleCache.noindex -Xfrontend -serialize-debugging-options -profile-coverage-mapping -profile-generate -index-store-path /Users/juju/Library/Developer/Xcode/DerivedData/BooksTracker-hddtlywllmxtttafxzxcekilxubt/Index.noindex/DataStore -Xcc -D_LIBCPP_HARDENING_MODE\=_LIBCPP_HARDENING_MODE_DEBUG -swift-version 6 -I /Users/juju/Library/Developer/Xcode/DerivedData/BooksTracker-hddtlywllmxtttafxzxcekilxubt/Build/Products/Debug-iphonesimulator -F /Users/juju/Library/Developer/Xcode/DerivedData/BooksTracker-hddtlywllmxtttafxzxcekilxubt/Build/Products/Debug-iphonesimulator/PackageFrameworks -F /Users/juju/Library/Developer/Xcode/DerivedData/BooksTracker-hddtlywllmxtttafxzxcekilxubt/Build/Products/Debug-iphonesimulator -emit-localized-strings -emit-localized-strings-path /Users/juju/Library/Developer/Xcode/DerivedData/BooksTracker-hddtlywllmxtttafxzxcekilxubt/Build/Intermediates.noindex/BooksTracker.build/Debug-iphonesimulator/BooksTracker.build/Objects-normal/arm64 -c -j10 -enable-batch-mode -incremental -Xcc -ivfsstatcache -Xcc /Users/juju/Library/Developer/Xcode/DerivedData/SDKStatCaches.noindex/iphonesimulator26.2-23C5044a-c6bb09c85eeb1a59968f08cee6a58242.sdkstatcache -output-file-map /Users/juju/Library/Developer/Xcode/DerivedData/BooksTracker-hddtlywllmxtttafxzxcekilxubt/Build/Intermediates.noindex/BooksTracker.build/Debug-iphonesimulator/BooksTracker.build/Objects-normal/arm64/BooksTracker-OutputFileMap.json -use-frontend-parseable-output -save-temps -no-color-diagnostics -explicit-module-build -module-cache-path /Users/juju/Library/Developer/Xcode/DerivedData/BooksTracker-hddtlywllmxtttafxzxcekilxubt/Build/Intermediates.noindex/SwiftExplicitPrecompiledModules -clang-scanner-module-cache-path /Users/juju/Library/Developer/Xcode/DerivedData/ModuleCache.noindex -sdk-module-cache-path /Users/juju/Library/Developer/Xcode/DerivedData/ModuleCache.noindex -serialize-diagnostics -emit-dependencies -emit-module -emit-module-path /Users/juju/Library/Developer/Xcode/DerivedData/BooksTracker-hddtlywllmxtttafxzxcekilxubt/Build/Intermediates.noindex/BooksTracker.build/Debug-iphonesimulator/BooksTracker.build/Objects-normal/arm64/BooksTracker.swiftmodule -validate-clang-modules-once -clang-build-session-file /Users/juju/Library/Developer/Xcode/DerivedData/ModuleCache.noindex/Session.modulevalidation -Xcc -I/Users/juju/Library/Developer/Xcode/DerivedData/BooksTracker-hddtlywllmxtttafxzxcekilxubt/Build/Intermediates.noindex/BooksTracker.build/Debug-iphonesimulator/BooksTracker.build/swift-overrides.hmap -emit-const-values -Xfrontend -const-gather-protocols-file -Xfrontend /Users/juju/Library/Developer/Xcode/DerivedData/BooksTracker-hddtlywllmxtttafxzxcekilxubt/Build/Intermediates.noindex/BooksTracker.build/Debug-iphonesimulator/BooksTracker.build/Objects-normal/arm64/BooksTracker_const_extract_protocols.json -Xcc -iquote -Xcc /Users/juju/Library/Developer/Xcode/DerivedData/BooksTracker-hddtlywllmxtttafxzxcekilxubt/Build/Intermediates.noindex/BooksTracker.build/Debug-iphonesimulator/BooksTracker.build/BooksTracker-generated-files.hmap -Xcc -I/Users/juju/Library/Developer/Xcode/DerivedData/BooksTracker-hddtlywllmxtttafxzxcekilxubt/Build/Intermediates.noindex/BooksTracker.build/Debug-iphonesimulator/BooksTracker.build/BooksTracker-own-target-headers.hmap -Xcc -I/Users/juju/Library/Developer/Xcode/DerivedData/BooksTracker-hddtlywllmxtttafxzxcekilxubt/Build/Intermediates.noindex/BooksTracker.build/Debug-iphonesimulator/BooksTracker.build/BooksTracker-all-non-framework-target-headers.hmap -Xcc -ivfsoverlay -Xcc /Users/juju/Library/Developer/Xcode/DerivedData/BooksTracker-hddtlywllmxtttafxzxcekilxubt/Build/Intermediates.noindex/BooksTracker.build/Debug-iphonesimulator/BooksTracker-12e420f7efb496521556679497584161-VFS-iphonesimulator/all-product-headers.yaml -Xcc -iquote -Xcc /Users/juju/Library/Developer/Xcode/DerivedData/BooksTracker-hddtlywllmxtttafxzxcekilxubt/Build/Intermediates.noindex/BooksTracker.build/Debug-iphonesimulator/BooksTracker.build/BooksTracker-project-headers.hmap -Xcc -I/Users/juju/Library/Developer/Xcode/DerivedData/BooksTracker-hddtlywllmxtttafxzxcekilxubt/Build/Products/Debug-iphonesimulator/include -Xcc -I/Users/juju/Library/Developer/Xcode/DerivedData/BooksTracker-hddtlywllmxtttafxzxcekilxubt/Build/Intermediates.noindex/BooksTracker.build/Debug-iphonesimulator/BooksTracker.build/DerivedSources-normal/arm64 -Xcc -I/Users/juju/Library/Developer/Xcode/DerivedData/BooksTracker-hddtlywllmxtttafxzxcekilxubt/Build/Intermediates.noindex/BooksTracker.build/Debug-iphonesimulator/BooksTracker.build/DerivedSources/arm64 -Xcc -I/Users/juju/Library/Developer/Xcode/DerivedData/BooksTracker-hddtlywllmxtttafxzxcekilxubt/Build/Intermediates.noindex/BooksTracker.build/Debug-iphonesimulator/BooksTracker.build/DerivedSources -emit-objc-header -emit-objc-header-path /Users/juju/Library/Developer/Xcode/DerivedData/BooksTracker-hddtlywllmxtttafxzxcekilxubt/Build/Intermediates.noindex/BooksTracker.build/Debug-iphonesimulator/BooksTracker.build/Objects-normal/arm64/BooksTracker-Swift.h -working-directory /Users/juju/dev_repos/books-v3 -experimental-emit-module-separately -disable-cmo

SwiftDriverJobDiscovery normal arm64 Compiling GeneratedAssetSymbols.swift (in target 'BooksTrackerWidgetsExtension' from project 'BooksTracker')

SwiftDriver\ Compilation BooksTrackerWidgetsExtension normal arm64 com.apple.xcode.tools.swift.compiler (in target 'BooksTrackerWidgetsExtension' from project 'BooksTracker')
    cd /Users/juju/dev_repos/books-v3
    builtin-Swift-Compilation -- /Applications/Xcode-beta.app/Contents/Developer/Toolchains/XcodeDefault.xctoolchain/usr/bin/swiftc -module-name BooksTrackerWidgetsExtension -Onone -enforce-exclusivity\=checked @/Users/juju/Library/Developer/Xcode/DerivedData/BooksTracker-hddtlywllmxtttafxzxcekilxubt/Build/Intermediates.noindex/BooksTracker.build/Debug-iphonesimulator/BooksTrackerWidgetsExtension.build/Objects-normal/arm64/BooksTrackerWidgetsExtension.SwiftFileList -DDEBUG -enable-upcoming-feature MemberImportVisibility -enable-upcoming-feature InferIsolatedConformances -enable-upcoming-feature NonisolatedNonsendingByDefault -enable-experimental-feature DebugDescriptionMacro -sdk /Applications/Xcode-beta.app/Contents/Developer/Platforms/iPhoneSimulator.platform/Developer/SDKs/iPhoneSimulator26.2.sdk -target arm64-apple-ios26.0-simulator -g -module-cache-path /Users/juju/Library/Developer/Xcode/DerivedData/ModuleCache.noindex -Xfrontend -serialize-debugging-options -application-extension -profile-coverage-mapping -profile-generate -enable-testing -index-store-path /Users/juju/Library/Developer/Xcode/DerivedData/BooksTracker-hddtlywllmxtttafxzxcekilxubt/Index.noindex/DataStore -Xcc -D_LIBCPP_HARDENING_MODE\=_LIBCPP_HARDENING_MODE_DEBUG -swift-version 6 -I /Users/juju/Library/Developer/Xcode/DerivedData/BooksTracker-hddtlywllmxtttafxzxcekilxubt/Build/Products/Debug-iphonesimulator -F /Users/juju/Library/Developer/Xcode/DerivedData/BooksTracker-hddtlywllmxtttafxzxcekilxubt/Build/Products/Debug-iphonesimulator/PackageFrameworks -F /Users/juju/Library/Developer/Xcode/DerivedData/BooksTracker-hddtlywllmxtttafxzxcekilxubt/Build/Products/Debug-iphonesimulator -emit-localized-strings -emit-localized-strings-path /Users/juju/Library/Developer/Xcode/DerivedData/BooksTracker-hddtlywllmxtttafxzxcekilxubt/Build/Intermediates.noindex/BooksTracker.build/Debug-iphonesimulator/BooksTrackerWidgetsExtension.build/Objects-normal/arm64 -c -j10 -enable-batch-mode -incremental -Xcc -ivfsstatcache -Xcc /Users/juju/Library/Developer/Xcode/DerivedData/SDKStatCaches.noindex/iphonesimulator26.2-23C5044a-c6bb09c85eeb1a59968f08cee6a58242.sdkstatcache -output-file-map /Users/juju/Library/Developer/Xcode/DerivedData/BooksTracker-hddtlywllmxtttafxzxcekilxubt/Build/Intermediates.noindex/BooksTracker.build/Debug-iphonesimulator/BooksTrackerWidgetsExtension.build/Objects-normal/arm64/BooksTrackerWidgetsExtension-OutputFileMap.json -use-frontend-parseable-output -save-temps -no-color-diagnostics -explicit-module-build -module-cache-path /Users/juju/Library/Developer/Xcode/DerivedData/BooksTracker-hddtlywllmxtttafxzxcekilxubt/Build/Intermediates.noindex/SwiftExplicitPrecompiledModules -clang-scanner-module-cache-path /Users/juju/Library/Developer/Xcode/DerivedData/ModuleCache.noindex -sdk-module-cache-path /Users/juju/Library/Developer/Xcode/DerivedData/ModuleCache.noindex -serialize-diagnostics -emit-dependencies -emit-module -emit-module-path /Users/juju/Library/Developer/Xcode/DerivedData/BooksTracker-hddtlywllmxtttafxzxcekilxubt/Build/Intermediates.noindex/BooksTracker.build/Debug-iphonesimulator/BooksTrackerWidgetsExtension.build/Objects-normal/arm64/BooksTrackerWidgetsExtension.swiftmodule -validate-clang-modules-once -clang-build-session-file /Users/juju/Library/Developer/Xcode/DerivedData/ModuleCache.noindex/Session.modulevalidation -Xcc -I/Users/juju/Library/Developer/Xcode/DerivedData/BooksTracker-hddtlywllmxtttafxzxcekilxubt/Build/Intermediates.noindex/BooksTracker.build/Debug-iphonesimulator/BooksTrackerWidgetsExtension.build/swift-overrides.hmap -emit-const-values -Xfrontend -const-gather-protocols-file -Xfrontend /Users/juju/Library/Developer/Xcode/DerivedData/BooksTracker-hddtlywllmxtttafxzxcekilxubt/Build/Intermediates.noindex/BooksTracker.build/Debug-iphonesimulator/BooksTrackerWidgetsExtension.build/Objects-normal/arm64/BooksTrackerWidgetsExtension_const_extract_protocols.json -Xcc -iquote -Xcc /Users/juju/Library/Developer/Xcode/DerivedData/BooksTracker-hddtlywllmxtttafxzxcekilxubt/Build/Intermediates.noindex/BooksTracker.build/Debug-iphonesimulator/BooksTrackerWidgetsExtension.build/BooksTrackerWidgetsExtension-generated-files.hmap -Xcc -I/Users/juju/Library/Developer/Xcode/DerivedData/BooksTracker-hddtlywllmxtttafxzxcekilxubt/Build/Intermediates.noindex/BooksTracker.build/Debug-iphonesimulator/BooksTrackerWidgetsExtension.build/BooksTrackerWidgetsExtension-own-target-headers.hmap -Xcc -I/Users/juju/Library/Developer/Xcode/DerivedData/BooksTracker-hddtlywllmxtttafxzxcekilxubt/Build/Intermediates.noindex/BooksTracker.build/Debug-iphonesimulator/BooksTrackerWidgetsExtension.build/BooksTrackerWidgetsExtension-all-non-framework-target-headers.hmap -Xcc -ivfsoverlay -Xcc /Users/juju/Library/Developer/Xcode/DerivedData/BooksTracker-hddtlywllmxtttafxzxcekilxubt/Build/Intermediates.noindex/BooksTracker.build/Debug-iphonesimulator/BooksTracker-12e420f7efb496521556679497584161-VFS-iphonesimulator/all-product-headers.yaml -Xcc -iquote -Xcc /Users/juju/Library/Developer/Xcode/DerivedData/BooksTracker-hddtlywllmxtttafxzxcekilxubt/Build/Intermediates.noindex/BooksTracker.build/Debug-iphonesimulator/BooksTrackerWidgetsExtension.build/BooksTrackerWidgetsExtension-project-headers.hmap -Xcc -I/Users/juju/Library/Developer/Xcode/DerivedData/BooksTracker-hddtlywllmxtttafxzxcekilxubt/Build/Products/Debug-iphonesimulator/include -Xcc -I/Users/juju/Library/Developer/Xcode/DerivedData/BooksTracker-hddtlywllmxtttafxzxcekilxubt/Build/Intermediates.noindex/BooksTracker.build/Debug-iphonesimulator/BooksTrackerWidgetsExtension.build/DerivedSources-normal/arm64 -Xcc -I/Users/juju/Library/Developer/Xcode/DerivedData/BooksTracker-hddtlywllmxtttafxzxcekilxubt/Build/Intermediates.noindex/BooksTracker.build/Debug-iphonesimulator/BooksTrackerWidgetsExtension.build/DerivedSources/arm64 -Xcc -I/Users/juju/Library/Developer/Xcode/DerivedData/BooksTracker-hddtlywllmxtttafxzxcekilxubt/Build/Intermediates.noindex/BooksTracker.build/Debug-iphonesimulator/BooksTrackerWidgetsExtension.build/DerivedSources -Xcc -DDEBUG\=1 -emit-objc-header -emit-objc-header-path /Users/juju/Library/Developer/Xcode/DerivedData/BooksTracker-hddtlywllmxtttafxzxcekilxubt/Build/Intermediates.noindex/BooksTracker.build/Debug-iphonesimulator/BooksTrackerWidgetsExtension.build/Objects-normal/arm64/BooksTrackerWidgetsExtension-Swift.h -working-directory /Users/juju/dev_repos/books-v3 -experimental-emit-module-separately -disable-cmo

SwiftCompile normal arm64 Compiling\ BooksTrackerApp.swift /Users/juju/dev_repos/books-v3/BooksTracker/BooksTrackerApp.swift (in target 'BooksTracker' from project 'BooksTracker')

SwiftCompile normal arm64 /Users/juju/dev_repos/books-v3/BooksTracker/BooksTrackerApp.swift (in target 'BooksTracker' from project 'BooksTracker')
    cd /Users/juju/dev_repos/books-v3
    

SwiftEmitModule normal arm64 Emitting\ module\ for\ BooksTracker (in target 'BooksTracker' from project 'BooksTracker')

EmitSwiftModule normal arm64 (in target 'BooksTracker' from project 'BooksTracker')
    cd /Users/juju/dev_repos/books-v3
    

SwiftCompile normal arm64 Compiling\ GeneratedAssetSymbols.swift /Users/juju/Library/Developer/Xcode/DerivedData/BooksTracker-hddtlywllmxtttafxzxcekilxubt/Build/Intermediates.noindex/BooksTracker.build/Debug-iphonesimulator/BooksTracker.build/DerivedSources/GeneratedAssetSymbols.swift (in target 'BooksTracker' from project 'BooksTracker')

SwiftCompile normal arm64 /Users/juju/Library/Developer/Xcode/DerivedData/BooksTracker-hddtlywllmxtttafxzxcekilxubt/Build/Intermediates.noindex/BooksTracker.build/Debug-iphonesimulator/BooksTracker.build/DerivedSources/GeneratedAssetSymbols.swift (in target 'BooksTracker' from project 'BooksTracker')
    cd /Users/juju/dev_repos/books-v3
    

SwiftDriverJobDiscovery normal arm64 Emitting module for BooksTracker (in target 'BooksTracker' from project 'BooksTracker')

SwiftDriver\ Compilation\ Requirements BooksTracker normal arm64 com.apple.xcode.tools.swift.compiler (in target 'BooksTracker' from project 'BooksTracker')
    cd /Users/juju/dev_repos/books-v3
    builtin-Swift-Compilation-Requirements -- /Applications/Xcode-beta.app/Contents/Developer/Toolchains/XcodeDefault.xctoolchain/usr/bin/swiftc -module-name BooksTracker -Onone -enforce-exclusivity\=checked @/Users/juju/Library/Developer/Xcode/DerivedData/BooksTracker-hddtlywllmxtttafxzxcekilxubt/Build/Intermediates.noindex/BooksTracker.build/Debug-iphonesimulator/BooksTracker.build/Objects-normal/arm64/BooksTracker.SwiftFileList -DDEBUG -enable-experimental-feature DebugDescriptionMacro -sdk /Applications/Xcode-beta.app/Contents/Developer/Platforms/iPhoneSimulator.platform/Developer/SDKs/iPhoneSimulator26.2.sdk -target arm64-apple-ios26.0-simulator -g -module-cache-path /Users/juju/Library/Developer/Xcode/DerivedData/ModuleCache.noindex -Xfrontend -serialize-debugging-options -profile-coverage-mapping -profile-generate -index-store-path /Users/juju/Library/Developer/Xcode/DerivedData/BooksTracker-hddtlywllmxtttafxzxcekilxubt/Index.noindex/DataStore -Xcc -D_LIBCPP_HARDENING_MODE\=_LIBCPP_HARDENING_MODE_DEBUG -swift-version 6 -I /Users/juju/Library/Developer/Xcode/DerivedData/BooksTracker-hddtlywllmxtttafxzxcekilxubt/Build/Products/Debug-iphonesimulator -F /Users/juju/Library/Developer/Xcode/DerivedData/BooksTracker-hddtlywllmxtttafxzxcekilxubt/Build/Products/Debug-iphonesimulator/PackageFrameworks -F /Users/juju/Library/Developer/Xcode/DerivedData/BooksTracker-hddtlywllmxtttafxzxcekilxubt/Build/Products/Debug-iphonesimulator -emit-localized-strings -emit-localized-strings-path /Users/juju/Library/Developer/Xcode/DerivedData/BooksTracker-hddtlywllmxtttafxzxcekilxubt/Build/Intermediates.noindex/BooksTracker.build/Debug-iphonesimulator/BooksTracker.build/Objects-normal/arm64 -c -j10 -enable-batch-mode -incremental -Xcc -ivfsstatcache -Xcc /Users/juju/Library/Developer/Xcode/DerivedData/SDKStatCaches.noindex/iphonesimulator26.2-23C5044a-c6bb09c85eeb1a59968f08cee6a58242.sdkstatcache -output-file-map /Users/juju/Library/Developer/Xcode/DerivedData/BooksTracker-hddtlywllmxtttafxzxcekilxubt/Build/Intermediates.noindex/BooksTracker.build/Debug-iphonesimulator/BooksTracker.build/Objects-normal/arm64/BooksTracker-OutputFileMap.json -use-frontend-parseable-output -save-temps -no-color-diagnostics -explicit-module-build -module-cache-path /Users/juju/Library/Developer/Xcode/DerivedData/BooksTracker-hddtlywllmxtttafxzxcekilxubt/Build/Intermediates.noindex/SwiftExplicitPrecompiledModules -clang-scanner-module-cache-path /Users/juju/Library/Developer/Xcode/DerivedData/ModuleCache.noindex -sdk-module-cache-path /Users/juju/Library/Developer/Xcode/DerivedData/ModuleCache.noindex -serialize-diagnostics -emit-dependencies -emit-module -emit-module-path /Users/juju/Library/Developer/Xcode/DerivedData/BooksTracker-hddtlywllmxtttafxzxcekilxubt/Build/Intermediates.noindex/BooksTracker.build/Debug-iphonesimulator/BooksTracker.build/Objects-normal/arm64/BooksTracker.swiftmodule -validate-clang-modules-once -clang-build-session-file /Users/juju/Library/Developer/Xcode/DerivedData/ModuleCache.noindex/Session.modulevalidation -Xcc -I/Users/juju/Library/Developer/Xcode/DerivedData/BooksTracker-hddtlywllmxtttafxzxcekilxubt/Build/Intermediates.noindex/BooksTracker.build/Debug-iphonesimulator/BooksTracker.build/swift-overrides.hmap -emit-const-values -Xfrontend -const-gather-protocols-file -Xfrontend /Users/juju/Library/Developer/Xcode/DerivedData/BooksTracker-hddtlywllmxtttafxzxcekilxubt/Build/Intermediates.noindex/BooksTracker.build/Debug-iphonesimulator/BooksTracker.build/Objects-normal/arm64/BooksTracker_const_extract_protocols.json -Xcc -iquote -Xcc /Users/juju/Library/Developer/Xcode/DerivedData/BooksTracker-hddtlywllmxtttafxzxcekilxubt/Build/Intermediates.noindex/BooksTracker.build/Debug-iphonesimulator/BooksTracker.build/BooksTracker-generated-files.hmap -Xcc -I/Users/juju/Library/Developer/Xcode/DerivedData/BooksTracker-hddtlywllmxtttafxzxcekilxubt/Build/Intermediates.noindex/BooksTracker.build/Debug-iphonesimulator/BooksTracker.build/BooksTracker-own-target-headers.hmap -Xcc -I/Users/juju/Library/Developer/Xcode/DerivedData/BooksTracker-hddtlywllmxtttafxzxcekilxubt/Build/Intermediates.noindex/BooksTracker.build/Debug-iphonesimulator/BooksTracker.build/BooksTracker-all-non-framework-target-headers.hmap -Xcc -ivfsoverlay -Xcc /Users/juju/Library/Developer/Xcode/DerivedData/BooksTracker-hddtlywllmxtttafxzxcekilxubt/Build/Intermediates.noindex/BooksTracker.build/Debug-iphonesimulator/BooksTracker-12e420f7efb496521556679497584161-VFS-iphonesimulator/all-product-headers.yaml -Xcc -iquote -Xcc /Users/juju/Library/Developer/Xcode/DerivedData/BooksTracker-hddtlywllmxtttafxzxcekilxubt/Build/Intermediates.noindex/BooksTracker.build/Debug-iphonesimulator/BooksTracker.build/BooksTracker-project-headers.hmap -Xcc -I/Users/juju/Library/Developer/Xcode/DerivedData/BooksTracker-hddtlywllmxtttafxzxcekilxubt/Build/Products/Debug-iphonesimulator/include -Xcc -I/Users/juju/Library/Developer/Xcode/DerivedData/BooksTracker-hddtlywllmxtttafxzxcekilxubt/Build/Intermediates.noindex/BooksTracker.build/Debug-iphonesimulator/BooksTracker.build/DerivedSources-normal/arm64 -Xcc -I/Users/juju/Library/Developer/Xcode/DerivedData/BooksTracker-hddtlywllmxtttafxzxcekilxubt/Build/Intermediates.noindex/BooksTracker.build/Debug-iphonesimulator/BooksTracker.build/DerivedSources/arm64 -Xcc -I/Users/juju/Library/Developer/Xcode/DerivedData/BooksTracker-hddtlywllmxtttafxzxcekilxubt/Build/Intermediates.noindex/BooksTracker.build/Debug-iphonesimulator/BooksTracker.build/DerivedSources -emit-objc-header -emit-objc-header-path /Users/juju/Library/Developer/Xcode/DerivedData/BooksTracker-hddtlywllmxtttafxzxcekilxubt/Build/Intermediates.noindex/BooksTracker.build/Debug-iphonesimulator/BooksTracker.build/Objects-normal/arm64/BooksTracker-Swift.h -working-directory /Users/juju/dev_repos/books-v3 -experimental-emit-module-separately -disable-cmo

SwiftDriverJobDiscovery normal arm64 Compiling ApiErrorCode.swift, AuthorDTO.swift, BatchEnrichmentPayload.swift, DTOEnums.swift, EditionDTO.swift, EnrichedBookDTO.swift, ErrorResponseDTO.swift, ListWorkDTO.swift, ResponseEnvelope.swift, SearchLinksDTO.swift, WebSocketMessages.swift, WorkDTO.swift, WorkflowDTOs.swift, DiversityPreviewModule.swift, Edition.swift, EditionComparisonSheet.swift, EditionSelectionStrategy.swift, EnrichmentQueue.swift, EnrichmentService.swift, EnrichmentWebSocketHandler.swift (in target 'BooksTrackerFeature' from project 'BooksTrackerFeature')

SwiftMergeGeneratedHeaders /Users/juju/Library/Developer/Xcode/DerivedData/BooksTracker-hddtlywllmxtttafxzxcekilxubt/Build/Intermediates.noindex/BooksTracker.build/Debug-iphonesimulator/BooksTracker.build/DerivedSources/BooksTracker-Swift.h /Users/juju/Library/Developer/Xcode/DerivedData/BooksTracker-hddtlywllmxtttafxzxcekilxubt/Build/Intermediates.noindex/BooksTracker.build/Debug-iphonesimulator/BooksTracker.build/Objects-normal/arm64/BooksTracker-Swift.h (in target 'BooksTracker' from project 'BooksTracker')
    cd /Users/juju/dev_repos/books-v3
    builtin-swiftHeaderTool -arch arm64 /Users/juju/Library/Developer/Xcode/DerivedData/BooksTracker-hddtlywllmxtttafxzxcekilxubt/Build/Intermediates.noindex/BooksTracker.build/Debug-iphonesimulator/BooksTracker.build/Objects-normal/arm64/BooksTracker-Swift.h -o /Users/juju/Library/Developer/Xcode/DerivedData/BooksTracker-hddtlywllmxtttafxzxcekilxubt/Build/Intermediates.noindex/BooksTracker.build/Debug-iphonesimulator/BooksTracker.build/DerivedSources/BooksTracker-Swift.h

Copy /Users/juju/Library/Developer/Xcode/DerivedData/BooksTracker-hddtlywllmxtttafxzxcekilxubt/Build/Products/Debug-iphonesimulator/BooksTracker.swiftmodule/arm64-apple-ios-simulator.swiftmodule /Users/juju/Library/Developer/Xcode/DerivedData/BooksTracker-hddtlywllmxtttafxzxcekilxubt/Build/Intermediates.noindex/BooksTracker.build/Debug-iphonesimulator/BooksTracker.build/Objects-normal/arm64/BooksTracker.swiftmodule (in target 'BooksTracker' from project 'BooksTracker')
    cd /Users/juju/dev_repos/books-v3
    builtin-copy -exclude .DS_Store -exclude CVS -exclude .svn -exclude .git -exclude .hg -resolve-src-symlinks -rename /Users/juju/Library/Developer/Xcode/DerivedData/BooksTracker-hddtlywllmxtttafxzxcekilxubt/Build/Intermediates.noindex/BooksTracker.build/Debug-iphonesimulator/BooksTracker.build/Objects-normal/arm64/BooksTracker.swiftmodule /Users/juju/Library/Developer/Xcode/DerivedData/BooksTracker-hddtlywllmxtttafxzxcekilxubt/Build/Products/Debug-iphonesimulator/BooksTracker.swiftmodule/arm64-apple-ios-simulator.swiftmodule

Copy /Users/juju/Library/Developer/Xcode/DerivedData/BooksTracker-hddtlywllmxtttafxzxcekilxubt/Build/Products/Debug-iphonesimulator/BooksTracker.swiftmodule/arm64-apple-ios-simulator.swiftdoc /Users/juju/Library/Developer/Xcode/DerivedData/BooksTracker-hddtlywllmxtttafxzxcekilxubt/Build/Intermediates.noindex/BooksTracker.build/Debug-iphonesimulator/BooksTracker.build/Objects-normal/arm64/BooksTracker.swiftdoc (in target 'BooksTracker' from project 'BooksTracker')
    cd /Users/juju/dev_repos/books-v3
    builtin-copy -exclude .DS_Store -exclude CVS -exclude .svn -exclude .git -exclude .hg -resolve-src-symlinks -rename /Users/juju/Library/Developer/Xcode/DerivedData/BooksTracker-hddtlywllmxtttafxzxcekilxubt/Build/Intermediates.noindex/BooksTracker.build/Debug-iphonesimulator/BooksTracker.build/Objects-normal/arm64/BooksTracker.swiftdoc /Users/juju/Library/Developer/Xcode/DerivedData/BooksTracker-hddtlywllmxtttafxzxcekilxubt/Build/Products/Debug-iphonesimulator/BooksTracker.swiftmodule/arm64-apple-ios-simulator.swiftdoc

Copy /Users/juju/Library/Developer/Xcode/DerivedData/BooksTracker-hddtlywllmxtttafxzxcekilxubt/Build/Products/Debug-iphonesimulator/BooksTracker.swiftmodule/arm64-apple-ios-simulator.abi.json /Users/juju/Library/Developer/Xcode/DerivedData/BooksTracker-hddtlywllmxtttafxzxcekilxubt/Build/Intermediates.noindex/BooksTracker.build/Debug-iphonesimulator/BooksTracker.build/Objects-normal/arm64/BooksTracker.abi.json (in target 'BooksTracker' from project 'BooksTracker')
    cd /Users/juju/dev_repos/books-v3
    builtin-copy -exclude .DS_Store -exclude CVS -exclude .svn -exclude .git -exclude .hg -resolve-src-symlinks -rename /Users/juju/Library/Developer/Xcode/DerivedData/BooksTracker-hddtlywllmxtttafxzxcekilxubt/Build/Intermediates.noindex/BooksTracker.build/Debug-iphonesimulator/BooksTracker.build/Objects-normal/arm64/BooksTracker.abi.json /Users/juju/Library/Developer/Xcode/DerivedData/BooksTracker-hddtlywllmxtttafxzxcekilxubt/Build/Products/Debug-iphonesimulator/BooksTracker.swiftmodule/arm64-apple-ios-simulator.abi.json

Copy /Users/juju/Library/Developer/Xcode/DerivedData/BooksTracker-hddtlywllmxtttafxzxcekilxubt/Build/Products/Debug-iphonesimulator/BooksTracker.swiftmodule/Project/arm64-apple-ios-simulator.swiftsourceinfo /Users/juju/Library/Developer/Xcode/DerivedData/BooksTracker-hddtlywllmxtttafxzxcekilxubt/Build/Intermediates.noindex/BooksTracker.build/Debug-iphonesimulator/BooksTracker.build/Objects-normal/arm64/BooksTracker.swiftsourceinfo (in target 'BooksTracker' from project 'BooksTracker')
    cd /Users/juju/dev_repos/books-v3
    builtin-copy -exclude .DS_Store -exclude CVS -exclude .svn -exclude .git -exclude .hg -resolve-src-symlinks -rename /Users/juju/Library/Developer/Xcode/DerivedData/BooksTracker-hddtlywllmxtttafxzxcekilxubt/Build/Intermediates.noindex/BooksTracker.build/Debug-iphonesimulator/BooksTracker.build/Objects-normal/arm64/BooksTracker.swiftsourceinfo /Users/juju/Library/Developer/Xcode/DerivedData/BooksTracker-hddtlywllmxtttafxzxcekilxubt/Build/Products/Debug-iphonesimulator/BooksTracker.swiftmodule/Project/arm64-apple-ios-simulator.swiftsourceinfo

SwiftDriverJobDiscovery normal arm64 Compiling GeneratedAssetSymbols.swift (in target 'BooksTracker' from project 'BooksTracker')

SwiftDriverJobDiscovery normal arm64 Compiling BooksTrackerApp.swift (in target 'BooksTracker' from project 'BooksTracker')

SwiftDriver\ Compilation BooksTracker normal arm64 com.apple.xcode.tools.swift.compiler (in target 'BooksTracker' from project 'BooksTracker')
    cd /Users/juju/dev_repos/books-v3
    builtin-Swift-Compilation -- /Applications/Xcode-beta.app/Contents/Developer/Toolchains/XcodeDefault.xctoolchain/usr/bin/swiftc -module-name BooksTracker -Onone -enforce-exclusivity\=checked @/Users/juju/Library/Developer/Xcode/DerivedData/BooksTracker-hddtlywllmxtttafxzxcekilxubt/Build/Intermediates.noindex/BooksTracker.build/Debug-iphonesimulator/BooksTracker.build/Objects-normal/arm64/BooksTracker.SwiftFileList -DDEBUG -enable-experimental-feature DebugDescriptionMacro -sdk /Applications/Xcode-beta.app/Contents/Developer/Platforms/iPhoneSimulator.platform/Developer/SDKs/iPhoneSimulator26.2.sdk -target arm64-apple-ios26.0-simulator -g -module-cache-path /Users/juju/Library/Developer/Xcode/DerivedData/ModuleCache.noindex -Xfrontend -serialize-debugging-options -profile-coverage-mapping -profile-generate -index-store-path /Users/juju/Library/Developer/Xcode/DerivedData/BooksTracker-hddtlywllmxtttafxzxcekilxubt/Index.noindex/DataStore -Xcc -D_LIBCPP_HARDENING_MODE\=_LIBCPP_HARDENING_MODE_DEBUG -swift-version 6 -I /Users/juju/Library/Developer/Xcode/DerivedData/BooksTracker-hddtlywllmxtttafxzxcekilxubt/Build/Products/Debug-iphonesimulator -F /Users/juju/Library/Developer/Xcode/DerivedData/BooksTracker-hddtlywllmxtttafxzxcekilxubt/Build/Products/Debug-iphonesimulator/PackageFrameworks -F /Users/juju/Library/Developer/Xcode/DerivedData/BooksTracker-hddtlywllmxtttafxzxcekilxubt/Build/Products/Debug-iphonesimulator -emit-localized-strings -emit-localized-strings-path /Users/juju/Library/Developer/Xcode/DerivedData/BooksTracker-hddtlywllmxtttafxzxcekilxubt/Build/Intermediates.noindex/BooksTracker.build/Debug-iphonesimulator/BooksTracker.build/Objects-normal/arm64 -c -j10 -enable-batch-mode -incremental -Xcc -ivfsstatcache -Xcc /Users/juju/Library/Developer/Xcode/DerivedData/SDKStatCaches.noindex/iphonesimulator26.2-23C5044a-c6bb09c85eeb1a59968f08cee6a58242.sdkstatcache -output-file-map /Users/juju/Library/Developer/Xcode/DerivedData/BooksTracker-hddtlywllmxtttafxzxcekilxubt/Build/Intermediates.noindex/BooksTracker.build/Debug-iphonesimulator/BooksTracker.build/Objects-normal/arm64/BooksTracker-OutputFileMap.json -use-frontend-parseable-output -save-temps -no-color-diagnostics -explicit-module-build -module-cache-path /Users/juju/Library/Developer/Xcode/DerivedData/BooksTracker-hddtlywllmxtttafxzxcekilxubt/Build/Intermediates.noindex/SwiftExplicitPrecompiledModules -clang-scanner-module-cache-path /Users/juju/Library/Developer/Xcode/DerivedData/ModuleCache.noindex -sdk-module-cache-path /Users/juju/Library/Developer/Xcode/DerivedData/ModuleCache.noindex -serialize-diagnostics -emit-dependencies -emit-module -emit-module-path /Users/juju/Library/Developer/Xcode/DerivedData/BooksTracker-hddtlywllmxtttafxzxcekilxubt/Build/Intermediates.noindex/BooksTracker.build/Debug-iphonesimulator/BooksTracker.build/Objects-normal/arm64/BooksTracker.swiftmodule -validate-clang-modules-once -clang-build-session-file /Users/juju/Library/Developer/Xcode/DerivedData/ModuleCache.noindex/Session.modulevalidation -Xcc -I/Users/juju/Library/Developer/Xcode/DerivedData/BooksTracker-hddtlywllmxtttafxzxcekilxubt/Build/Intermediates.noindex/BooksTracker.build/Debug-iphonesimulator/BooksTracker.build/swift-overrides.hmap -emit-const-values -Xfrontend -const-gather-protocols-file -Xfrontend /Users/juju/Library/Developer/Xcode/DerivedData/BooksTracker-hddtlywllmxtttafxzxcekilxubt/Build/Intermediates.noindex/BooksTracker.build/Debug-iphonesimulator/BooksTracker.build/Objects-normal/arm64/BooksTracker_const_extract_protocols.json -Xcc -iquote -Xcc /Users/juju/Library/Developer/Xcode/DerivedData/BooksTracker-hddtlywllmxtttafxzxcekilxubt/Build/Intermediates.noindex/BooksTracker.build/Debug-iphonesimulator/BooksTracker.build/BooksTracker-generated-files.hmap -Xcc -I/Users/juju/Library/Developer/Xcode/DerivedData/BooksTracker-hddtlywllmxtttafxzxcekilxubt/Build/Intermediates.noindex/BooksTracker.build/Debug-iphonesimulator/BooksTracker.build/BooksTracker-own-target-headers.hmap -Xcc -I/Users/juju/Library/Developer/Xcode/DerivedData/BooksTracker-hddtlywllmxtttafxzxcekilxubt/Build/Intermediates.noindex/BooksTracker.build/Debug-iphonesimulator/BooksTracker.build/BooksTracker-all-non-framework-target-headers.hmap -Xcc -ivfsoverlay -Xcc /Users/juju/Library/Developer/Xcode/DerivedData/BooksTracker-hddtlywllmxtttafxzxcekilxubt/Build/Intermediates.noindex/BooksTracker.build/Debug-iphonesimulator/BooksTracker-12e420f7efb496521556679497584161-VFS-iphonesimulator/all-product-headers.yaml -Xcc -iquote -Xcc /Users/juju/Library/Developer/Xcode/DerivedData/BooksTracker-hddtlywllmxtttafxzxcekilxubt/Build/Intermediates.noindex/BooksTracker.build/Debug-iphonesimulator/BooksTracker.build/BooksTracker-project-headers.hmap -Xcc -I/Users/juju/Library/Developer/Xcode/DerivedData/BooksTracker-hddtlywllmxtttafxzxcekilxubt/Build/Products/Debug-iphonesimulator/include -Xcc -I/Users/juju/Library/Developer/Xcode/DerivedData/BooksTracker-hddtlywllmxtttafxzxcekilxubt/Build/Intermediates.noindex/BooksTracker.build/Debug-iphonesimulator/BooksTracker.build/DerivedSources-normal/arm64 -Xcc -I/Users/juju/Library/Developer/Xcode/DerivedData/BooksTracker-hddtlywllmxtttafxzxcekilxubt/Build/Intermediates.noindex/BooksTracker.build/Debug-iphonesimulator/BooksTracker.build/DerivedSources/arm64 -Xcc -I/Users/juju/Library/Developer/Xcode/DerivedData/BooksTracker-hddtlywllmxtttafxzxcekilxubt/Build/Intermediates.noindex/BooksTracker.build/Debug-iphonesimulator/BooksTracker.build/DerivedSources -emit-objc-header -emit-objc-header-path /Users/juju/Library/Developer/Xcode/DerivedData/BooksTracker-hddtlywllmxtttafxzxcekilxubt/Build/Intermediates.noindex/BooksTracker.build/Debug-iphonesimulator/BooksTracker.build/Objects-normal/arm64/BooksTracker-Swift.h -working-directory /Users/juju/dev_repos/books-v3 -experimental-emit-module-separately -disable-cmo

** BUILD FAILED **


The following build commands failed:
	SwiftCompile normal arm64 Compiling\ SearchView+Results.swift,\ SearchViewState.swift,\ APIConfig.swift,\ BackgroundTaskScheduler.swift,\ BookSearchAPIService.swift,\ BookSearchAPIServiceKey.swift,\ CacheHealthMetrics.swift,\ CapabilitiesService.swift,\ CascadeMetadataService.swift,\ CoverImageService.swift,\ CuratorPointsService.swift,\ CuratorPointsServiceEnvironmentKey.swift,\ DTOMapper.swift,\ DTOMapperEnvironmentKey.swift,\ DataMigrationService.swift,\ DiversityStatsService.swift,\ DuplicateDetectionService.swift,\ ImageCleanupService.swift,\ ImageCompressionService.swift /Users/juju/dev_repos/books-v3/BooksTrackerPackage/Sources/BooksTrackerFeature/SearchView/SearchView+Results.swift /Users/juju/dev_repos/books-v3/BooksTrackerPackage/Sources/BooksTrackerFeature/SearchViewState.swift /Users/juju/dev_repos/books-v3/BooksTrackerPackage/Sources/BooksTrackerFeature/Services/APIConfig.swift /Users/juju/dev_repos/books-v3/BooksTrackerPackage/Sources/BooksTrackerFeature/Services/BackgroundTaskScheduler.swift /Users/juju/dev_repos/books-v3/BooksTrackerPackage/Sources/BooksTrackerFeature/Services/BookSearchAPIService.swift /Users/juju/dev_repos/books-v3/BooksTrackerPackage/Sources/BooksTrackerFeature/Services/BookSearchAPIServiceKey.swift /Users/juju/dev_repos/books-v3/BooksTrackerPackage/Sources/BooksTrackerFeature/Services/CacheHealthMetrics.swift /Users/juju/dev_repos/books-v3/BooksTrackerPackage/Sources/BooksTrackerFeature/Services/CapabilitiesService.swift /Users/juju/dev_repos/books-v3/BooksTrackerPackage/Sources/BooksTrackerFeature/Services/CascadeMetadataService.swift /Users/juju/dev_repos/books-v3/BooksTrackerPackage/Sources/BooksTrackerFeature/Services/CoverImageService.swift /Users/juju/dev_repos/books-v3/BooksTrackerPackage/Sources/BooksTrackerFeature/Services/CuratorPointsService.swift /Users/juju/dev_repos/books-v3/BooksTrackerPackage/Sources/BooksTrackerFeature/Services/CuratorPointsServiceEnvironmentKey.swift /Users/juju/dev_repos/books-v3/BooksTrackerPackage/Sources/BooksTrackerFeature/Services/DTOMapper.swift /Users/juju/dev_repos/books-v3/BooksTrackerPackage/Sources/BooksTrackerFeature/Services/DTOMapperEnvironmentKey.swift /Users/juju/dev_repos/books-v3/BooksTrackerPackage/Sources/BooksTrackerFeature/Services/DataMigrationService.swift /Users/juju/dev_repos/books-v3/BooksTrackerPackage/Sources/BooksTrackerFeature/Services/DiversityStatsService.swift /Users/juju/dev_repos/books-v3/BooksTrackerPackage/Sources/BooksTrackerFeature/Services/DuplicateDetectionService.swift /Users/juju/dev_repos/books-v3/BooksTrackerPackage/Sources/BooksTrackerFeature/Services/ImageCleanupService.swift /Users/juju/dev_repos/books-v3/BooksTrackerPackage/Sources/BooksTrackerFeature/Services/ImageCompressionService.swift (in target 'BooksTrackerFeature' from project 'BooksTrackerFeature')
	SwiftCompile normal arm64 /Users/juju/dev_repos/books-v3/BooksTrackerPackage/Sources/BooksTrackerFeature/SearchView/SearchView+Results.swift (in target 'BooksTrackerFeature' from project 'BooksTrackerFeature')
	SwiftCompile normal arm64 /Users/juju/dev_repos/books-v3/BooksTrackerPackage/Sources/BooksTrackerFeature/SearchViewState.swift (in target 'BooksTrackerFeature' from project 'BooksTrackerFeature')
	SwiftCompile normal arm64 /Users/juju/dev_repos/books-v3/BooksTrackerPackage/Sources/BooksTrackerFeature/Services/APIConfig.swift (in target 'BooksTrackerFeature' from project 'BooksTrackerFeature')
	SwiftCompile normal arm64 /Users/juju/dev_repos/books-v3/BooksTrackerPackage/Sources/BooksTrackerFeature/Services/BackgroundTaskScheduler.swift (in target 'BooksTrackerFeature' from project 'BooksTrackerFeature')
	SwiftCompile normal arm64 /Users/juju/dev_repos/books-v3/BooksTrackerPackage/Sources/BooksTrackerFeature/Services/BookSearchAPIService.swift (in target 'BooksTrackerFeature' from project 'BooksTrackerFeature')
	SwiftCompile normal arm64 /Users/juju/dev_repos/books-v3/BooksTrackerPackage/Sources/BooksTrackerFeature/Services/BookSearchAPIServiceKey.swift (in target 'BooksTrackerFeature' from project 'BooksTrackerFeature')
	SwiftCompile normal arm64 /Users/juju/dev_repos/books-v3/BooksTrackerPackage/Sources/BooksTrackerFeature/Services/CacheHealthMetrics.swift (in target 'BooksTrackerFeature' from project 'BooksTrackerFeature')
	SwiftCompile normal arm64 /Users/juju/dev_repos/books-v3/BooksTrackerPackage/Sources/BooksTrackerFeature/Services/CapabilitiesService.swift (in target 'BooksTrackerFeature' from project 'BooksTrackerFeature')
	SwiftCompile normal arm64 /Users/juju/dev_repos/books-v3/BooksTrackerPackage/Sources/BooksTrackerFeature/Services/CascadeMetadataService.swift (in target 'BooksTrackerFeature' from project 'BooksTrackerFeature')
	SwiftCompile normal arm64 /Users/juju/dev_repos/books-v3/BooksTrackerPackage/Sources/BooksTrackerFeature/Services/CoverImageService.swift (in target 'BooksTrackerFeature' from project 'BooksTrackerFeature')
	SwiftCompile normal arm64 /Users/juju/dev_repos/books-v3/BooksTrackerPackage/Sources/BooksTrackerFeature/Services/CuratorPointsService.swift (in target 'BooksTrackerFeature' from project 'BooksTrackerFeature')
	SwiftCompile normal arm64 /Users/juju/dev_repos/books-v3/BooksTrackerPackage/Sources/BooksTrackerFeature/Services/CuratorPointsServiceEnvironmentKey.swift (in target 'BooksTrackerFeature' from project 'BooksTrackerFeature')
	SwiftCompile normal arm64 /Users/juju/dev_repos/books-v3/BooksTrackerPackage/Sources/BooksTrackerFeature/Services/DTOMapper.swift (in target 'BooksTrackerFeature' from project 'BooksTrackerFeature')
	SwiftCompile normal arm64 /Users/juju/dev_repos/books-v3/BooksTrackerPackage/Sources/BooksTrackerFeature/Services/DTOMapperEnvironmentKey.swift (in target 'BooksTrackerFeature' from project 'BooksTrackerFeature')
	SwiftCompile normal arm64 /Users/juju/dev_repos/books-v3/BooksTrackerPackage/Sources/BooksTrackerFeature/Services/DataMigrationService.swift (in target 'BooksTrackerFeature' from project 'BooksTrackerFeature')
	SwiftCompile normal arm64 /Users/juju/dev_repos/books-v3/BooksTrackerPackage/Sources/BooksTrackerFeature/Services/DiversityStatsService.swift (in target 'BooksTrackerFeature' from project 'BooksTrackerFeature')
	SwiftCompile normal arm64 /Users/juju/dev_repos/books-v3/BooksTrackerPackage/Sources/BooksTrackerFeature/Services/DuplicateDetectionService.swift (in target 'BooksTrackerFeature' from project 'BooksTrackerFeature')
	SwiftCompile normal arm64 /Users/juju/dev_repos/books-v3/BooksTrackerPackage/Sources/BooksTrackerFeature/Services/ImageCleanupService.swift (in target 'BooksTrackerFeature' from project 'BooksTrackerFeature')
	SwiftCompile normal arm64 /Users/juju/dev_repos/books-v3/BooksTrackerPackage/Sources/BooksTrackerFeature/Services/ImageCompressionService.swift (in target 'BooksTrackerFeature' from project 'BooksTrackerFeature')
	Building workspace BooksTracker with scheme BooksTracker
(21 failures)
